 dynamic_library

 Timestamp is 60e9cc7f (Sat Jul 10 18:36:15 2021)

 Preferred load address is 0000000180000000

 Start         Length     Name                   Class
 0001:00000000 0000ab60H .text$mn                CODE
 0001:0000ab60 00001040H .text$mn$00             CODE
 0001:0000bba0 0000127dH .text$x                 CODE
 0002:00000000 00000110H .CRT$XCA                DATA
 0002:00000110 00000110H .CRT$XCZ                DATA
 0002:00000220 00000110H .CRT$XIA                DATA
 0002:00000330 00000110H .CRT$XIZ                DATA
 0002:00000440 00000110H .CRT$XPA                DATA
 0002:00000550 00000110H .CRT$XPZ                DATA
 0002:00000660 00000110H .CRT$XTA                DATA
 0002:00000770 00000110H .CRT$XTZ                DATA
 0002:00000880 00002500H .rdata                  DATA
 0002:00002d80 00000110H .rdata$CastGuardVftablesA DATA
 0002:00002e90 00000110H .rdata$CastGuardVftablesC DATA
 0002:00002fa0 00000348H .rdata$r                DATA
 0002:000032e8 000001c0H .rdata$zzzdbg           DATA
 0002:000034a8 00000110H .rtc$IAA                DATA
 0002:000035b8 00000130H .rtc$IMZ                DATA
 0002:000036e8 00000110H .rtc$IZZ                DATA
 0002:000037f8 00000110H .rtc$TAA                DATA
 0002:00003908 00000130H .rtc$TMZ                DATA
 0002:00003a38 00000110H .rtc$TZZ                DATA
 0002:00003b48 00000f70H .xdata                  DATA
 0002:00004ab8 00000218H .xdata$x                DATA
 0002:00004cd0 00000366H .edata                  DATA
 0003:00000000 00000168H .data                   DATA
 0003:00000168 00000198H .data$r                 DATA
 0003:00000300 00000130H .data$rs                DATA
 0003:00000430 00000789H .bss                    DATA
 0004:00000000 00000ef4H .pdata                  DATA
 0005:00000000 00000500H .idata$5                DATA
 0005:00000500 00000064H .idata$2                DATA
 0005:00000564 00000014H .idata$3                DATA
 0005:00000578 00000500H .idata$4                DATA
 0005:00000a78 00000c48H .idata$6                DATA
 0006:00000000 00000151H .00cfg                  DATA
 0007:00000000 00000170H .rsrc$01                DATA
 0007:00000170 000002ccH .rsrc$02                DATA

  Address         Publics by Value              Rva+Base               Lib:Object

 0000:00000000       __AbsoluteZero             0000000000000000     <absolute>
 0000:00000000       __guard_fids_table         0000000000000000     <absolute>
 0000:00000000       __guard_check_icall_a64n_fptr 0000000000000000     <absolute>
 0000:00000000       __arm64x_extra_rfe_table_size 0000000000000000     <absolute>
 0000:00000000       __arm64x_extra_rfe_table   0000000000000000     <absolute>
 0000:00000000       __guard_eh_cont_count      0000000000000000     <absolute>
 0000:00000000       __guard_longjmp_count      0000000000000000     <absolute>
 0000:00000000       __x64_code_ranges_to_entry_points_count 0000000000000000     <absolute>
 0000:00000000       ___safe_se_handler_count   0000000000000000     <absolute>
 0000:00000000       __arm64x_redirection_metadata 0000000000000000     <absolute>
 0000:00000000       __hybrid_auxiliary_iat_copy 0000000000000000     <absolute>
 0000:00000000       __hybrid_code_map          0000000000000000     <absolute>
 0000:00000000       __hybrid_code_map_count    0000000000000000     <absolute>
 0000:00000000       __dynamic_value_reloc_table 0000000000000000     <absolute>
 0000:00000000       __hybrid_auxiliary_iat     0000000000000000     <absolute>
 0000:00000000       __volatile_metadata        0000000000000000     <absolute>
 0000:00000000       __x64_code_ranges_to_entry_points 0000000000000000     <absolute>
 0000:00000000       __guard_iat_count          0000000000000000     <absolute>
 0000:00000000       __guard_fids_count         0000000000000000     <absolute>
 0000:00000000       __arm64x_redirection_metadata_count 0000000000000000     <absolute>
 0000:00000000       __enclave_config           0000000000000000     <absolute>
 0000:00000000       __guard_eh_cont_table      0000000000000000     <absolute>
 0000:00000000       ___safe_se_handler_table   0000000000000000     <absolute>
 0000:00000000       __guard_longjmp_table      0000000000000000     <absolute>
 0000:00000000       __arm64x_native_entrypoint 0000000000000000     <absolute>
 0000:00000000       __guard_iat_table          0000000000000000     <absolute>
 0000:00000100       __guard_flags              0000000000000100     <absolute>
 0000:00000000       __ImageBase                0000000180000000     <linker-defined>
 0001:00000a80       DllMain                    0000000180001a80 f   dllmain.obj
 0001:00000ab0       ?calc_convex_hull@Cmathlibrary@@QEAAHXZ 0000000180001ab0 f   math_library.obj
 0001:00000bc0       ?nextToTop@Cmathlibrary@@AEAA?AUPoint@@AEAV?$stack@UPoint@@V?$deque@UPoint@@V?$allocator@UPoint@@@std@@@std@@@std@@@Z 0000000180001bc0 f   math_library.obj
 0001:00000c80       ?swap@Cmathlibrary@@AEAAXAEAUPoint@@0@Z 0000000180001c80 f   math_library.obj
 0001:00000cf0       ?convexHull@Cmathlibrary@@AEAAXQEAUPoint@@H@Z 0000000180001cf0 f   math_library.obj
 0001:00001120       ?distSq@@YAHUPoint@@0@Z    0000000180002120 f   math_library.obj
 0001:00001170       ?orientation@@YAHUPoint@@00@Z 0000000180002170 f   math_library.obj
 0001:00001200       ?compare@@YAHPEBX0@Z       0000000180002200 f   math_library.obj
 0001:000014c0       ??$?0$$V@?$_Compressed_pair@V?$allocator@UPoint@@@std@@V?$_Deque_val@U?$_Deque_simple_types@UPoint@@@std@@@2@$00@std@@QEAA@U_Zero_then_variadic_args_t@1@@Z 00000001800024c0 f i math_library.obj
 0001:00001500       ??$?0UPoint@@@?$allocator@PEAUPoint@@@std@@QEAA@AEBV?$allocator@UPoint@@@1@@Z 0000000180002500 f i math_library.obj
 0001:00001520       ??$?0UPoint@@@?$allocator@U_Container_proxy@std@@@std@@QEAA@AEBV?$allocator@UPoint@@@1@@Z 0000000180002520 f i math_library.obj
 0001:00001540       ??$?6U?$char_traits@D@std@@@std@@YAAEAV?$basic_ostream@DU?$char_traits@D@std@@@0@AEAV10@PEBD@Z 0000000180002540 f i math_library.obj
 0001:00001a60       ??$_Adl_verify_range@PEAPEAUPoint@@PEAPEAU1@@std@@YAXAEBQEAPEAUPoint@@0@Z 0000000180002a60 f i math_library.obj
 0001:00001aa0       ??$_Alloc_proxy@V?$allocator@U_Container_proxy@std@@@std@@@_Container_base12@std@@QEAAX$$QEAV?$allocator@U_Container_proxy@std@@@1@@Z 0000000180002aa0 f i math_library.obj
 0001:00001b20       ??$_Allocate@$0BA@U_Default_allocate_traits@std@@$0A@@std@@YAPEAX_K@Z 0000000180002b20 f i math_library.obj
 0001:00001b70       ??$_Allocate_manually_vector_aligned@U_Default_allocate_traits@std@@@std@@YAPEAX_K@Z 0000000180002b70 f i math_library.obj
 0001:00001cc0       ??$_Construct_in_place@PEAUPoint@@AEAPEAU1@@std@@YAXAEAPEAUPoint@@0@Z 0000000180002cc0 f i math_library.obj
 0001:00001d30       ??$_Construct_in_place@U_Container_proxy@std@@PEAU_Container_base12@2@@std@@YAXAEAU_Container_proxy@0@$$QEAPEAU_Container_base12@0@@Z 0000000180002d30 f i math_library.obj
 0001:00001da0       ??$_Copy_memmove@PEAPEAUPoint@@PEAPEAU1@@std@@YAPEAPEAUPoint@@PEAPEAU1@00@Z 0000000180002da0 f i math_library.obj
 0001:00001e70       ??$_Deallocate@$0BA@$0A@@std@@YAXPEAX_K@Z 0000000180002e70 f i math_library.obj
 0001:00001ec0       ??$_Deallocate_plain@V?$allocator@U_Container_proxy@std@@@std@@@std@@YAXAEAV?$allocator@U_Container_proxy@std@@@0@QEAU_Container_proxy@0@@Z 0000000180002ec0 f i math_library.obj
 0001:00001f00       ??$_Delete_plain_internal@V?$allocator@U_Container_proxy@std@@@std@@@std@@YAXAEAV?$allocator@U_Container_proxy@std@@@0@QEAU_Container_proxy@0@@Z 0000000180002f00 f i math_library.obj
 0001:00001f30       ??$_Destroy_in_place@PEAUPoint@@@std@@YAXAEAPEAUPoint@@@Z 0000000180002f30 f i math_library.obj
 0001:00001f40       ??$_Destroy_range@PEAPEAUPoint@@PEAPEAU1@@std@@YAXPEAPEAUPoint@@QEAPEAU1@@Z 0000000180002f40 f i math_library.obj
 0001:00001f50       ??$_Emplace_back@AEAPEAUPoint@@@?$_Uninitialized_backout@PEAPEAUPoint@@@std@@QEAAXAEAPEAUPoint@@@Z 0000000180002f50 f i math_library.obj
 0001:00001fb0       ??$_Emplace_back_internal@AEBUPoint@@@?$deque@UPoint@@V?$allocator@UPoint@@@std@@@std@@AEAAXAEBUPoint@@@Z 0000000180002fb0 f i math_library.obj
 0001:00002260       ??$_Get_size_of_n@$07@std@@YA_K_K@Z 0000000180003260 f i math_library.obj
 0001:000022c0       ??$_Get_size_of_n@$0BA@@std@@YA_K_K@Z 00000001800032c0 f i math_library.obj
 0001:00002310       ??$_Get_unwrapped@AEBQEAPEAUPoint@@@std@@YA?A_TAEBQEAPEAUPoint@@@Z 0000000180003310 f i math_library.obj
 0001:00002330       ??$_Get_unwrapped_n@AEAPEAPEAUPoint@@_J@std@@YA?A_TAEAPEAPEAUPoint@@_J@Z 0000000180003330 f i math_library.obj
 0001:00002350       ??$_Idl_distance@PEAPEAUPoint@@PEAPEAU1@@std@@YA?A_PAEBQEAPEAUPoint@@0@Z 0000000180003350 f i math_library.obj
 0001:00002380       ??$_Prev_iter@V?$_Deque_unchecked_iterator@V?$_Deque_val@U?$_Deque_simple_types@UPoint@@@std@@@std@@@std@@@std@@YA?AV?$_Deque_unchecked_iterator@V?$_Deque_val@U?$_Deque_simple_types@UPoint@@@std@@@std@@@0@V10@@Z 0000000180003380 f i math_library.obj
 0001:000023d0       ??$_Seek_wrapped@PEAPEAUPoint@@PEAPEAU1@@std@@YAXAEAPEAPEAUPoint@@$$QEAPEAPEAU1@@Z 00000001800033d0 f i math_library.obj
 0001:00002410       ??$_To_address@PEAPEAUPoint@@@std@@YA?A_PAEBQEAPEAUPoint@@@Z 0000000180003410 f i math_library.obj
 0001:00002430       ??$_Unfancy@UPoint@@@std@@YAPEAUPoint@@PEAU1@@Z 0000000180003430 f i math_library.obj
 0001:00002440       ??$_Unfancy@U_Container_proxy@std@@@std@@YAPEAU_Container_proxy@0@PEAU10@@Z 0000000180003440 f i math_library.obj
 0001:00002450       ??$_Uninitialized_copy_unchecked@PEAPEAUPoint@@PEAPEAU1@@std@@YAPEAPEAUPoint@@PEAPEAU1@QEAPEAU1@0@Z 0000000180003450 f i math_library.obj
 0001:00002540       ??$_Uninitialized_value_construct_n_unchecked1@PEAPEAUPoint@@_K@std@@YAPEAPEAUPoint@@PEAPEAU1@_K@Z 0000000180003540 f i math_library.obj
 0001:00002580       ??$_Verify_range@PEAUPoint@@@std@@YAXQEBQEAUPoint@@0@Z 0000000180003580 f i math_library.obj
 0001:00002640       ??$_Voidify_iter@PEAPEAUPoint@@@std@@YAPEAXPEAPEAUPoint@@@Z 0000000180003640 f i math_library.obj
 0001:00002650       ??$_Voidify_iter@PEAUPoint@@@std@@YAPEAXPEAUPoint@@@Z 0000000180003650 f i math_library.obj
 0001:00002660       ??$_Voidify_iter@PEAU_Container_proxy@std@@@std@@YAPEAXPEAU_Container_proxy@0@@Z 0000000180003660 f i math_library.obj
 0001:00002670       ??$_Zero_range@PEAPEAUPoint@@@std@@YAPEAPEAUPoint@@QEAPEAU1@0@Z 0000000180003670 f i math_library.obj
 0001:000026e0       ??$addressof@PEAUPoint@@@std@@YAPEAPEAUPoint@@AEAPEAU1@@Z 00000001800036e0 f i math_library.obj
 0001:000026f0       ??$addressof@U_Container_proxy@std@@@std@@YAPEAU_Container_proxy@0@AEAU10@@Z 00000001800036f0 f i math_library.obj
 0001:00002700       ??$addressof@V?$_Deque_val@U?$_Deque_simple_types@UPoint@@@std@@@std@@@std@@YAPEAV?$_Deque_val@U?$_Deque_simple_types@UPoint@@@std@@@0@AEAV10@@Z 0000000180003700 f i math_library.obj
 0001:00002710       ??$construct@UPoint@@AEBU1@@?$_Default_allocator_traits@V?$allocator@UPoint@@@std@@@std@@SAXAEAV?$allocator@UPoint@@@1@QEAUPoint@@AEBU3@@Z 0000000180003710 f i math_library.obj
 0001:00002770       ??$destroy@UPoint@@@?$_Default_allocator_traits@V?$allocator@UPoint@@@std@@@std@@SAXAEAV?$allocator@UPoint@@@1@QEAUPoint@@@Z 0000000180003770 f i math_library.obj
 0001:00002780       ??$endl@DU?$char_traits@D@std@@@std@@YAAEAV?$basic_ostream@DU?$char_traits@D@std@@@0@AEAV10@@Z 0000000180003780 f i math_library.obj
 0001:000027f0       ??$exchange@PEAU_Container_proxy@std@@$$T@std@@YAPEAU_Container_proxy@0@AEAPEAU10@$$QEA$$T@Z 00000001800037f0 f i math_library.obj
 0001:00002840       ??$forward@AEAPEAUPoint@@@std@@YAAEAPEAUPoint@@AEAPEAU1@@Z 0000000180003840 f i math_library.obj
 0001:00002850       ??$forward@AEBUPoint@@@std@@YAAEBUPoint@@AEBU1@@Z 0000000180003850 f i math_library.obj
 0001:00002860       ??$forward@PEAPEAUPoint@@@std@@YA$$QEAPEAPEAUPoint@@AEAPEAPEAU1@@Z 0000000180003860 f i math_library.obj
 0001:00002870       ??$forward@PEAU_Container_base12@std@@@std@@YA$$QEAPEAU_Container_base12@0@AEAPEAU10@@Z 0000000180003870 f i math_library.obj
 0001:00002880       ??$min@_K@std@@YAAEB_KAEB_K0@Z 0000000180003880 f i math_library.obj
 0001:000028e0       ??$uninitialized_copy@PEAPEAUPoint@@PEAPEAU1@@std@@YAPEAPEAUPoint@@QEAPEAU1@0PEAPEAU1@@Z 00000001800038e0 f i math_library.obj
 0001:000029f0       ??0?$_Deque_unchecked_const_iterator@V?$_Deque_val@U?$_Deque_simple_types@UPoint@@@std@@@std@@@std@@QEAA@_KPEBU_Container_base12@1@@Z 00000001800039f0 f i math_library.obj
 0001:00002a30       ??0?$_Deque_unchecked_iterator@V?$_Deque_val@U?$_Deque_simple_types@UPoint@@@std@@@std@@@std@@QEAA@_KPEBU_Container_base12@1@@Z 0000000180003a30 f i math_library.obj
 0001:00002a70       ??0?$_Deque_val@U?$_Deque_simple_types@UPoint@@@std@@@std@@QEAA@XZ 0000000180003a70 f i math_library.obj
 0001:00002ae0       ??0?$_Uninitialized_backout@PEAPEAUPoint@@@std@@QEAA@PEAPEAUPoint@@@Z 0000000180003ae0 f i math_library.obj
 0001:00002b20       ??0?$allocator@UPoint@@@std@@QEAA@XZ 0000000180003b20 f i math_library.obj
 0001:00002b30       ??0?$deque@UPoint@@V?$allocator@UPoint@@@std@@@std@@QEAA@XZ 0000000180003b30 f i math_library.obj
 0001:00002bb0       ??0?$stack@UPoint@@V?$deque@UPoint@@V?$allocator@UPoint@@@std@@@std@@@std@@QEAA@XZ 0000000180003bb0 f i math_library.obj
 0001:00002be0       ??0Cmathlibrary@@QEAA@XZ   0000000180003be0 f i math_library.obj
 0001:00002bf0       ??0_Container_base12@std@@QEAA@XZ 0000000180003bf0 f i math_library.obj
 0001:00002c10       ??0_Container_proxy@std@@QEAA@PEAU_Container_base12@1@@Z 0000000180003c10 f i math_library.obj
 0001:00002c50       ??0_Sentry_base@?$basic_ostream@DU?$char_traits@D@std@@@std@@QEAA@AEAV12@@Z 0000000180003c50 f i math_library.obj
 0001:00002ce0       ??0bad_alloc@std@@AEAA@QEBD@Z 0000000180003ce0 f i math_library.obj
 0001:00002d30       ??0bad_alloc@std@@QEAA@AEBV01@@Z 0000000180003d30 f i math_library.obj
 0001:00002d80       ??0bad_array_new_length@std@@QEAA@AEBV01@@Z 0000000180003d80 f i math_library.obj
 0001:00002dd0       ??0bad_array_new_length@std@@QEAA@XZ 0000000180003dd0 f i math_library.obj
 0001:00002e20       ??0exception@std@@QEAA@AEBV01@@Z 0000000180003e20 f i math_library.obj
 0001:00002e90       ??0exception@std@@QEAA@QEBDH@Z 0000000180003e90 f i math_library.obj
 0001:00002ef0       ??0sentry@?$basic_ostream@DU?$char_traits@D@std@@@std@@QEAA@AEAV12@@Z 0000000180003ef0 f i math_library.obj
 0001:00003000       ??1?$_Uninitialized_backout@PEAPEAUPoint@@@std@@QEAA@XZ 0000000180004000 f i math_library.obj
 0001:00003030       ??1?$deque@UPoint@@V?$allocator@UPoint@@@std@@@std@@QEAA@XZ 0000000180004030 f i math_library.obj
 0001:000030e0       ??1?$stack@UPoint@@V?$deque@UPoint@@V?$allocator@UPoint@@@std@@@std@@@std@@QEAA@XZ 00000001800040e0 f i math_library.obj
 0001:00003110       ??1_Sentry_base@?$basic_ostream@DU?$char_traits@D@std@@@std@@QEAA@XZ 0000000180004110 f i math_library.obj
 0001:00003190       ??1bad_alloc@std@@UEAA@XZ  0000000180004190 f i math_library.obj
 0001:000031b0       ??1bad_array_new_length@std@@UEAA@XZ 00000001800041b0 f i math_library.obj
 0001:000031d0       ??1exception@std@@UEAA@XZ  00000001800041d0 f i math_library.obj
 0001:00003210       ??1sentry@?$basic_ostream@DU?$char_traits@D@std@@@std@@QEAA@XZ 0000000180004210 f i math_library.obj
 0001:00003280       ??2@YAPEAX_KPEAX@Z         0000000180004280 f i math_library.obj
 0001:000032a0       ??4Cmathlibrary@@QEAAAEAV0@$$QEAV0@@Z 00000001800042a0 f i math_library.obj
 0001:000032c0       ??4Cmathlibrary@@QEAAAEAV0@AEBV0@@Z 00000001800042c0 f i math_library.obj
 0001:000032e0       ??Bsentry@?$basic_ostream@DU?$char_traits@D@std@@@std@@QEBA_NXZ 00000001800042e0 f i math_library.obj
 0001:00003300       ??D?$_Deque_unchecked_const_iterator@V?$_Deque_val@U?$_Deque_simple_types@UPoint@@@std@@@std@@@std@@QEBAAEBUPoint@@XZ 0000000180004300 f i math_library.obj
 0001:00003380       ??D?$_Deque_unchecked_iterator@V?$_Deque_val@U?$_Deque_simple_types@UPoint@@@std@@@std@@@std@@QEBAAEAUPoint@@XZ 0000000180004380 f i math_library.obj
 0001:000033a0       ??F?$_Deque_unchecked_const_iterator@V?$_Deque_val@U?$_Deque_simple_types@UPoint@@@std@@@std@@@std@@QEAAAEAV01@XZ 00000001800043a0 f i math_library.obj
 0001:000033d0       ??F?$_Deque_unchecked_iterator@V?$_Deque_val@U?$_Deque_simple_types@UPoint@@@std@@@std@@@std@@QEAAAEAV01@XZ 00000001800043d0 f i math_library.obj
 0001:00003400       ??_Gbad_alloc@std@@UEAAPEAXI@Z 0000000180004400 f i math_library.obj
 0001:00003400       ??_Ebad_alloc@std@@UEAAPEAXI@Z 0000000180004400 f i math_library.obj
 0001:00003450       ??_Gbad_array_new_length@std@@UEAAPEAXI@Z 0000000180004450 f i math_library.obj
 0001:00003450       ??_Ebad_array_new_length@std@@UEAAPEAXI@Z 0000000180004450 f i math_library.obj
 0001:000034a0       ??_Gexception@std@@UEAAPEAXI@Z 00000001800044a0 f i math_library.obj
 0001:000034a0       ??_Eexception@std@@UEAAPEAXI@Z 00000001800044a0 f i math_library.obj
 0001:000034f0       ?_Adjust_manually_vector_aligned@std@@YAXAEAPEAXAEA_K@Z 00000001800044f0 f i math_library.obj
 0001:000036f0       ?_Allocate@_Default_allocate_traits@std@@SAPEAX_K@Z 00000001800046f0 f i math_library.obj
 0001:00003710       ?_Get_data@?$deque@UPoint@@V?$allocator@UPoint@@@std@@@std@@AEAAAEAV?$_Deque_val@U?$_Deque_simple_types@UPoint@@@std@@@2@XZ 0000000180004710 f i math_library.obj
 0001:00003720       ?_Get_data@?$deque@UPoint@@V?$allocator@UPoint@@@std@@@std@@AEBAAEBV?$_Deque_val@U?$_Deque_simple_types@UPoint@@@std@@@2@XZ 0000000180004720 f i math_library.obj
 0001:00003730       ?_Get_first@?$_Compressed_pair@V?$allocator@UPoint@@@std@@V?$_Deque_val@U?$_Deque_simple_types@UPoint@@@std@@@2@$00@std@@QEAAAEAV?$allocator@UPoint@@@2@XZ 0000000180004730 f i math_library.obj
 0001:00003740       ?_Get_first@?$_Compressed_pair@V?$allocator@UPoint@@@std@@V?$_Deque_val@U?$_Deque_simple_types@UPoint@@@std@@@2@$00@std@@QEBAAEBV?$allocator@UPoint@@@2@XZ 0000000180004740 f i math_library.obj
 0001:00003750       ?_Getal@?$deque@UPoint@@V?$allocator@UPoint@@@std@@@std@@AEAAAEAV?$allocator@UPoint@@@2@XZ 0000000180004750 f i math_library.obj
 0001:00003780       ?_Getal@?$deque@UPoint@@V?$allocator@UPoint@@@std@@@std@@AEBAAEBV?$allocator@UPoint@@@2@XZ 0000000180004780 f i math_library.obj
 0001:000037b0       ?_Getblock@?$_Deque_val@U?$_Deque_simple_types@UPoint@@@std@@@std@@QEBA_K_K@Z 00000001800047b0 f i math_library.obj
 0001:000037f0       ?_Getblock@?$deque@UPoint@@V?$allocator@UPoint@@@std@@@std@@AEBA_K_K@Z 00000001800047f0 f i math_library.obj
 0001:00003830       ?_Growmap@?$deque@UPoint@@V?$allocator@UPoint@@@std@@@std@@AEAAX_K@Z 0000000180004830 f i math_library.obj
 0001:00003d60       ?_Map@?$deque@UPoint@@V?$allocator@UPoint@@@std@@@std@@AEAAAEAPEAPEAUPoint@@XZ 0000000180004d60 f i math_library.obj
 0001:00003d90       ?_Mapsize@?$deque@UPoint@@V?$allocator@UPoint@@@std@@@std@@AEAAAEA_KXZ 0000000180004d90 f i math_library.obj
 0001:00003dc0       ?_Myoff@?$deque@UPoint@@V?$allocator@UPoint@@@std@@@std@@AEAAAEA_KXZ 0000000180004dc0 f i math_library.obj
 0001:00003df0       ?_Myoff@?$deque@UPoint@@V?$allocator@UPoint@@@std@@@std@@AEBAAEB_KXZ 0000000180004df0 f i math_library.obj
 0001:00003e20       ?_Mysize@?$deque@UPoint@@V?$allocator@UPoint@@@std@@@std@@AEAAAEA_KXZ 0000000180004e20 f i math_library.obj
 0001:00003e50       ?_Mysize@?$deque@UPoint@@V?$allocator@UPoint@@@std@@@std@@AEBAAEB_KXZ 0000000180004e50 f i math_library.obj
 0001:00003e80       ?_Orphan_all@?$deque@UPoint@@V?$allocator@UPoint@@@std@@@std@@AEAAXXZ 0000000180004e80 f i math_library.obj
 0001:00003eb0       ?_Orphan_all@_Container_base12@std@@QEAAXXZ 0000000180004eb0 f i math_library.obj
 0001:00003ee0       ?_Orphan_all_locked@_Container_base12@std@@AEAAXXZ 0000000180004ee0 f i math_library.obj
 0001:00003f50       ?_Orphan_all_unlocked@_Container_base12@std@@AEAAXXZ 0000000180004f50 f i math_library.obj
 0001:00003fd0       ?_Orphan_off@?$deque@UPoint@@V?$allocator@UPoint@@@std@@@std@@AEBAX_K@Z 0000000180004fd0 f i math_library.obj
 0001:00004190       ?_Release@?$_Uninitialized_backout@PEAPEAUPoint@@@std@@QEAAPEAPEAUPoint@@XZ 0000000180005190 f i math_library.obj
 0001:000041c0       ?_Throw_bad_array_new_length@std@@YAXXZ 00000001800051c0 f i math_library.obj
 0001:000041f0       ?_Tidy@?$deque@UPoint@@V?$allocator@UPoint@@@std@@@std@@AEAAXXZ 00000001800051f0 f i math_library.obj
 0001:000043c0       ?_Unchecked_end@?$deque@UPoint@@V?$allocator@UPoint@@@std@@@std@@QEAA?AV?$_Deque_unchecked_iterator@V?$_Deque_val@U?$_Deque_simple_types@UPoint@@@std@@@std@@@2@XZ 00000001800053c0 f i math_library.obj
 0001:00004450       ?_Xlen@?$deque@UPoint@@V?$allocator@UPoint@@@std@@@std@@AEBAXXZ 0000000180005450 f i math_library.obj
 0001:00004480       ?__empty_global_delete@@YAXPEAX@Z 0000000180005480 f i math_library.obj
 0001:00004490       ?__empty_global_delete@@YAXPEAX_K@Z 0000000180005490 f i math_library.obj
 0001:000044a0       ?allocate@?$allocator@PEAUPoint@@@std@@QEAAPEAPEAUPoint@@_K@Z 00000001800054a0 f i math_library.obj
 0001:000044d0       ?allocate@?$allocator@UPoint@@@std@@QEAAPEAUPoint@@_K@Z 00000001800054d0 f i math_library.obj
 0001:00004500       ?allocate@?$allocator@U_Container_proxy@std@@@std@@QEAAPEAU_Container_proxy@2@_K@Z 0000000180005500 f i math_library.obj
 0001:00004530       ?back@?$deque@UPoint@@V?$allocator@UPoint@@@std@@@std@@QEAAAEAUPoint@@XZ 0000000180005530 f i math_library.obj
 0001:00004640       ?deallocate@?$_Default_allocator_traits@V?$allocator@U_Container_proxy@std@@@std@@@std@@SAXAEAV?$allocator@U_Container_proxy@std@@@2@QEAU_Container_proxy@2@_K@Z 0000000180005640 f i math_library.obj
 0001:00004680       ?deallocate@?$allocator@PEAUPoint@@@std@@QEAAXQEAPEAUPoint@@_K@Z 0000000180005680 f i math_library.obj
 0001:000046c0       ?deallocate@?$allocator@UPoint@@@std@@QEAAXQEAUPoint@@_K@Z 00000001800056c0 f i math_library.obj
 0001:00004700       ?empty@?$deque@UPoint@@V?$allocator@UPoint@@@std@@@std@@QEBA_NXZ 0000000180005700 f i math_library.obj
 0001:00004750       ?empty@?$stack@UPoint@@V?$deque@UPoint@@V?$allocator@UPoint@@@std@@@std@@@std@@QEBA_NXZ 0000000180005750 f i math_library.obj
 0001:00004780       ?eof@?$_Narrow_char_traits@DH@std@@SAHXZ 0000000180005780 f i math_library.obj
 0001:00004790       ?eq_int_type@?$_Narrow_char_traits@DH@std@@SA_NAEBH0@Z 0000000180005790 f i math_library.obj
 0001:000047e0       ?length@?$_Narrow_char_traits@DH@std@@SA_KQEBD@Z 00000001800057e0 f i math_library.obj
 0001:00004800       ?max@?$numeric_limits@_J@std@@SA_JXZ 0000000180005800 f i math_library.obj
 0001:00004820       ?max_size@?$_Default_allocator_traits@V?$allocator@UPoint@@@std@@@std@@SA_KAEBV?$allocator@UPoint@@@2@@Z 0000000180005820 f i math_library.obj
 0001:00004840       ?max_size@?$deque@UPoint@@V?$allocator@UPoint@@@std@@@std@@QEBA_KXZ 0000000180005840 f i math_library.obj
 0001:000048a0       ?pop@?$stack@UPoint@@V?$deque@UPoint@@V?$allocator@UPoint@@@std@@@std@@@std@@QEAAXXZ 00000001800058a0 f i math_library.obj
 0001:000048d0       ?pop_back@?$deque@UPoint@@V?$allocator@UPoint@@@std@@@std@@QEAAXXZ 00000001800058d0 f i math_library.obj
 0001:00004ab0       ?push@?$stack@UPoint@@V?$deque@UPoint@@V?$allocator@UPoint@@@std@@@std@@@std@@QEAAXAEBUPoint@@@Z 0000000180005ab0 f i math_library.obj
 0001:00004ae0       ?push_back@?$deque@UPoint@@V?$allocator@UPoint@@@std@@@std@@QEAAXAEBUPoint@@@Z 0000000180005ae0 f i math_library.obj
 0001:00004b20       ?size@?$deque@UPoint@@V?$allocator@UPoint@@@std@@@std@@QEBA_KXZ 0000000180005b20 f i math_library.obj
 0001:00004b50       ?size@?$stack@UPoint@@V?$deque@UPoint@@V?$allocator@UPoint@@@std@@@std@@@std@@QEBA_KXZ 0000000180005b50 f i math_library.obj
 0001:00004b80       ?top@?$stack@UPoint@@V?$deque@UPoint@@V?$allocator@UPoint@@@std@@@std@@@std@@QEAAAEAUPoint@@XZ 0000000180005b80 f i math_library.obj
 0001:00004bb0       ?what@exception@std@@UEBAPEBDXZ 0000000180005bb0 f i math_library.obj
 0001:00004c00       ?calc_mininum_spaning@@YAXXZ 0000000180005c00 f   spanning_tree.obj
 0001:00004d40       ?minKey@@YAHQEAHQEA_N@Z    0000000180005d40 f   spanning_tree.obj
 0001:00004e20       ?printMST@@YAXQEAHQEAY04H@Z 0000000180005e20 f   spanning_tree.obj
 0001:00004f10       ?primMST@@YAXQEAY04H@Z     0000000180005f10 f   spanning_tree.obj
 0001:000052b0       __local_stdio_printf_options 00000001800062b0 f i spanning_tree.obj
 0001:000052c0       _vfprintf_l                00000001800062c0 f i spanning_tree.obj
 0001:00005320       printf                     0000000180006320 f i spanning_tree.obj
 0001:000053d0       _CRT_RTC_INIT              00000001800063d0 f   MSVCRTD:init.obj
 0001:000053e0       _CRT_RTC_INITW             00000001800063e0 f   MSVCRTD:init.obj
 0001:000053f0       _RTC_InitBase              00000001800063f0 f   MSVCRTD:init.obj
 0001:00005440       _RTC_Shutdown              0000000180006440 f   MSVCRTD:init.obj
 0001:00005470       ??2@YAPEAX_K@Z             0000000180006470 f   MSVCRTD:new_scalar.obj
 0001:000054e0       ??3@YAXPEAX_K@Z            00000001800064e0 f   MSVCRTD:delete_scalar_size.obj
 0001:00005510       _RTC_AllocaHelper          0000000180006510 f   MSVCRTD:stack.obj
 0001:00005560       _RTC_CheckStackVars        0000000180006560 f   MSVCRTD:stack.obj
 0001:00005610       _RTC_CheckStackVars2       0000000180006610 f   MSVCRTD:stack.obj
 0001:00005760       __GSHandlerCheck           0000000180006760 f   MSVCRTD:gshandler.obj
 0001:000057b0       __GSHandlerCheckCommon     00000001800067b0 f   MSVCRTD:gshandler.obj
 0001:00005900       __security_check_cookie    0000000180006900 f   MSVCRTD:amdsecgs.obj
 0001:00005930       ??1type_info@@UEAA@XZ      0000000180006930 f   MSVCRTD:std_type_info_static.obj
 0001:00005950       ??_Gtype_info@@UEAAPEAXI@Z 0000000180006950 f i MSVCRTD:std_type_info_static.obj
 0001:00005950       ??_Etype_info@@UEAAPEAXI@Z 0000000180006950 f i MSVCRTD:std_type_info_static.obj
 0001:000059a0       __raise_securityfailure    00000001800069a0 f   MSVCRTD:gs_report.obj
 0001:000059f0       __report_gsfailure         00000001800069f0 f   MSVCRTD:gs_report.obj
 0001:00005b00       __report_rangecheckfailure 0000000180006b00 f   MSVCRTD:gs_report.obj
 0001:00005b20       __report_securityfailure   0000000180006b20 f   MSVCRTD:gs_report.obj
 0001:00005bf0       __report_securityfailureEx 0000000180006bf0 f   MSVCRTD:gs_report.obj
 0001:00005fa0       ?_RTC_AllocaFailure@@YAXPEAXPEAU_RTC_ALLOCA_NODE@@H@Z 0000000180006fa0 f   MSVCRTD:error.obj
 0001:00006150       ?_RTC_Failure@@YAXPEAXH@Z  0000000180007150 f   MSVCRTD:error.obj
 0001:000061c0       ?_RTC_StackFailure@@YAXPEAXPEBD@Z 00000001800071c0 f   MSVCRTD:error.obj
 0001:00006700       _RTC_UninitUse             0000000180007700 f   MSVCRTD:error.obj
 0001:00006800       _vsprintf_s_l              0000000180007800 f i MSVCRTD:error.obj
 0001:00006880       sprintf_s                  0000000180007880 f i MSVCRTD:error.obj
 0001:00006db0       _CRT_INIT                  0000000180007db0 f   MSVCRTD:dll_dllmain.obj
 0001:00006df0       _DllMainCRTStartup         0000000180007df0 f   MSVCRTD:dll_dllmain.obj
 0001:00006e40       ?_RTC_GetErrorFunc@@YAP6AHHPEBDH00ZZPEBX@Z 0000000180007e40 f   MSVCRTD:userapi.obj
 0001:00006e50       ?_RTC_GetErrorFuncW@@YAP6AHHPEB_WH00ZZPEBX@Z 0000000180007e50 f   MSVCRTD:userapi.obj
 0001:00006e60       _RTC_GetErrDesc            0000000180007e60 f   MSVCRTD:userapi.obj
 0001:00006e80       _RTC_NumErrors             0000000180007e80 f   MSVCRTD:userapi.obj
 0001:00006e90       _RTC_SetErrorFunc          0000000180007e90 f   MSVCRTD:userapi.obj
 0001:00006eb0       _RTC_SetErrorFuncW         0000000180007eb0 f   MSVCRTD:userapi.obj
 0001:00006ed0       _RTC_SetErrorType          0000000180007ed0 f   MSVCRTD:userapi.obj
 0001:00006f00       ??0bad_alloc@std@@QEAA@XZ  0000000180007f00 f i MSVCRTD:throw_bad_alloc.obj
 0001:00006f50       ?__scrt_throw_std_bad_alloc@@YAXXZ 0000000180007f50 f   MSVCRTD:throw_bad_alloc.obj
 0001:00006f80       ?__scrt_throw_std_bad_array_new_length@@YAXXZ 0000000180007f80 f   MSVCRTD:throw_bad_alloc.obj
 0001:00006fb0       ??3@YAXPEAX@Z              0000000180007fb0 f   MSVCRTD:delete_scalar.obj
 0001:00007630       ?_RTC_GetSrcLine@@YAHPEAEPEA_WKPEAH1K@Z 0000000180008630 f   MSVCRTD:pdblkup.obj
 0001:00007af0       _guard_check_icall_nop     0000000180008af0 f i MSVCRTD:guard_support.obj
 0001:00007b00       ReadNoFence64              0000000180008b00 f i MSVCRTD:guard_support.obj
 0001:00007b30       ReadPointerNoFence         0000000180008b30 f i MSVCRTD:guard_support.obj
 0001:00007b50       __castguard_check_failure_debugbreak 0000000180008b50 f i MSVCRTD:guard_support.obj
 0001:00007b80       __castguard_check_failure_fastfail 0000000180008b80 f i MSVCRTD:guard_support.obj
 0001:00007bb0       __castguard_check_failure_nop 0000000180008bb0 f i MSVCRTD:guard_support.obj
 0001:00007bc0       __castguard_check_failure_os_handled 0000000180008bc0 f i MSVCRTD:guard_support.obj
 0001:00007cb0       __castguard_slow_path_check_debugbreak 0000000180008cb0 f i MSVCRTD:guard_support.obj
 0001:00007d00       __castguard_slow_path_check_fastfail 0000000180008d00 f i MSVCRTD:guard_support.obj
 0001:00007d60       __castguard_slow_path_check_nop 0000000180008d60 f i MSVCRTD:guard_support.obj
 0001:00007d80       __castguard_slow_path_check_os_handled 0000000180008d80 f i MSVCRTD:guard_support.obj
 0001:00007e90       _guard_icall_checks_enforced 0000000180008e90 f i MSVCRTD:guard_support.obj
 0001:00007ee0       _guard_rf_checks_enforced  0000000180008ee0 f i MSVCRTD:guard_support.obj
 0001:00007fe0       __security_init_cookie     0000000180008fe0 f   MSVCRTD:gs_support.obj
 0001:00008080       ?__scrt_initialize_type_info@@YAXXZ 0000000180009080 f   MSVCRTD:tncleanup.obj
 0001:000080a0       ?__scrt_uninitialize_type_info@@YAXXZ 00000001800090a0 f   MSVCRTD:tncleanup.obj
 0001:000080c0       __local_stdio_scanf_options 00000001800090c0 f i MSVCRTD:default_local_stdio_options.obj
 0001:000080d0       __scrt_initialize_default_local_stdio_options 00000001800090d0 f   MSVCRTD:default_local_stdio_options.obj
 0001:00008130       ?configure_argv@__scrt_narrow_argv_policy@@SAHXZ 0000000180009130 f i MSVCRTD:utility.obj
 0001:00008250       ?initialize_environment@__scrt_narrow_environment_policy@@SAHXZ 0000000180009250 f i MSVCRTD:utility.obj
 0001:00008320       NtCurrentTeb               0000000180009320 f i MSVCRTD:utility.obj
 0001:00008330       __scrt_acquire_startup_lock 0000000180009330 f   MSVCRTD:utility.obj
 0001:000083b0       __scrt_dllmain_after_initialize_c 00000001800093b0 f   MSVCRTD:utility.obj
 0001:000083f0       __scrt_dllmain_before_initialize_c 00000001800093f0 f   MSVCRTD:utility.obj
 0001:00008420       __scrt_dllmain_crt_thread_attach 0000000180009420 f   MSVCRTD:utility.obj
 0001:00008460       __scrt_dllmain_crt_thread_detach 0000000180009460 f   MSVCRTD:utility.obj
 0001:00008480       __scrt_dllmain_exception_filter 0000000180009480 f   MSVCRTD:utility.obj
 0001:00008500       __scrt_dllmain_uninitialize_c 0000000180009500 f   MSVCRTD:utility.obj
 0001:00008540       __scrt_dllmain_uninitialize_critical 0000000180009540 f   MSVCRTD:utility.obj
 0001:00008560       __scrt_initialize_crt      0000000180009560 f   MSVCRTD:utility.obj
 0001:000085c0       __scrt_initialize_onexit_tables 00000001800095c0 f   MSVCRTD:utility.obj
 0001:00008710       __scrt_is_nonwritable_in_current_image 0000000180009710 f   MSVCRTD:utility.obj
 0001:000087c0       __scrt_release_startup_lock 00000001800097c0 f   MSVCRTD:utility.obj
 0001:00008800       __scrt_uninitialize_crt    0000000180009800 f   MSVCRTD:utility.obj
 0001:00008850       _onexit                    0000000180009850 f   MSVCRTD:utility.obj
 0001:000088f0       at_quick_exit              00000001800098f0 f   MSVCRTD:utility.obj
 0001:00008950       atexit                     0000000180009950 f   MSVCRTD:utility.obj
 0001:00008990       __scrt_get_dyn_tls_init_callback 0000000180009990 f   MSVCRTD:dyn_tls_init.obj
 0001:000089a0       __crt_debugger_hook        00000001800099a0 f   MSVCRTD:utility_desktop.obj
 0001:000089c0       __scrt_fastfail            00000001800099c0 f   MSVCRTD:utility_desktop.obj
 0001:00008bc0       __scrt_get_show_window_mode 0000000180009bc0 f   MSVCRTD:utility_desktop.obj
 0001:00008c30       __scrt_initialize_mta      0000000180009c30 f   MSVCRTD:utility_desktop.obj
 0001:00008c50       __scrt_initialize_winrt    0000000180009c50 f   MSVCRTD:utility_desktop.obj
 0001:00008c60       __scrt_is_managed_app      0000000180009c60 f   MSVCRTD:utility_desktop.obj
 0001:00008d30       __scrt_set_unhandled_exception_filter 0000000180009d30 f   MSVCRTD:utility_desktop.obj
 0001:00008d50       __scrt_stub_for_initialize_mta 0000000180009d50 f   MSVCRTD:utility_desktop.obj
 0001:00008d50       __scrt_exe_initialize_mta  0000000180009d50 f   MSVCRTD:utility_desktop.obj
 0001:00008d60       __scrt_unhandled_exception_filter 0000000180009d60 f   MSVCRTD:utility_desktop.obj
 0001:00008e20       _RTC_Initialize            0000000180009e20 f   MSVCRTD:initsect.obj
 0001:00008e80       _RTC_Terminate             0000000180009e80 f   MSVCRTD:initsect.obj
 0001:00008ee0       __isa_available_init       0000000180009ee0 f   MSVCRTD:cpu_disp.obj
 0001:00009360       _get_startup_argv_mode     000000018000a360 f   MSVCRTD:argv_mode.obj
 0001:00009370       __scrt_is_ucrt_dll_in_use  000000018000a370 f   MSVCRTD:ucrt_detection.obj
 0001:0000939e       ??0_Lockit@std@@QEAA@H@Z   000000018000a39e f   msvcprtd:MSVCP140D.dll
 0001:000093a4       ??1_Lockit@std@@QEAA@XZ    000000018000a3a4 f   msvcprtd:MSVCP140D.dll
 0001:000093aa       ?uncaught_exception@std@@YA_NXZ 000000018000a3aa f   msvcprtd:MSVCP140D.dll
 0001:000093b0       ?_Xlength_error@std@@YAXPEBD@Z 000000018000a3b0 f   msvcprtd:MSVCP140D.dll
 0001:000093b6       ?good@ios_base@std@@QEBA_NXZ 000000018000a3b6 f   msvcprtd:MSVCP140D.dll
 0001:000093bc       ?flags@ios_base@std@@QEBAHXZ 000000018000a3bc f   msvcprtd:MSVCP140D.dll
 0001:000093c2       ?width@ios_base@std@@QEBA_JXZ 000000018000a3c2 f   msvcprtd:MSVCP140D.dll
 0001:000093c8       ?width@ios_base@std@@QEAA_J_J@Z 000000018000a3c8 f   msvcprtd:MSVCP140D.dll
 0001:000093ce       ?sputc@?$basic_streambuf@DU?$char_traits@D@std@@@std@@QEAAHD@Z 000000018000a3ce f   msvcprtd:MSVCP140D.dll
 0001:000093d4       ?sputn@?$basic_streambuf@DU?$char_traits@D@std@@@std@@QEAA_JPEBD_J@Z 000000018000a3d4 f   msvcprtd:MSVCP140D.dll
 0001:000093da       ?setstate@?$basic_ios@DU?$char_traits@D@std@@@std@@QEAAXH_N@Z 000000018000a3da f   msvcprtd:MSVCP140D.dll
 0001:000093e0       ?tie@?$basic_ios@DU?$char_traits@D@std@@@std@@QEBAPEAV?$basic_ostream@DU?$char_traits@D@std@@@2@XZ 000000018000a3e0 f   msvcprtd:MSVCP140D.dll
 0001:000093e6       ?rdbuf@?$basic_ios@DU?$char_traits@D@std@@@std@@QEBAPEAV?$basic_streambuf@DU?$char_traits@D@std@@@2@XZ 000000018000a3e6 f   msvcprtd:MSVCP140D.dll
 0001:000093ec       ?fill@?$basic_ios@DU?$char_traits@D@std@@@std@@QEBADXZ 000000018000a3ec f   msvcprtd:MSVCP140D.dll
 0001:000093f2       ?widen@?$basic_ios@DU?$char_traits@D@std@@@std@@QEBADD@Z 000000018000a3f2 f   msvcprtd:MSVCP140D.dll
 0001:000093f8       ?_Osfx@?$basic_ostream@DU?$char_traits@D@std@@@std@@QEAAXXZ 000000018000a3f8 f   msvcprtd:MSVCP140D.dll
 0001:000093fe       ??6?$basic_ostream@DU?$char_traits@D@std@@@std@@QEAAAEAV01@P6AAEAV01@AEAV01@@Z@Z 000000018000a3fe f   msvcprtd:MSVCP140D.dll
 0001:00009404       ??6?$basic_ostream@DU?$char_traits@D@std@@@std@@QEAAAEAV01@H@Z 000000018000a404 f   msvcprtd:MSVCP140D.dll
 0001:0000940a       ?put@?$basic_ostream@DU?$char_traits@D@std@@@std@@QEAAAEAV12@D@Z 000000018000a40a f   msvcprtd:MSVCP140D.dll
 0001:00009410       ?flush@?$basic_ostream@DU?$char_traits@D@std@@@std@@QEAAAEAV12@XZ 000000018000a410 f   msvcprtd:MSVCP140D.dll
 0001:00009416       memmove                    000000018000a416 f   vcruntimed:VCRUNTIME140D.dll
 0001:0000941c       memset                     000000018000a41c f   vcruntimed:VCRUNTIME140D.dll
 0001:00009422       __std_exception_copy       000000018000a422 f   vcruntimed:VCRUNTIME140D.dll
 0001:00009428       __std_exception_destroy    000000018000a428 f   vcruntimed:VCRUNTIME140D.dll
 0001:0000942e       _CxxThrowException         000000018000a42e f   vcruntimed:VCRUNTIME140D.dll
 0001:00009434       __CxxFrameHandler4         000000018000a434 f   vcruntimed:VCRUNTIME140_1D.dll
 0001:0000943a       __C_specific_handler_noexcept 000000018000a43a f   vcruntimed:VCRUNTIME140D.dll
 0001:00009440       __C_specific_handler       000000018000a440 f   vcruntimed:VCRUNTIME140D.dll
 0001:00009446       __vcrt_GetModuleFileNameW  000000018000a446 f   vcruntimed:VCRUNTIME140D.dll
 0001:0000944c       __vcrt_GetModuleHandleW    000000018000a44c f   vcruntimed:VCRUNTIME140D.dll
 0001:00009452       __vcrt_LoadLibraryExW      000000018000a452 f   vcruntimed:VCRUNTIME140D.dll
 0001:00009458       __std_type_info_destroy_list 000000018000a458 f   vcruntimed:VCRUNTIME140D.dll
 0001:0000945e       __current_exception        000000018000a45e f   vcruntimed:VCRUNTIME140D.dll
 0001:00009464       __current_exception_context 000000018000a464 f   vcruntimed:VCRUNTIME140D.dll
 0001:0000946a       _invalid_parameter         000000018000a46a f   ucrtd:ucrtbased.dll
 0001:00009470       qsort                      000000018000a470 f   ucrtd:ucrtbased.dll
 0001:00009476       _CrtDbgReport              000000018000a476 f   ucrtd:ucrtbased.dll
 0001:0000947c       strlen                     000000018000a47c f   ucrtd:ucrtbased.dll
 0001:00009482       __acrt_iob_func            000000018000a482 f   ucrtd:ucrtbased.dll
 0001:00009488       __stdio_common_vfprintf    000000018000a488 f   ucrtd:ucrtbased.dll
 0001:0000948e       _CrtDbgReportW             000000018000a48e f   ucrtd:ucrtbased.dll
 0001:00009494       _callnewh                  000000018000a494 f   ucrtd:ucrtbased.dll
 0001:0000949a       malloc                     000000018000a49a f   ucrtd:ucrtbased.dll
 0001:000094a0       strcpy_s                   000000018000a4a0 f   ucrtd:ucrtbased.dll
 0001:000094a6       strcat_s                   000000018000a4a6 f   ucrtd:ucrtbased.dll
 0001:000094ac       __stdio_common_vsprintf_s  000000018000a4ac f   ucrtd:ucrtbased.dll
 0001:000094b2       _initterm                  000000018000a4b2 f   ucrtd:ucrtbased.dll
 0001:000094b8       _initterm_e                000000018000a4b8 f   ucrtd:ucrtbased.dll
 0001:000094be       _free_dbg                  000000018000a4be f   ucrtd:ucrtbased.dll
 0001:000094c4       _wmakepath_s               000000018000a4c4 f   ucrtd:ucrtbased.dll
 0001:000094ca       _wsplitpath_s              000000018000a4ca f   ucrtd:ucrtbased.dll
 0001:000094d0       wcscpy_s                   000000018000a4d0 f   ucrtd:ucrtbased.dll
 0001:000094d6       _seh_filter_dll            000000018000a4d6 f   ucrtd:ucrtbased.dll
 0001:000094dc       _configure_narrow_argv     000000018000a4dc f   ucrtd:ucrtbased.dll
 0001:000094e2       _initialize_narrow_environment 000000018000a4e2 f   ucrtd:ucrtbased.dll
 0001:000094e8       _initialize_onexit_table   000000018000a4e8 f   ucrtd:ucrtbased.dll
 0001:000094ee       _register_onexit_function  000000018000a4ee f   ucrtd:ucrtbased.dll
 0001:000094f4       _execute_onexit_table      000000018000a4f4 f   ucrtd:ucrtbased.dll
 0001:000094fa       _crt_atexit                000000018000a4fa f   ucrtd:ucrtbased.dll
 0001:00009500       _crt_at_quick_exit         000000018000a500 f   ucrtd:ucrtbased.dll
 0001:00009506       _cexit                     000000018000a506 f   ucrtd:ucrtbased.dll
 0001:0000950c       terminate                  000000018000a50c f   ucrtd:ucrtbased.dll
 0001:00009512       RtlCaptureContext          000000018000a512 f   kernel32:KERNEL32.dll
 0001:00009518       RtlLookupFunctionEntry     000000018000a518 f   kernel32:KERNEL32.dll
 0001:0000951e       RtlVirtualUnwind           000000018000a51e f   kernel32:KERNEL32.dll
 0001:00009524       UnhandledExceptionFilter   000000018000a524 f   kernel32:KERNEL32.dll
 0001:0000952a       SetUnhandledExceptionFilter 000000018000a52a f   kernel32:KERNEL32.dll
 0001:00009530       GetCurrentProcess          000000018000a530 f   kernel32:KERNEL32.dll
 0001:00009536       TerminateProcess           000000018000a536 f   kernel32:KERNEL32.dll
 0001:0000953c       IsProcessorFeaturePresent  000000018000a53c f   kernel32:KERNEL32.dll
 0001:00009542       IsDebuggerPresent          000000018000a542 f   kernel32:KERNEL32.dll
 0001:00009548       RaiseException             000000018000a548 f   kernel32:KERNEL32.dll
 0001:0000954e       MultiByteToWideChar        000000018000a54e f   kernel32:KERNEL32.dll
 0001:00009554       WideCharToMultiByte        000000018000a554 f   kernel32:KERNEL32.dll
 0001:0000955a       GetLastError               000000018000a55a f   kernel32:KERNEL32.dll
 0001:00009560       HeapAlloc                  000000018000a560 f   kernel32:KERNEL32.dll
 0001:00009566       HeapFree                   000000018000a566 f   kernel32:KERNEL32.dll
 0001:0000956c       GetProcessHeap             000000018000a56c f   kernel32:KERNEL32.dll
 0001:00009572       VirtualQuery               000000018000a572 f   kernel32:KERNEL32.dll
 0001:00009578       FreeLibrary                000000018000a578 f   kernel32:KERNEL32.dll
 0001:0000957e       GetProcAddress             000000018000a57e f   kernel32:KERNEL32.dll
 0001:00009584       QueryPerformanceCounter    000000018000a584 f   kernel32:KERNEL32.dll
 0001:0000958a       GetCurrentProcessId        000000018000a58a f   kernel32:KERNEL32.dll
 0001:00009590       GetCurrentThreadId         000000018000a590 f   kernel32:KERNEL32.dll
 0001:00009596       GetSystemTimeAsFileTime    000000018000a596 f   kernel32:KERNEL32.dll
 0001:0000959c       InitializeSListHead        000000018000a59c f   kernel32:KERNEL32.dll
 0001:000095a2       GetStartupInfoW            000000018000a5a2 f   kernel32:KERNEL32.dll
 0001:000095a8       GetModuleHandleW           000000018000a5a8 f   kernel32:KERNEL32.dll
 0001:000095b0       __vcrt_initialize          000000018000a5b0 f   MSVCRTD:ucrt_stubs.obj
 0001:000095b0       __scrt_stub_for_acrt_initialize 000000018000a5b0 f   MSVCRTD:ucrt_stubs.obj
 0001:000095b0       __acrt_initialize          000000018000a5b0 f   MSVCRTD:ucrt_stubs.obj
 0001:000095c0       __acrt_thread_attach       000000018000a5c0 f   MSVCRTD:ucrt_stubs.obj
 0001:000095c0       __scrt_stub_for_acrt_thread_attach 000000018000a5c0 f   MSVCRTD:ucrt_stubs.obj
 0001:000095c0       __vcrt_thread_attach       000000018000a5c0 f   MSVCRTD:ucrt_stubs.obj
 0001:000095d0       __scrt_stub_for_acrt_thread_detach 000000018000a5d0 f   MSVCRTD:ucrt_stubs.obj
 0001:000095d0       __vcrt_thread_detach       000000018000a5d0 f   MSVCRTD:ucrt_stubs.obj
 0001:000095d0       __acrt_thread_detach       000000018000a5d0 f   MSVCRTD:ucrt_stubs.obj
 0001:000095e0       __vcrt_uninitialize        000000018000a5e0 f   MSVCRTD:ucrt_stubs.obj
 0001:000095e0       __acrt_uninitialize        000000018000a5e0 f   MSVCRTD:ucrt_stubs.obj
 0001:000095e0       __scrt_stub_for_acrt_uninitialize 000000018000a5e0 f   MSVCRTD:ucrt_stubs.obj
 0001:000095f0       __vcrt_uninitialize_critical 000000018000a5f0 f   MSVCRTD:ucrt_stubs.obj
 0001:000095f0       __scrt_stub_for_acrt_uninitialize_critical 000000018000a5f0 f   MSVCRTD:ucrt_stubs.obj
 0001:000095f0       __acrt_uninitialize_critical 000000018000a5f0 f   MSVCRTD:ucrt_stubs.obj
 0001:00009600       _is_c_termination_complete 000000018000a600 f   MSVCRTD:ucrt_stubs.obj
 0001:00009600       __scrt_stub_for_is_c_termination_complete 000000018000a600 f   MSVCRTD:ucrt_stubs.obj
 0001:0000ab70       _guard_dispatch_icall_nop  000000018000bb70 f   MSVCRTD:guard_dispatch.obj
 0001:0000ab90       _guard_xfg_dispatch_icall_nop 000000018000bb90 f   MSVCRTD:guard_xfg_dispatch.obj
 0002:00000000       __xc_a                     000000018000e000     MSVCRTD:initializers.obj
 0002:00000110       __xc_z                     000000018000e110     MSVCRTD:initializers.obj
 0002:00000220       __xi_a                     000000018000e220     MSVCRTD:initializers.obj
 0002:00000330       __xi_z                     000000018000e330     MSVCRTD:initializers.obj
 0002:00000440       __xp_a                     000000018000e440     MSVCRTD:initializers.obj
 0002:00000550       __xp_z                     000000018000e550     MSVCRTD:initializers.obj
 0002:00000660       __xt_a                     000000018000e660     MSVCRTD:initializers.obj
 0002:00000770       __xt_z                     000000018000e770     MSVCRTD:initializers.obj
 0002:000011e0       ??_7exception@std@@6B@     000000018000f1e0     math_library.obj
 0002:000011f8       ??_C@_0BC@EOODALEL@Unknown?5exception@ 000000018000f1f8     math_library.obj
 0002:00001218       ??_7bad_alloc@std@@6B@     000000018000f218     math_library.obj
 0002:00001238       ??_7bad_array_new_length@std@@6B@ 000000018000f238     math_library.obj
 0002:00001250       ??_C@_0BF@KINCDENJ@bad?5array?5new?5length@ 000000018000f250     math_library.obj
 0002:00001270       ??_C@_0BB@FCMFBGOM@invalid?5argument@ 000000018000f270     math_library.obj
 0002:00001284       ??_C@_02DKCKIIND@?$CFs@    000000018000f284     math_library.obj
 0002:00001290       ??_C@_0GI@KDIDHNIL@C?3?2Program?5Files?5?$CIx86?$CJ?2Microsof@ 000000018000f290     math_library.obj
 0002:00001310       ??_C@_1NA@FOAKNOEL@?$AAC?$AA?3?$AA?2?$AAP?$AAr?$AAo?$AAg?$AAr?$AAa?$AAm?$AA?5?$AAF?$AAi?$AAl?$AAe@ 000000018000f310     math_library.obj
 0002:00001410       ??_C@_1EK@NIFDJFDG@?$AAs?$AAt?$AAd?$AA?3?$AA?3?$AA_?$AAA?$AAd?$AAj?$AAu?$AAs?$AAt?$AA_?$AAm?$AAa@ 000000018000f410     math_library.obj
 0002:00001468       ??_C@_1CG@JNLFBNGN@?$AA?$CC?$AAi?$AAn?$AAv?$AAa?$AAl?$AAi?$AAd?$AA?5?$AAa?$AAr?$AAg?$AAu?$AAm?$AAe@ 000000018000f468     math_library.obj
 0002:00001498       ??_C@_0BH@EDKEEENI@deque?5empty?5before?5pop@ 000000018000f498     math_library.obj
 0002:000014c0       ??_C@_0GG@FDHPMGE@C?3?2Program?5Files?5?$CIx86?$CJ?2Microsof@ 000000018000f4c0     math_library.obj
 0002:00001540       ??_C@_1MM@DPCANHAJ@?$AAC?$AA?3?$AA?2?$AAP?$AAr?$AAo?$AAg?$AAr?$AAa?$AAm?$AA?5?$AAF?$AAi?$AAl?$AAe@ 000000018000f540     math_library.obj
 0002:00001640       ??_C@_1IO@OKBBHBKC@?$AAs?$AAt?$AAd?$AA?3?$AA?3?$AAd?$AAe?$AAq?$AAu?$AAe?$AA?$DM?$AAs?$AAt?$AAr?$AAu@ 000000018000f640     math_library.obj
 0002:000016f0       ??_C@_1DC@NJAACHCD@?$AA?$CC?$AAd?$AAe?$AAq?$AAu?$AAe?$AA?5?$AAe?$AAm?$AAp?$AAt?$AAy?$AA?5?$AAb?$AAe@ 000000018000f6f0     math_library.obj
 0002:00001730       ??_C@_0BN@OLMACEKN@back?$CI?$CJ?5called?5on?5empty?5deque@ 000000018000f730     math_library.obj
 0002:00001760       ??_C@_1IG@ELIEKPDP@?$AAs?$AAt?$AAd?$AA?3?$AA?3?$AAd?$AAe?$AAq?$AAu?$AAe?$AA?$DM?$AAs?$AAt?$AAr?$AAu@ 000000018000f760     math_library.obj
 0002:00001800       ??_C@_1DO@OOAHKDGC@?$AA?$CC?$AAb?$AAa?$AAc?$AAk?$AA?$CI?$AA?$CJ?$AA?5?$AAc?$AAa?$AAl?$AAl?$AAe?$AAd?$AA?5@ 000000018000f800     math_library.obj
 0002:00001850       ??_C@_0BC@KBDMBKEH@deque?$DMT?$DO?5too?5long@ 000000018000f850     math_library.obj
 0002:00001868       ??_C@_0BJ@HAJGEHKO@transposed?5pointer?5range@ 000000018000f868     math_library.obj
 0002:00001890       ??_C@_0GJ@LJDCNNIF@C?3?2Program?5Files?5?$CIx86?$CJ?2Microsof@ 000000018000f890     math_library.obj
 0002:00001910       ??_C@_1NC@HPCGBKBF@?$AAC?$AA?3?$AA?2?$AAP?$AAr?$AAo?$AAg?$AAr?$AAa?$AAm?$AA?5?$AAF?$AAi?$AAl?$AAe@ 000000018000f910     math_library.obj
 0002:00001a10       ??_C@_1CG@LJCPDKEJ@?$AAs?$AAt?$AAd?$AA?3?$AA?3?$AA_?$AAV?$AAe?$AAr?$AAi?$AAf?$AAy?$AA_?$AAr?$AAa@ 000000018000fa10     math_library.obj
 0002:00001a40       ??_C@_1DG@FJIKMGFD@?$AA?$CC?$AAt?$AAr?$AAa?$AAn?$AAs?$AAp?$AAo?$AAs?$AAe?$AAd?$AA?5?$AAp?$AAo?$AAi@ 000000018000fa40     math_library.obj
 0002:00001f70       ??_7type_info@@6B@         000000018000ff70     MSVCRTD:std_type_info_static.obj
 0002:00002080       ??_C@_0NN@JMPELKLB@The?5value?5of?5ESP?5was?5not?5proper@ 0000000180010080     MSVCRTD:error.obj
 0002:00002190       ??_C@_0BBN@ELNNILBE@A?5cast?5to?5a?5smaller?5data?5type?5h@ 0000000180010190     MSVCRTD:error.obj
 0002:000022e8       ??_C@_0BN@BPOGFMJL@Stack?5memory?5was?5corrupted?$AN?6@ 00000001800102e8     MSVCRTD:error.obj
 0002:00002310       ??_C@_0DG@DAJCDLPN@A?5local?5variable?5was?5used?5befor@ 0000000180010310     MSVCRTD:error.obj
 0002:00002350       ??_C@_0CM@JMIDGKLA@Stack?5memory?5around?5_alloca?5was@ 0000000180010350     MSVCRTD:error.obj
 0002:00002388       ??_C@_0BO@CHIONIOI@Unknown?5Runtime?5Check?5Error?$AN?6@ 0000000180010388     MSVCRTD:error.obj
 0002:000023b0       ??_C@_1GM@CNOOJIHC@?$AAR?$AAu?$AAn?$AAt?$AAi?$AAm?$AAe?$AA?5?$AAC?$AAh?$AAe?$AAc?$AAk?$AA?5?$AAE@ 00000001800103b0     MSVCRTD:error.obj
 0002:00002440       ??_C@_1EA@NFKNIFJP@?$AAR?$AAu?$AAn?$AA?9?$AAT?$AAi?$AAm?$AAe?$AA?5?$AAC?$AAh?$AAe?$AAc?$AAk?$AA?5@ 0000000180010440     MSVCRTD:error.obj
 0002:00002490       ??_C@_0BB@PFFGGCJP@Unknown?5Filename@ 0000000180010490     MSVCRTD:error.obj
 0002:000024a8       ??_C@_0BE@GNBOBNCK@Unknown?5Module?5Name@ 00000001800104a8     MSVCRTD:error.obj
 0002:000024c0       ??_C@_0CA@IODNCDPG@Run?9Time?5Check?5Failure?5?$CD?$CFd?5?9?5?$CFs@ 00000001800104c0     MSVCRTD:error.obj
 0002:000024e8       ??_C@_0CG@IAFNJNEE@Stack?5corrupted?5near?5unknown?5va@ 00000001800104e8     MSVCRTD:error.obj
 0002:00002518       ??_C@_05MKKEDADM@?$CF?42X?5@ 0000000180010518     MSVCRTD:error.obj
 0002:00002520       ??_C@_0EJ@LJKNEOLN@Stack?5area?5around?5_alloca?5memor@ 0000000180010520     MSVCRTD:error.obj
 0002:00002578       ??_C@_01EEMJAFIK@?6@       0000000180010578     MSVCRTD:error.obj
 0002:0000257c       ??_C@_02LLMPMKNF@?$DO?5@   000000018001057c     MSVCRTD:error.obj
 0002:00002580       ??_C@_08OMAHNMHJ@?6Data?3?5?$DM@ 0000000180010580     MSVCRTD:error.obj
 0002:00002590       ??_C@_0CK@DKGBICFE@?6Allocation?5number?5within?5this?5@ 0000000180010590     MSVCRTD:error.obj
 0002:000025c8       ??_C@_07DFDJCKFN@?6Size?3?5@ 00000001800105c8     MSVCRTD:error.obj
 0002:000025d8       ??_C@_0N@MHFFIMFG@?6Address?3?50x@ 00000001800105d8     MSVCRTD:error.obj
 0002:000025f0       ??_C@_0EI@CLEPFNGI@Stack?5area?5around?5_alloca?5memor@ 00000001800105f0     MSVCRTD:error.obj
 0002:00002648       ??_C@_0BK@ODNDAGKB@?$CFs?$CFs?$CFp?$CFs?$CFzd?$CFs?$CFd?$CFs?$CFs?$CFs?$CFs?$CFs@ 0000000180010648     MSVCRTD:error.obj
 0002:00002668       ??_C@_0DE@OHJBPMBP@A?5variable?5is?5being?5used?5withou@ 0000000180010668     MSVCRTD:error.obj
 0002:000026a8       _pRawDllMain               00000001800106a8     MSVCRTD:dll_dllmain.obj
 0002:000026a8       _pDefaultRawDllMain        00000001800106a8     MSVCRTD:dll_dllmain.obj
 0002:000026e8       ??_C@_0BJ@HEGAHDFO@Stack?5pointer?5corruption@ 00000001800106e8     MSVCRTD:userapi.obj
 0002:00002708       ??_C@_0CK@FEGOIOPB@Cast?5to?5smaller?5type?5causing?5lo@ 0000000180010708     MSVCRTD:userapi.obj
 0002:00002740       ??_C@_0BI@CIGMDCBH@Stack?5memory?5corruption@ 0000000180010740     MSVCRTD:userapi.obj
 0002:00002760       ??_C@_0CK@CNLNOEPB@Local?5variable?5used?5before?5init@ 0000000180010760     MSVCRTD:userapi.obj
 0002:00002798       ??_C@_0BP@OGBCLIBO@Stack?5around?5_alloca?5corrupted@ 0000000180010798     MSVCRTD:userapi.obj
 0002:000027c0       ??_C@_0P@GHFPNOJB@bad?5allocation@ 00000001800107c0     MSVCRTD:throw_bad_alloc.obj
 0002:00002840       ??_C@_1EI@MLPKHBGE@?$AAa?$AAp?$AAi?$AA?9?$AAm?$AAs?$AA?9?$AAw?$AAi?$AAn?$AA?9?$AAc?$AAo?$AAr?$AAe@ 0000000180010840     MSVCRTD:pdblkup.obj
 0002:00002898       ??_C@_1BK@JHLNAEJL@?$AAa?$AAd?$AAv?$AAa?$AAp?$AAi?$AA3?$AA2?$AA?4?$AAd?$AAl?$AAl@ 0000000180010898     MSVCRTD:pdblkup.obj
 0002:000028b8       ??_C@_0O@COHOBMLB@RegOpenKeyExW@ 00000001800108b8     MSVCRTD:pdblkup.obj
 0002:000028c8       ??_C@_0BB@GLNAEDBD@RegQueryValueExW@ 00000001800108c8     MSVCRTD:pdblkup.obj
 0002:000028e0       ??_C@_0M@HLOHPNFA@RegCloseKey@ 00000001800108e0     MSVCRTD:pdblkup.obj
 0002:000028f0       ??_C@_1HE@EBEAGLFB@?$AAS?$AAO?$AAF?$AAT?$AAW?$AAA?$AAR?$AAE?$AA?2?$AAW?$AAo?$AAw?$AA6?$AA4?$AA3@ 00000001800108f0     MSVCRTD:pdblkup.obj
 0002:00002980       ??_C@_1BG@EABPBLLF@?$AAP?$AAr?$AAo?$AAd?$AAu?$AAc?$AAt?$AAD?$AAi?$AAr@ 0000000180010980     MSVCRTD:pdblkup.obj
 0002:000029c8       ??_C@_1BC@JINFINNJ@?$AAM?$AAS?$AAP?$AAD?$AAB?$AA1?$AA4?$AA0@ 00000001800109c8     MSVCRTD:pdblkup.obj
 0002:000029e0       ??_C@_0BB@KCIACLNC@PDBOpenValidate5@ 00000001800109e0     MSVCRTD:pdblkup.obj
 0002:000029f4       ??_C@_01KDCPPGHE@r@        00000001800109f4     MSVCRTD:pdblkup.obj
 0002:00002a30       _load_config_used          0000000180010a30     MSVCRTD:loadcfg.obj
 0002:00002d80       __CastGuardVftablesStart   0000000180010d80     MSVCRTD:guard_support.obj
 0002:00002e90       __CastGuardVftablesEnd     0000000180010e90     MSVCRTD:guard_support.obj
 0002:00002fa0       ??_R4exception@std@@6B@    0000000180010fa0     math_library.obj
 0002:00002fd0       ??_R3exception@std@@8      0000000180010fd0     math_library.obj
 0002:00002fe8       ??_R2exception@std@@8      0000000180010fe8     math_library.obj
 0002:00002ff8       ??_R1A@?0A@EA@exception@std@@8 0000000180010ff8     math_library.obj
 0002:00003028       ??_R4bad_alloc@std@@6B@    0000000180011028     math_library.obj
 0002:00003058       ??_R3bad_alloc@std@@8      0000000180011058     math_library.obj
 0002:00003070       ??_R2bad_alloc@std@@8      0000000180011070     math_library.obj
 0002:00003088       ??_R1A@?0A@EA@bad_alloc@std@@8 0000000180011088     math_library.obj
 0002:000030b8       ??_R4bad_array_new_length@std@@6B@ 00000001800110b8     math_library.obj
 0002:000030e8       ??_R3bad_array_new_length@std@@8 00000001800110e8     math_library.obj
 0002:00003100       ??_R2bad_array_new_length@std@@8 0000000180011100     math_library.obj
 0002:00003128       ??_R1A@?0A@EA@bad_array_new_length@std@@8 0000000180011128     math_library.obj
 0002:00003158       ??_R4type_info@@6B@        0000000180011158     MSVCRTD:std_type_info_static.obj
 0002:00003188       ??_R3type_info@@8          0000000180011188     MSVCRTD:std_type_info_static.obj
 0002:000031a0       ??_R2type_info@@8          00000001800111a0     MSVCRTD:std_type_info_static.obj
 0002:000031b0       ??_R1A@?0A@EA@type_info@@8 00000001800111b0     MSVCRTD:std_type_info_static.obj
 0002:000034a8       __rtc_iaa                  00000001800114a8     MSVCRTD:initsect.obj
 0002:000036e8       __rtc_izz                  00000001800116e8     MSVCRTD:initsect.obj
 0002:000037f8       __rtc_taa                  00000001800117f8     MSVCRTD:initsect.obj
 0002:00003a38       __rtc_tzz                  0000000180011a38     MSVCRTD:initsect.obj
 0002:00004ab8       _TI3?AVbad_array_new_length@std@@ 0000000180012ab8     math_library.obj
 0002:00004ad8       _CTA3?AVbad_array_new_length@std@@ 0000000180012ad8     math_library.obj
 0002:00004af8       _CT??_R0?AVbad_array_new_length@std@@@8??0bad_array_new_length@std@@QEAA@AEBV01@@Z24 0000000180012af8     math_library.obj
 0002:00004b20       _CT??_R0?AVbad_alloc@std@@@8??0bad_alloc@std@@QEAA@AEBV01@@Z24 0000000180012b20     math_library.obj
 0002:00004b48       _CT??_R0?AVexception@std@@@8??0exception@std@@QEAA@AEBV01@@Z24 0000000180012b48     math_library.obj
 0002:00004b70       _TI2?AVbad_alloc@std@@     0000000180012b70     MSVCRTD:throw_bad_alloc.obj
 0002:00004b90       _CTA2?AVbad_alloc@std@@    0000000180012b90     MSVCRTD:throw_bad_alloc.obj
 0003:00000000       __security_cookie_complement 0000000180014000     MSVCRTD:gs_cookie.obj
 0003:00000008       __security_cookie          0000000180014008     MSVCRTD:gs_cookie.obj
 0003:00000018       ?_RTC_ErrorLevels@@3PAHA   0000000180014018     MSVCRTD:error.obj
 0003:00000030       __scrt_native_dllmain_reason 0000000180014030     MSVCRTD:utility.obj
 0003:00000040       __isa_available            0000000180014040     MSVCRTD:cpu_disp.obj
 0003:00000044       __isa_enabled              0000000180014044     MSVCRTD:cpu_disp.obj
 0003:00000048       __memcpy_nt_iters          0000000180014048     MSVCRTD:cpu_disp.obj
 0003:00000050       __memset_nt_iters          0000000180014050     MSVCRTD:cpu_disp.obj
 0003:0000005c       __scrt_ucrt_dll_is_in_use  000000018001405c     MSVCRTD:ucrt_stubs.obj
 0003:00000168       ??_R0?AVbad_array_new_length@std@@@8 0000000180014168     math_library.obj
 0003:000001a0       ??_R0?AVbad_alloc@std@@@8  00000001800141a0     math_library.obj
 0003:000001d0       ??_R0?AVexception@std@@@8  00000001800141d0     math_library.obj
 0003:00000300       ??_R0?AVtype_info@@@8      0000000180014300     MSVCRTD:std_type_info_static.obj
 0003:00000430       ?p0@@3UPoint@@A            0000000180014430     math_library.obj
 0003:00000440       ?_OptionsStorage@?1??__local_stdio_printf_options@@9@4_KA 0000000180014440     spanning_tree.obj
 0003:00000b08       __castguard_check_failure_os_handled_fptr 0000000180014b08     MSVCRTD:guard_support.obj
 0003:00000b20       ?__type_info_root_node@@3U__type_info_node@@A 0000000180014b20     MSVCRTD:tncleanup.obj
 0003:00000b38       ?_OptionsStorage@?1??__local_stdio_scanf_options@@9@4_KA 0000000180014b38     MSVCRTD:default_local_stdio_options.obj
 0003:00000b48       __scrt_current_native_startup_state 0000000180014b48     MSVCRTD:utility.obj
 0003:00000b50       __scrt_native_startup_lock 0000000180014b50     MSVCRTD:utility.obj
 0003:00000ba0       __scrt_debugger_hook_flag  0000000180014ba0     MSVCRTD:utility_desktop.obj
 0003:00000ba4       __favor                    0000000180014ba4     MSVCRTD:cpu_disp.obj
 0003:00000ba8       __dyn_tls_init_callback    0000000180014ba8     <common>
 0005:00000000       __imp_InitializeSListHead  0000000180016000     kernel32:KERNEL32.dll
 0005:00000008       __imp_RtlLookupFunctionEntry 0000000180016008     kernel32:KERNEL32.dll
 0005:00000010       __imp_RtlVirtualUnwind     0000000180016010     kernel32:KERNEL32.dll
 0005:00000018       __imp_UnhandledExceptionFilter 0000000180016018     kernel32:KERNEL32.dll
 0005:00000020       __imp_SetUnhandledExceptionFilter 0000000180016020     kernel32:KERNEL32.dll
 0005:00000028       __imp_GetCurrentProcess    0000000180016028     kernel32:KERNEL32.dll
 0005:00000030       __imp_TerminateProcess     0000000180016030     kernel32:KERNEL32.dll
 0005:00000038       __imp_IsProcessorFeaturePresent 0000000180016038     kernel32:KERNEL32.dll
 0005:00000040       __imp_IsDebuggerPresent    0000000180016040     kernel32:KERNEL32.dll
 0005:00000048       __imp_RaiseException       0000000180016048     kernel32:KERNEL32.dll
 0005:00000050       __imp_MultiByteToWideChar  0000000180016050     kernel32:KERNEL32.dll
 0005:00000058       __imp_WideCharToMultiByte  0000000180016058     kernel32:KERNEL32.dll
 0005:00000060       __imp_GetLastError         0000000180016060     kernel32:KERNEL32.dll
 0005:00000068       __imp_HeapAlloc            0000000180016068     kernel32:KERNEL32.dll
 0005:00000070       __imp_HeapFree             0000000180016070     kernel32:KERNEL32.dll
 0005:00000078       __imp_GetProcessHeap       0000000180016078     kernel32:KERNEL32.dll
 0005:00000080       __imp_VirtualQuery         0000000180016080     kernel32:KERNEL32.dll
 0005:00000088       __imp_FreeLibrary          0000000180016088     kernel32:KERNEL32.dll
 0005:00000090       __imp_GetProcAddress       0000000180016090     kernel32:KERNEL32.dll
 0005:00000098       __imp_QueryPerformanceCounter 0000000180016098     kernel32:KERNEL32.dll
 0005:000000a0       __imp_GetCurrentProcessId  00000001800160a0     kernel32:KERNEL32.dll
 0005:000000a8       __imp_GetModuleHandleW     00000001800160a8     kernel32:KERNEL32.dll
 0005:000000b0       __imp_GetStartupInfoW      00000001800160b0     kernel32:KERNEL32.dll
 0005:000000b8       __imp_RtlCaptureContext    00000001800160b8     kernel32:KERNEL32.dll
 0005:000000c0       __imp_GetSystemTimeAsFileTime 00000001800160c0     kernel32:KERNEL32.dll
 0005:000000c8       __imp_GetCurrentThreadId   00000001800160c8     kernel32:KERNEL32.dll
 0005:000000d0       \177KERNEL32_NULL_THUNK_DATA 00000001800160d0     kernel32:KERNEL32.dll
 0005:00000150       __imp_?flush@?$basic_ostream@DU?$char_traits@D@std@@@std@@QEAAAEAV12@XZ 0000000180016150     msvcprtd:MSVCP140D.dll
 0005:00000158       __imp_?put@?$basic_ostream@DU?$char_traits@D@std@@@std@@QEAAAEAV12@D@Z 0000000180016158     msvcprtd:MSVCP140D.dll
 0005:00000160       __imp_??6?$basic_ostream@DU?$char_traits@D@std@@@std@@QEAAAEAV01@H@Z 0000000180016160     msvcprtd:MSVCP140D.dll
 0005:00000168       __imp_??6?$basic_ostream@DU?$char_traits@D@std@@@std@@QEAAAEAV01@P6AAEAV01@AEAV01@@Z@Z 0000000180016168     msvcprtd:MSVCP140D.dll
 0005:00000170       __imp_?_Osfx@?$basic_ostream@DU?$char_traits@D@std@@@std@@QEAAXXZ 0000000180016170     msvcprtd:MSVCP140D.dll
 0005:00000178       __imp_?widen@?$basic_ios@DU?$char_traits@D@std@@@std@@QEBADD@Z 0000000180016178     msvcprtd:MSVCP140D.dll
 0005:00000180       __imp_?fill@?$basic_ios@DU?$char_traits@D@std@@@std@@QEBADXZ 0000000180016180     msvcprtd:MSVCP140D.dll
 0005:00000188       __imp_?rdbuf@?$basic_ios@DU?$char_traits@D@std@@@std@@QEBAPEAV?$basic_streambuf@DU?$char_traits@D@std@@@2@XZ 0000000180016188     msvcprtd:MSVCP140D.dll
 0005:00000190       __imp_?tie@?$basic_ios@DU?$char_traits@D@std@@@std@@QEBAPEAV?$basic_ostream@DU?$char_traits@D@std@@@2@XZ 0000000180016190     msvcprtd:MSVCP140D.dll
 0005:00000198       __imp_?setstate@?$basic_ios@DU?$char_traits@D@std@@@std@@QEAAXH_N@Z 0000000180016198     msvcprtd:MSVCP140D.dll
 0005:000001a0       __imp_?sputn@?$basic_streambuf@DU?$char_traits@D@std@@@std@@QEAA_JPEBD_J@Z 00000001800161a0     msvcprtd:MSVCP140D.dll
 0005:000001a8       __imp_?sputc@?$basic_streambuf@DU?$char_traits@D@std@@@std@@QEAAHD@Z 00000001800161a8     msvcprtd:MSVCP140D.dll
 0005:000001b0       __imp_?width@ios_base@std@@QEAA_J_J@Z 00000001800161b0     msvcprtd:MSVCP140D.dll
 0005:000001b8       __imp_?width@ios_base@std@@QEBA_JXZ 00000001800161b8     msvcprtd:MSVCP140D.dll
 0005:000001c0       __imp_?flags@ios_base@std@@QEBAHXZ 00000001800161c0     msvcprtd:MSVCP140D.dll
 0005:000001c8       __imp_?good@ios_base@std@@QEBA_NXZ 00000001800161c8     msvcprtd:MSVCP140D.dll
 0005:000001d0       __imp_?_Xlength_error@std@@YAXPEBD@Z 00000001800161d0     msvcprtd:MSVCP140D.dll
 0005:000001d8       __imp_?uncaught_exception@std@@YA_NXZ 00000001800161d8     msvcprtd:MSVCP140D.dll
 0005:000001e0       __imp_??1_Lockit@std@@QEAA@XZ 00000001800161e0     msvcprtd:MSVCP140D.dll
 0005:000001e8       __imp_?cout@std@@3V?$basic_ostream@DU?$char_traits@D@std@@@1@A 00000001800161e8     msvcprtd:MSVCP140D.dll
 0005:000001f0       __imp_??0_Lockit@std@@QEAA@H@Z 00000001800161f0     msvcprtd:MSVCP140D.dll
 0005:000001f8       \177MSVCP140D_NULL_THUNK_DATA 00000001800161f8     msvcprtd:MSVCP140D.dll
 0005:00000270       __imp___std_exception_copy 0000000180016270     vcruntimed:VCRUNTIME140D.dll
 0005:00000278       __imp___std_exception_destroy 0000000180016278     vcruntimed:VCRUNTIME140D.dll
 0005:00000280       __imp__CxxThrowException   0000000180016280     vcruntimed:VCRUNTIME140D.dll
 0005:00000288       __imp___C_specific_handler_noexcept 0000000180016288     vcruntimed:VCRUNTIME140D.dll
 0005:00000290       __imp___C_specific_handler 0000000180016290     vcruntimed:VCRUNTIME140D.dll
 0005:00000298       __imp___vcrt_GetModuleFileNameW 0000000180016298     vcruntimed:VCRUNTIME140D.dll
 0005:000002a0       __imp___vcrt_GetModuleHandleW 00000001800162a0     vcruntimed:VCRUNTIME140D.dll
 0005:000002a8       __imp___vcrt_LoadLibraryExW 00000001800162a8     vcruntimed:VCRUNTIME140D.dll
 0005:000002b0       __imp___std_type_info_destroy_list 00000001800162b0     vcruntimed:VCRUNTIME140D.dll
 0005:000002b8       __imp___current_exception  00000001800162b8     vcruntimed:VCRUNTIME140D.dll
 0005:000002c0       __imp___current_exception_context 00000001800162c0     vcruntimed:VCRUNTIME140D.dll
 0005:000002c8       __imp_memset               00000001800162c8     vcruntimed:VCRUNTIME140D.dll
 0005:000002d0       __imp_memmove              00000001800162d0     vcruntimed:VCRUNTIME140D.dll
 0005:000002d8       \177VCRUNTIME140D_NULL_THUNK_DATA 00000001800162d8     vcruntimed:VCRUNTIME140D.dll
 0005:00000340       __imp___CxxFrameHandler4   0000000180016340     vcruntimed:VCRUNTIME140_1D.dll
 0005:00000348       \177VCRUNTIME140_1D_NULL_THUNK_DATA 0000000180016348     vcruntimed:VCRUNTIME140_1D.dll
 0005:000003a0       __imp_terminate            00000001800163a0     ucrtd:ucrtbased.dll
 0005:000003a8       __imp__execute_onexit_table 00000001800163a8     ucrtd:ucrtbased.dll
 0005:000003b0       __imp_malloc               00000001800163b0     ucrtd:ucrtbased.dll
 0005:000003b8       __imp__callnewh            00000001800163b8     ucrtd:ucrtbased.dll
 0005:000003c0       __imp__register_onexit_function 00000001800163c0     ucrtd:ucrtbased.dll
 0005:000003c8       __imp___stdio_common_vfprintf 00000001800163c8     ucrtd:ucrtbased.dll
 0005:000003d0       __imp___acrt_iob_func      00000001800163d0     ucrtd:ucrtbased.dll
 0005:000003d8       __imp_strlen               00000001800163d8     ucrtd:ucrtbased.dll
 0005:000003e0       __imp__CrtDbgReport        00000001800163e0     ucrtd:ucrtbased.dll
 0005:000003e8       __imp__cexit               00000001800163e8     ucrtd:ucrtbased.dll
 0005:000003f0       __imp__invalid_parameter   00000001800163f0     ucrtd:ucrtbased.dll
 0005:000003f8       __imp__crt_atexit          00000001800163f8     ucrtd:ucrtbased.dll
 0005:00000400       __imp__crt_at_quick_exit   0000000180016400     ucrtd:ucrtbased.dll
 0005:00000408       __imp__initialize_onexit_table 0000000180016408     ucrtd:ucrtbased.dll
 0005:00000410       __imp__initialize_narrow_environment 0000000180016410     ucrtd:ucrtbased.dll
 0005:00000418       __imp__configure_narrow_argv 0000000180016418     ucrtd:ucrtbased.dll
 0005:00000420       __imp__seh_filter_dll      0000000180016420     ucrtd:ucrtbased.dll
 0005:00000428       __imp_wcscpy_s             0000000180016428     ucrtd:ucrtbased.dll
 0005:00000430       __imp__wsplitpath_s        0000000180016430     ucrtd:ucrtbased.dll
 0005:00000438       __imp__wmakepath_s         0000000180016438     ucrtd:ucrtbased.dll
 0005:00000440       __imp__free_dbg            0000000180016440     ucrtd:ucrtbased.dll
 0005:00000448       __imp_qsort                0000000180016448     ucrtd:ucrtbased.dll
 0005:00000450       __imp__initterm_e          0000000180016450     ucrtd:ucrtbased.dll
 0005:00000458       __imp__initterm            0000000180016458     ucrtd:ucrtbased.dll
 0005:00000460       __imp___stdio_common_vsprintf_s 0000000180016460     ucrtd:ucrtbased.dll
 0005:00000468       __imp__CrtDbgReportW       0000000180016468     ucrtd:ucrtbased.dll
 0005:00000470       __imp_strcat_s             0000000180016470     ucrtd:ucrtbased.dll
 0005:00000478       __imp_strcpy_s             0000000180016478     ucrtd:ucrtbased.dll
 0005:00000480       \177ucrtbased_NULL_THUNK_DATA 0000000180016480     ucrtd:ucrtbased.dll
 0005:00000500       __IMPORT_DESCRIPTOR_MSVCP140D 0000000180016500     msvcprtd:MSVCP140D.dll
 0005:00000514       __IMPORT_DESCRIPTOR_VCRUNTIME140D 0000000180016514     vcruntimed:VCRUNTIME140D.dll
 0005:00000528       __IMPORT_DESCRIPTOR_VCRUNTIME140_1D 0000000180016528     vcruntimed:VCRUNTIME140_1D.dll
 0005:0000053c       __IMPORT_DESCRIPTOR_ucrtbased 000000018001653c     ucrtd:ucrtbased.dll
 0005:00000550       __IMPORT_DESCRIPTOR_KERNEL32 0000000180016550     kernel32:KERNEL32.dll
 0005:00000564       __NULL_IMPORT_DESCRIPTOR   0000000180016564     msvcprtd:MSVCP140D.dll
 0006:00000000       __guard_check_icall_fptr   0000000180018000     MSVCRTD:guard_support.obj
 0006:00000010       __guard_xfg_check_icall_fptr 0000000180018010     MSVCRTD:guard_support.obj
 0006:00000020       __guard_dispatch_icall_fptr 0000000180018020     MSVCRTD:guard_support.obj
 0006:00000030       __guard_xfg_dispatch_icall_fptr 0000000180018030     MSVCRTD:guard_support.obj
 0006:00000040       __guard_xfg_table_dispatch_icall_fptr 0000000180018040     MSVCRTD:guard_support.obj

 entry point at        0001:00000005

 Static symbols

 0000:fffe5000       .debug$S                   0000000180000000     dynamic_library.exp
 0000:fffe8000       _volmd                     0000000180000000     math_library.obj
 0000:fffe8000       _volmd                     0000000180000000     math_library.obj
 0000:fffe8000       _volmd                     0000000180000000     math_library.obj
 0000:fffe8000       _volmd                     0000000180000000     math_library.obj
 0000:fffe8000       _volmd                     0000000180000000     math_library.obj
 0000:fffe8000       _volmd                     0000000180000000     math_library.obj
 0002:ffff2000       $cppxdata$??$?6U?$char_traits@D@std@@@std@@YAAEAV?$basic_ostream@DU?$char_traits@D@std@@@0@AEAV10@PEBD@Z 0000000180000000     spanning_tree.obj
 0002:ffff2000       $cppxdata$??0sentry@?$basic_ostream@DU?$char_traits@D@std@@@std@@QEAA@AEAV12@@Z 0000000180000000     spanning_tree.obj
 0002:ffff2000       $cppxdata$??1_Sentry_base@?$basic_ostream@DU?$char_traits@D@std@@@std@@QEAA@XZ 0000000180000000     spanning_tree.obj
 0002:ffff2000       $cppxdata$??1sentry@?$basic_ostream@DU?$char_traits@D@std@@@std@@QEAA@XZ 0000000180000000     spanning_tree.obj
 0002:ffff2000       $handlerMap$??$?6U?$char_traits@D@std@@@std@@YAAEAV?$basic_ostream@DU?$char_traits@D@std@@@0@AEAV10@PEBD@Z 0000000180000000     spanning_tree.obj
 0002:ffff2000       $ip2state$??$?6U?$char_traits@D@std@@@std@@YAAEAV?$basic_ostream@DU?$char_traits@D@std@@@0@AEAV10@PEBD@Z 0000000180000000     spanning_tree.obj
 0002:ffff2000       $ip2state$??0sentry@?$basic_ostream@DU?$char_traits@D@std@@@std@@QEAA@AEAV12@@Z 0000000180000000     spanning_tree.obj
 0002:ffff2000       $ip2state$??1_Sentry_base@?$basic_ostream@DU?$char_traits@D@std@@@std@@QEAA@XZ 0000000180000000     spanning_tree.obj
 0002:ffff2000       $ip2state$??1sentry@?$basic_ostream@DU?$char_traits@D@std@@@std@@QEAA@XZ 0000000180000000     spanning_tree.obj
 0002:ffff2000       $stateUnwindMap$??$?6U?$char_traits@D@std@@@std@@YAAEAV?$basic_ostream@DU?$char_traits@D@std@@@0@AEAV10@PEBD@Z 0000000180000000     spanning_tree.obj
 0002:ffff2000       $stateUnwindMap$??0sentry@?$basic_ostream@DU?$char_traits@D@std@@@std@@QEAA@AEAV12@@Z 0000000180000000     spanning_tree.obj
 0002:ffff2000       $tryMap$??$?6U?$char_traits@D@std@@@std@@YAAEAV?$basic_ostream@DU?$char_traits@D@std@@@0@AEAV10@PEBD@Z 0000000180000000     spanning_tree.obj
 0002:ffff2000       $unwind$??$?6U?$char_traits@D@std@@@std@@YAAEAV?$basic_ostream@DU?$char_traits@D@std@@@0@AEAV10@PEBD@Z 0000000180000000     spanning_tree.obj
 0002:ffff2000       $unwind$??0_Sentry_base@?$basic_ostream@DU?$char_traits@D@std@@@std@@QEAA@AEAV12@@Z 0000000180000000     spanning_tree.obj
 0002:ffff2000       $unwind$??0sentry@?$basic_ostream@DU?$char_traits@D@std@@@std@@QEAA@AEAV12@@Z 0000000180000000     spanning_tree.obj
 0002:ffff2000       $unwind$??1_Sentry_base@?$basic_ostream@DU?$char_traits@D@std@@@std@@QEAA@XZ 0000000180000000     spanning_tree.obj
 0002:ffff2000       $unwind$??1sentry@?$basic_ostream@DU?$char_traits@D@std@@@std@@QEAA@XZ 0000000180000000     spanning_tree.obj
 0002:ffff2000       $unwind$??Bsentry@?$basic_ostream@DU?$char_traits@D@std@@@std@@QEBA_NXZ 0000000180000000     spanning_tree.obj
 0002:ffff2000       $unwind$?__empty_global_delete@@YAXPEAX@Z 0000000180000000     spanning_tree.obj
 0002:ffff2000       $unwind$?__empty_global_delete@@YAXPEAX_K@Z 0000000180000000     spanning_tree.obj
 0002:ffff2000       $unwind$?catch$1@?0???$?6U?$char_traits@D@std@@@std@@YAAEAV?$basic_ostream@DU?$char_traits@D@std@@@0@AEAV10@PEBD@Z@4HA 0000000180000000     spanning_tree.obj
 0002:ffff2000       $unwind$?dtor$0@?0???$?6U?$char_traits@D@std@@@std@@YAAEAV?$basic_ostream@DU?$char_traits@D@std@@@0@AEAV10@PEBD@Z@4HA 0000000180000000     spanning_tree.obj
 0002:ffff2000       $unwind$?dtor$0@?0???0sentry@?$basic_ostream@DU?$char_traits@D@std@@@std@@QEAA@AEAV12@@Z@4HA 0000000180000000     spanning_tree.obj
 0002:ffff2000       $unwind$?eof@?$_Narrow_char_traits@DH@std@@SAHXZ 0000000180000000     spanning_tree.obj
 0002:ffff2000       $unwind$?eq_int_type@?$_Narrow_char_traits@DH@std@@SA_NAEBH0@Z 0000000180000000     spanning_tree.obj
 0002:ffff2000       $unwind$?length@?$_Narrow_char_traits@DH@std@@SA_KQEBD@Z 0000000180000000     spanning_tree.obj
 0002:ffff2000       ??$?6U?$char_traits@D@std@@@std@@YAAEAV?$basic_ostream@DU?$char_traits@D@std@@@0@AEAV10@PEBD@Z$rtcName$0 0000000180000000     spanning_tree.obj
 0001:fffff000       ?catch$1@?0???$?6U?$char_traits@D@std@@@std@@YAAEAV?$basic_ostream@DU?$char_traits@D@std@@@0@AEAV10@PEBD@Z@4HA 0000000180000000 f   spanning_tree.obj
 0001:fffff000       ?dtor$0@?0???$?6U?$char_traits@D@std@@@std@@YAAEAV?$basic_ostream@DU?$char_traits@D@std@@@0@AEAV10@PEBD@Z@4HA 0000000180000000 f   spanning_tree.obj
 0001:fffff000       ?dtor$0@?0???0sentry@?$basic_ostream@DU?$char_traits@D@std@@@std@@QEAA@AEAV12@@Z@4HA 0000000180000000 f   spanning_tree.obj
 0000:fffe8000       _volmd                     0000000180000000     spanning_tree.obj
 0000:fffe8000       _volmd                     0000000180000000     spanning_tree.obj
 0000:fffe8000       _volmd                     0000000180000000     spanning_tree.obj
 0000:fffe8000       _volmd                     0000000180000000     spanning_tree.obj
 0000:fffe8000       _volmd                     0000000180000000     MSVCRTD:cpu_disp.obj
 0000:fffe8000       __guard_ehcont_?dllmain_dispatch@@YAHQEAUHINSTANCE__@@KQEAX@Z 0000000180000000     MSVCRTD:dll_dllmain.obj
 0000:fffe8000       __guard_fids_?dllmain_dispatch@@YAHQEAUHINSTANCE__@@KQEAX@Z 0000000180000000     MSVCRTD:dll_dllmain.obj
 0000:fffe8000       __guard_ehcont_?notify_debugger@@YAXAEBUtagEXCEPTION_VISUALCPP_DEBUG_INFO@@@Z 0000000180000000     MSVCRTD:error.obj
 0000:fffe8000       _volmd                     0000000180000000     MSVCRTD:gs_report.obj
 0000:fffe8000       _volmd                     0000000180000000     MSVCRTD:gs_report.obj
 0000:fffe8000       _volmd                     0000000180000000     MSVCRTD:gs_report.obj
 0000:fffe8000       __guard_fids__             0000000180000000     MSVCRTD:guard_support.obj
 0000:fffe8000       __guard_fids__             0000000180000000     MSVCRTD:guard_support.obj
 0000:fffe8000       __guard_fids__guard_icall_checks_enforced 0000000180000000     MSVCRTD:guard_support.obj
 0000:fffe8000       _volmd                     0000000180000000     MSVCRTD:guard_support.obj
 0000:fffe8000       _volmd                     0000000180000000     MSVCRTD:guard_support.obj
 0000:fffe8000       _volmd                     0000000180000000     MSVCRTD:guard_support.obj
 0000:fffe8000       __guard_fids__CRT_RTC_INIT 0000000180000000     MSVCRTD:init.obj
 0000:fffe8000       __guard_fids__CRT_RTC_INITW 0000000180000000     MSVCRTD:init.obj
 0000:fffe8000       __guard_fids__             0000000180000000     MSVCRTD:std_type_info_static.obj
 0002:ffff2000       $unwind$??0bad_alloc@std@@AEAA@QEBD@Z 0000000180000000     MSVCRTD:throw_bad_alloc.obj
 0002:ffff2000       $unwind$??0bad_alloc@std@@QEAA@AEBV01@@Z 0000000180000000     MSVCRTD:throw_bad_alloc.obj
 0002:ffff2000       $unwind$??0bad_array_new_length@std@@QEAA@AEBV01@@Z 0000000180000000     MSVCRTD:throw_bad_alloc.obj
 0002:ffff2000       $unwind$??0bad_array_new_length@std@@QEAA@XZ 0000000180000000     MSVCRTD:throw_bad_alloc.obj
 0002:ffff2000       $unwind$??0exception@std@@QEAA@AEBV01@@Z 0000000180000000     MSVCRTD:throw_bad_alloc.obj
 0002:ffff2000       $unwind$??0exception@std@@QEAA@QEBDH@Z 0000000180000000     MSVCRTD:throw_bad_alloc.obj
 0002:ffff2000       $unwind$??1bad_alloc@std@@UEAA@XZ 0000000180000000     MSVCRTD:throw_bad_alloc.obj
 0002:ffff2000       $unwind$??1bad_array_new_length@std@@UEAA@XZ 0000000180000000     MSVCRTD:throw_bad_alloc.obj
 0002:ffff2000       $unwind$??1exception@std@@UEAA@XZ 0000000180000000     MSVCRTD:throw_bad_alloc.obj
 0002:ffff2000       $unwind$??_Gbad_alloc@std@@UEAAPEAXI@Z 0000000180000000     MSVCRTD:throw_bad_alloc.obj
 0002:ffff2000       $unwind$??_Gbad_array_new_length@std@@UEAAPEAXI@Z 0000000180000000     MSVCRTD:throw_bad_alloc.obj
 0002:ffff2000       $unwind$??_Gexception@std@@UEAAPEAXI@Z 0000000180000000     MSVCRTD:throw_bad_alloc.obj
 0002:ffff2000       $unwind$?what@exception@std@@UEBAPEBDXZ 0000000180000000     MSVCRTD:throw_bad_alloc.obj
 0000:fffe8000       __guard_fids__             0000000180000000     MSVCRTD:throw_bad_alloc.obj
 0000:fffe8000       __guard_fids__             0000000180000000     MSVCRTD:throw_bad_alloc.obj
 0000:fffe8000       __guard_fids__             0000000180000000     MSVCRTD:throw_bad_alloc.obj
 0000:fffe8000       __guard_ehcont___scrt_is_nonwritable_in_current_image 0000000180000000     MSVCRTD:utility.obj
 0000:fffe8000       _volmd                     0000000180000000     MSVCRTD:utility.obj
 0000:fffe8000       _volmd                     0000000180000000     MSVCRTD:utility.obj
 0000:fffe8000       _volmd                     0000000180000000     MSVCRTD:utility.obj
 0000:fffe8000       __guard_fids___scrt_set_unhandled_exception_filter 0000000180000000     MSVCRTD:utility_desktop.obj
 0000:fffe8000       _volmd                     0000000180000000     MSVCRTD:utility_desktop.obj
 0000:fffe5000       .debug$S                   0000000180000000     msvcprtd:MSVCP140D.dll
 0000:fffe5000       .debug$S                   0000000180000000     msvcprtd:MSVCP140D.dll
 0000:fffe5000       .debug$S                   0000000180000000     msvcprtd:MSVCP140D.dll
 0000:fffe5000       .debug$S                   0000000180000000     msvcprtd:MSVCP140D.dll
 0000:fffe5000       .debug$S                   0000000180000000     msvcprtd:MSVCP140D.dll
 0000:fffe5000       .debug$S                   0000000180000000     msvcprtd:MSVCP140D.dll
 0000:fffe5000       .debug$S                   0000000180000000     msvcprtd:MSVCP140D.dll
 0000:fffe5000       .debug$S                   0000000180000000     msvcprtd:MSVCP140D.dll
 0000:fffe5000       .debug$S                   0000000180000000     msvcprtd:MSVCP140D.dll
 0000:fffe5000       .debug$S                   0000000180000000     msvcprtd:MSVCP140D.dll
 0000:fffe5000       .debug$S                   0000000180000000     msvcprtd:MSVCP140D.dll
 0000:fffe5000       .debug$S                   0000000180000000     msvcprtd:MSVCP140D.dll
 0000:fffe5000       .debug$S                   0000000180000000     msvcprtd:MSVCP140D.dll
 0000:fffe5000       .debug$S                   0000000180000000     msvcprtd:MSVCP140D.dll
 0000:fffe5000       .debug$S                   0000000180000000     msvcprtd:MSVCP140D.dll
 0000:fffe5000       .debug$S                   0000000180000000     msvcprtd:MSVCP140D.dll
 0000:fffe5000       .debug$S                   0000000180000000     msvcprtd:MSVCP140D.dll
 0000:fffe5000       .debug$S                   0000000180000000     msvcprtd:MSVCP140D.dll
 0000:fffe5000       .debug$S                   0000000180000000     msvcprtd:MSVCP140D.dll
 0000:fffe5000       .debug$S                   0000000180000000     msvcprtd:MSVCP140D.dll
 0000:fffe5000       .debug$S                   0000000180000000     msvcprtd:MSVCP140D.dll
 0000:fffe5000       .debug$S                   0000000180000000     vcruntimed:VCRUNTIME140D.dll
 0000:fffe5000       .debug$S                   0000000180000000     vcruntimed:VCRUNTIME140D.dll
 0000:fffe5000       .debug$S                   0000000180000000     vcruntimed:VCRUNTIME140D.dll
[...]
 0002:00004080       $unwind$??$forward@AEBUPoint@@@std@@YAAEBUPoint@@AEBU1@@Z 0000000180012080     math_library.obj
 0002:00004088       $unwind$??$construct@UPoint@@AEBU1@@?$_Default_allocator_traits@V?$allocator@UPoint@@@std@@@std@@SAXAEAV?$allocator@UPoint@@@1@QEAUPoint@@AEBU3@@Z 0000000180012088     math_library.obj
 0002:00004090       $unwind$??$_Allocate_manually_vector_aligned@U_Default_allocate_traits@std@@@std@@YAPEAX_K@Z 0000000180012090     math_library.obj
 0002:00004098       $unwind$??$uninitialized_copy@PEAPEAUPoint@@PEAPEAU1@@std@@YAPEAPEAUPoint@@QEAPEAU1@0PEAPEAU1@@Z 0000000180012098     math_library.obj
 0002:000040a0       $unwind$??$_Uninitialized_value_construct_n_unchecked1@PEAPEAUPoint@@_K@std@@YAPEAPEAUPoint@@PEAPEAU1@_K@Z 00000001800120a0     math_library.obj
 0002:000040a8       $unwind$??$_Destroy_range@PEAPEAUPoint@@PEAPEAU1@@std@@YAXPEAPEAUPoint@@QEAPEAU1@@Z 00000001800120a8     math_library.obj
 0002:000040b0       $unwind$??$_Get_size_of_n@$07@std@@YA_K_K@Z 00000001800120b0     math_library.obj
 0002:000040b8       $unwind$?deallocate@?$_Default_allocator_traits@V?$allocator@U_Container_proxy@std@@@std@@@std@@SAXAEAV?$allocator@U_Container_proxy@std@@@2@QEAU_Container_proxy@2@_K@Z 00000001800120b8     math_library.obj
 0002:000040c0       $unwind$??$_Voidify_iter@PEAUPoint@@@std@@YAPEAXPEAUPoint@@@Z 00000001800120c0     math_library.obj
 0002:000040c8       $unwind$??$_Adl_verify_range@PEAPEAUPoint@@PEAPEAU1@@std@@YAXAEBQEAPEAUPoint@@0@Z 00000001800120c8     math_library.obj
 0002:000040d0       $unwind$??$_Get_unwrapped@AEBQEAPEAUPoint@@@std@@YA?A_TAEBQEAPEAUPoint@@@Z 00000001800120d0     math_library.obj
 0002:000040d8       $unwind$??$_Idl_distance@PEAPEAUPoint@@PEAPEAU1@@std@@YA?A_PAEBQEAPEAUPoint@@0@Z 00000001800120d8     math_library.obj
 0002:000040e0       $unwind$??$_Get_unwrapped_n@AEAPEAPEAUPoint@@_J@std@@YA?A_TAEAPEAPEAUPoint@@_J@Z 00000001800120e0     math_library.obj
 0002:000040e8       $unwind$??$_Uninitialized_copy_unchecked@PEAPEAUPoint@@PEAPEAU1@@std@@YAPEAPEAUPoint@@PEAPEAU1@QEAPEAU1@0@Z 00000001800120e8     math_library.obj
 0002:000040f9       $cppxdata$??$_Uninitialized_copy_unchecked@PEAPEAUPoint@@PEAPEAU1@@std@@YAPEAPEAUPoint@@PEAPEAU1@QEAPEAU1@0@Z 00000001800120f9     math_library.obj
 0002:00004102       $stateUnwindMap$??$_Uninitialized_copy_unchecked@PEAPEAUPoint@@PEAPEAU1@@std@@YAPEAPEAUPoint@@PEAPEAU1@QEAPEAU1@0@Z 0000000180012102     math_library.obj
 0002:00004108       $ip2state$??$_Uninitialized_copy_unchecked@PEAPEAUPoint@@PEAPEAU1@@std@@YAPEAPEAUPoint@@PEAPEAU1@QEAPEAU1@0@Z 0000000180012108     math_library.obj
 0002:0000410c       $unwind$?dtor$0@?0???$_Uninitialized_copy_unchecked@PEAPEAUPoint@@PEAPEAU1@@std@@YAPEAPEAUPoint@@PEAPEAU1@QEAPEAU1@0@Z@4HA 000000018001210c     math_library.obj
 0002:0000411c       $unwind$??$_Seek_wrapped@PEAPEAUPoint@@PEAPEAU1@@std@@YAXAEAPEAPEAUPoint@@$$QEAPEAPEAU1@@Z 000000018001211c     math_library.obj
 0002:00004124       $unwind$??$_Zero_range@PEAPEAUPoint@@@std@@YAPEAPEAUPoint@@QEAPEAU1@0@Z 0000000180012124     math_library.obj
 0002:0000412c       $unwind$??$_Verify_range@PEAUPoint@@@std@@YAXQEBQEAUPoint@@0@Z 000000018001212c     math_library.obj
 0002:00004134       $unwind$??$_Copy_memmove@PEAPEAUPoint@@PEAPEAU1@@std@@YAPEAPEAUPoint@@PEAPEAU1@00@Z 0000000180012134     math_library.obj
 0002:0000413c       $unwind$??0?$_Uninitialized_backout@PEAPEAUPoint@@@std@@QEAA@PEAPEAUPoint@@@Z 000000018001213c     math_library.obj
 0002:00004144       $unwind$??1?$_Uninitialized_backout@PEAPEAUPoint@@@std@@QEAA@XZ 0000000180012144     math_library.obj
 0002:0000414c       $unwind$?_Release@?$_Uninitialized_backout@PEAPEAUPoint@@@std@@QEAAPEAPEAUPoint@@XZ 000000018001214c     math_library.obj
 0002:00004154       $unwind$??$_Emplace_back@AEAPEAUPoint@@@?$_Uninitialized_backout@PEAPEAUPoint@@@std@@QEAAXAEAPEAUPoint@@@Z 0000000180012154     math_library.obj
 0002:0000415c       $unwind$??$forward@PEAPEAUPoint@@@std@@YA$$QEAPEAPEAUPoint@@AEAPEAPEAU1@@Z 000000018001215c     math_library.obj
 0002:00004164       $unwind$??$_To_address@PEAPEAUPoint@@@std@@YA?A_PAEBQEAPEAUPoint@@@Z 0000000180012164     math_library.obj
 0002:0000416c       $unwind$??$forward@AEAPEAUPoint@@@std@@YAAEAPEAUPoint@@AEAPEAU1@@Z 000000018001216c     math_library.obj
 0002:00004174       $unwind$??$_Construct_in_place@PEAUPoint@@AEAPEAU1@@std@@YAXAEAPEAUPoint@@0@Z 0000000180012174     math_library.obj
 0002:0000417c       $unwind$??$addressof@PEAUPoint@@@std@@YAPEAPEAUPoint@@AEAPEAU1@@Z 000000018001217c     math_library.obj
 0002:00004184       $unwind$??$_Voidify_iter@PEAPEAUPoint@@@std@@YAPEAXPEAPEAUPoint@@@Z 0000000180012184     math_library.obj
 0002:0000418c       $unwind$__local_stdio_printf_options 000000018001218c     spanning_tree.obj
 0002:00004194       $unwind$_vfprintf_l        0000000180012194     spanning_tree.obj
 0002:0000419c       $unwind$printf             000000018001219c     spanning_tree.obj
 0002:000041a4       $unwind$?calc_mininum_spaning@@YAXXZ 00000001800121a4     spanning_tree.obj
 0002:000041b8       $unwind$?minKey@@YAHQEAHQEA_N@Z 00000001800121b8     spanning_tree.obj
 0002:000041c0       $unwind$?printMST@@YAXQEAHQEAY04H@Z 00000001800121c0     spanning_tree.obj
 0002:000041c8       $unwind$?primMST@@YAXQEAY04H@Z 00000001800121c8     spanning_tree.obj
 0002:000041e4       $unwind$_RTC_Shutdown      00000001800121e4     MSVCRTD:init.obj
 0002:000041ec       $unwind$_RTC_InitBase      00000001800121ec     MSVCRTD:init.obj
 0002:000041f4       $unwind$??2@YAPEAX_K@Z     00000001800121f4     MSVCRTD:new_scalar.obj
 0002:000041fc       $unwind$??3@YAXPEAX_K@Z    00000001800121fc     MSVCRTD:delete_scalar_size.obj
 0002:00004204       $unwind$_RTC_CheckStackVars 0000000180012204     MSVCRTD:stack.obj
 0002:00004218       $chain$0$_RTC_CheckStackVars 0000000180012218     MSVCRTD:stack.obj
 0002:00004230       $chain$1$_RTC_CheckStackVars 0000000180012230     MSVCRTD:stack.obj
 0002:00004244       $unwind$_RTC_CheckStackVars2 0000000180012244     MSVCRTD:stack.obj
 0002:00004254       $chain$1$_RTC_CheckStackVars2 0000000180012254     MSVCRTD:stack.obj
 0002:00004270       $chain$2$_RTC_CheckStackVars2 0000000180012270     MSVCRTD:stack.obj
 0002:00004288       $chain$3$_RTC_CheckStackVars2 0000000180012288     MSVCRTD:stack.obj
 0002:000042a0       $chain$4$_RTC_CheckStackVars2 00000001800122a0     MSVCRTD:stack.obj
 0002:000042b4       $chain$5$_RTC_CheckStackVars2 00000001800122b4     MSVCRTD:stack.obj
 0002:000042c8       $chain$6$_RTC_CheckStackVars2 00000001800122c8     MSVCRTD:stack.obj
 0002:000042dc       $unwind$_RTC_AllocaHelper  00000001800122dc     MSVCRTD:stack.obj
 0002:000042e4       $chain$0$_RTC_AllocaHelper 00000001800122e4     MSVCRTD:stack.obj
 0002:000042fc       $chain$1$_RTC_AllocaHelper 00000001800122fc     MSVCRTD:stack.obj
 0002:00004310       $unwind$__GSHandlerCheckCommon 0000000180012310     MSVCRTD:gshandler.obj
 0002:00004318       $unwind$__GSHandlerCheck   0000000180012318     MSVCRTD:gshandler.obj
 0002:00004320       $xdatasym                  0000000180012320     MSVCRTD:amdsecgs.obj
 0002:00004324       $unwind$??_Gtype_info@@UEAAPEAXI@Z 0000000180012324     MSVCRTD:std_type_info_static.obj
 0002:0000432c       $unwind$__report_securityfailure 000000018001232c     MSVCRTD:gs_report.obj
 0002:00004334       $unwind$__report_securityfailureEx 0000000180012334     MSVCRTD:gs_report.obj
 0002:0000433c       $unwind$__report_rangecheckfailure 000000018001233c     MSVCRTD:gs_report.obj
 0002:00004344       $unwind$__report_gsfailure 0000000180012344     MSVCRTD:gs_report.obj
 0002:0000434c       $unwind$capture_current_context 000000018001234c     MSVCRTD:gs_report.obj
 0002:00004354       $unwind$capture_previous_context 0000000180012354     MSVCRTD:gs_report.obj
 0002:0000435c       $unwind$__raise_securityfailure 000000018001235c     MSVCRTD:gs_report.obj
 0002:00004364       $unwind$_RTC_UninitUse     0000000180012364     MSVCRTD:error.obj
 0002:00004380       $unwind$?_RTC_StackFailure@@YAXPEAXPEBD@Z 0000000180012380     MSVCRTD:error.obj
 0002:000043a0       $unwind$?_RTC_AllocaFailure@@YAXPEAXPEAU_RTC_ALLOCA_NODE@@H@Z 00000001800123a0     MSVCRTD:error.obj
 0002:000043bc       $chain$0$?_RTC_AllocaFailure@@YAXPEAXPEAU_RTC_ALLOCA_NODE@@H@Z 00000001800123bc     MSVCRTD:error.obj
 0002:000043d4       $chain$1$?_RTC_AllocaFailure@@YAXPEAXPEAU_RTC_ALLOCA_NODE@@H@Z 00000001800123d4     MSVCRTD:error.obj
 0002:000043e8       $unwind$_vsprintf_s_l      00000001800123e8     MSVCRTD:error.obj
 0002:00004400       $unwind$sprintf_s          0000000180012400     MSVCRTD:error.obj
 0002:00004408       $unwind$?notify_debugger@@YAXAEBUtagEXCEPTION_VISUALCPP_DEBUG_INFO@@@Z 0000000180012408     MSVCRTD:error.obj
 0002:0000442c       $unwind$?filt$0@?0??notify_debugger@@YAXAEBUtagEXCEPTION_VISUALCPP_DEBUG_INFO@@@Z@4HA 000000018001242c     MSVCRTD:error.obj
 0002:00004434       $unwind$?DebuggerProbe@@YA_NK@Z 0000000180012434     MSVCRTD:error.obj
 0002:0000443c       $unwind$?DebuggerRuntime@@YA_NKHPEAXPEB_W@Z 000000018001243c     MSVCRTD:error.obj
 0002:00004444       $unwind$?failwithmessage@@YAXPEAXHHPEBD@Z 0000000180012444     MSVCRTD:error.obj
 0002:0000446c       $unwind$?_getMemBlockDataString@@YAXPEAD0PEBD_K@Z 000000018001246c     MSVCRTD:error.obj
 0002:00004480       $chain$3$?_getMemBlockDataString@@YAXPEAD0PEBD_K@Z 0000000180012480     MSVCRTD:error.obj
 0002:000044a4       $chain$4$?_getMemBlockDataString@@YAXPEAD0PEBD_K@Z 00000001800124a4     MSVCRTD:error.obj
 0002:000044b8       $unwind$?dllmain_crt_process_attach@@YAHQEAUHINSTANCE__@@QEAX@Z 00000001800124b8     MSVCRTD:dll_dllmain.obj
 0002:000044dc       $unwind$?fin$0@?0??dllmain_crt_process_attach@@YAHQEAUHINSTANCE__@@QEAX@Z@4HA 00000001800124dc     MSVCRTD:dll_dllmain.obj
 0002:000044e4       $unwind$?dllmain_crt_process_detach@@YAH_N@Z 00000001800124e4     MSVCRTD:dll_dllmain.obj
 0002:00004518       $unwind$?fin$0@?0??dllmain_crt_process_detach@@YAH_N@Z@4HA 0000000180012518     MSVCRTD:dll_dllmain.obj
 0002:00004520       $unwind$?fin$1@?0??dllmain_crt_process_detach@@YAH_N@Z@4HA 0000000180012520     MSVCRTD:dll_dllmain.obj
 0002:00004528       $unwind$?dllmain_crt_dispatch@@YAHQEAUHINSTANCE__@@KQEAX@Z 0000000180012528     MSVCRTD:dll_dllmain.obj
 0002:00004530       $unwind$_CRT_INIT          0000000180012530     MSVCRTD:dll_dllmain.obj
 0002:00004538       $unwind$?dllmain_raw@@YAHQEAUHINSTANCE__@@KQEAX@Z 0000000180012538     MSVCRTD:dll_dllmain.obj
 0002:00004540       $unwind$?dllmain_dispatch@@YAHQEAUHINSTANCE__@@KQEAX@Z 0000000180012540     MSVCRTD:dll_dllmain.obj
 0002:00004564       $unwind$?filt$0@?0??dllmain_dispatch@@YAHQEAUHINSTANCE__@@KQEAX@Z@4HA 0000000180012564     MSVCRTD:dll_dllmain.obj
 0002:0000456c       $unwind$_DllMainCRTStartup 000000018001256c     MSVCRTD:dll_dllmain.obj
 0002:00004574       $unwind$??0bad_alloc@std@@QEAA@XZ 0000000180012574     MSVCRTD:throw_bad_alloc.obj
 0002:0000457c       $unwind$?__scrt_throw_std_bad_alloc@@YAXXZ 000000018001257c     MSVCRTD:throw_bad_alloc.obj
 0002:00004584       $unwind$?__scrt_throw_std_bad_array_new_length@@YAXXZ 0000000180012584     MSVCRTD:throw_bad_alloc.obj
 0002:0000458c       $unwind$??3@YAXPEAX@Z      000000018001258c     MSVCRTD:delete_scalar.obj
 0002:00004594       $unwind$?_RTC_GetSrcLine@@YAHPEAEPEA_WKPEAH1K@Z 0000000180012594     MSVCRTD:pdblkup.obj
 0002:000045b0       $unwind$?GetPdbDllFromInstallPath@@YAPEAUHINSTANCE__@@XZ 00000001800125b0     MSVCRTD:pdblkup.obj
 0002:000045d8       $unwind$?GetPdbDllPathFromFilePath@@YAHPEB_WPEA_W_K@Z 00000001800125d8     MSVCRTD:pdblkup.obj
 0002:000045f4       $unwind$?GetPdbDll@@YAPEAUHINSTANCE__@@XZ 00000001800125f4     MSVCRTD:pdblkup.obj
 0002:00004608       $unwind$ReadNoFence64      0000000180012608     MSVCRTD:guard_support.obj
 0002:00004610       $unwind$ReadPointerNoFence 0000000180012610     MSVCRTD:guard_support.obj
 0002:00004618       $unwind$_guard_icall_checks_enforced 0000000180012618     MSVCRTD:guard_support.obj
 0002:00004620       $unwind$__castguard_compat_check 0000000180012620     MSVCRTD:guard_support.obj
 0002:00004628       $unwind$__castguard_check_failure_debugbreak 0000000180012628     MSVCRTD:guard_support.obj
 0002:00004630       $unwind$__castguard_check_failure_fastfail 0000000180012630     MSVCRTD:guard_support.obj
 0002:00004638       $unwind$__castguard_check_failure_os_handled 0000000180012638     MSVCRTD:guard_support.obj
 0002:00004640       $unwind$__castguard_slow_path_compat_check 0000000180012640     MSVCRTD:guard_support.obj
 0002:00004648       $unwind$__castguard_slow_path_check_debugbreak 0000000180012648     MSVCRTD:guard_support.obj
 0002:00004650       $unwind$__castguard_slow_path_check_fastfail 0000000180012650     MSVCRTD:guard_support.obj
 0002:00004658       $unwind$__castguard_slow_path_check_os_handled 0000000180012658     MSVCRTD:guard_support.obj
 0002:00004660       $unwind$__security_init_cookie 0000000180012660     MSVCRTD:gs_support.obj
 0002:00004668       $unwind$__get_entropy      0000000180012668     MSVCRTD:gs_support.obj
 0002:00004670       $unwind$?__scrt_initialize_type_info@@YAXXZ 0000000180012670     MSVCRTD:tncleanup.obj
 0002:00004678       $unwind$?__scrt_uninitialize_type_info@@YAXXZ 0000000180012678     MSVCRTD:tncleanup.obj
 0002:00004680       $unwind$__scrt_initialize_default_local_stdio_options 0000000180012680     MSVCRTD:default_local_stdio_options.obj
 0002:00004688       $unwind$atexit             0000000180012688     MSVCRTD:utility.obj
 0002:00004690       $unwind$_onexit            0000000180012690     MSVCRTD:utility.obj
 0002:00004698       $unwind$at_quick_exit      0000000180012698     MSVCRTD:utility.obj
 0002:000046a0       $unwind$__scrt_is_nonwritable_in_current_image 00000001800126a0     MSVCRTD:utility.obj
 0002:000046c4       $unwind$__scrt_is_nonwritable_in_current_image$filt$0 00000001800126c4     MSVCRTD:utility.obj
 0002:000046cc       $unwind$__scrt_acquire_startup_lock 00000001800126cc     MSVCRTD:utility.obj
 0002:000046d4       $unwind$__scrt_release_startup_lock 00000001800126d4     MSVCRTD:utility.obj
 0002:000046dc       $unwind$__scrt_initialize_crt 00000001800126dc     MSVCRTD:utility.obj
 0002:000046e4       $unwind$__scrt_uninitialize_crt 00000001800126e4     MSVCRTD:utility.obj
 0002:000046ec       $unwind$__scrt_initialize_onexit_tables 00000001800126ec     MSVCRTD:utility.obj
 0002:000046fc       $unwind$__scrt_dllmain_exception_filter 00000001800126fc     MSVCRTD:utility.obj
 0002:00004704       $unwind$__scrt_dllmain_before_initialize_c 0000000180012704     MSVCRTD:utility.obj
 0002:0000470c       $unwind$__scrt_dllmain_after_initialize_c 000000018001270c     MSVCRTD:utility.obj
 0002:00004714       $unwind$__scrt_dllmain_uninitialize_c 0000000180012714     MSVCRTD:utility.obj
 0002:0000471c       $unwind$__scrt_dllmain_uninitialize_critical 000000018001271c     MSVCRTD:utility.obj
 0002:00004724       $unwind$__scrt_dllmain_crt_thread_attach 0000000180012724     MSVCRTD:utility.obj
 0002:0000472c       $unwind$__scrt_dllmain_crt_thread_detach 000000018001272c     MSVCRTD:utility.obj
 0002:00004734       $unwind$?configure_argv@__scrt_narrow_argv_policy@@SAHXZ 0000000180012734     MSVCRTD:utility.obj
 0002:0000473c       $unwind$?initialize_environment@__scrt_narrow_environment_policy@@SAHXZ 000000018001273c     MSVCRTD:utility.obj
 0002:00004744       $unwind$?is_potentially_valid_image_base@@YA_NQEAX@Z 0000000180012744     MSVCRTD:utility.obj
 0002:0000474c       $unwind$?find_pe_section@@YAPEAU_IMAGE_SECTION_HEADER@@QEAE_K@Z 000000018001274c     MSVCRTD:utility.obj
 0002:00004754       $unwind$__scrt_get_show_window_mode 0000000180012754     MSVCRTD:utility_desktop.obj
 0002:00004764       $unwind$__scrt_is_managed_app 0000000180012764     MSVCRTD:utility_desktop.obj
 0002:0000476c       $unwind$__scrt_initialize_mta 000000018001276c     MSVCRTD:utility_desktop.obj
 0002:00004774       $unwind$__scrt_set_unhandled_exception_filter 0000000180012774     MSVCRTD:utility_desktop.obj
 0002:0000477c       $unwind$__scrt_fastfail    000000018001277c     MSVCRTD:utility_desktop.obj
 0002:0000478c       $unwind$__scrt_unhandled_exception_filter 000000018001278c     MSVCRTD:utility_desktop.obj
 0002:00004794       $unwind$_RTC_Initialize    0000000180012794     MSVCRTD:initsect.obj
 0002:000047a4       $unwind$_RTC_Terminate     00000001800127a4     MSVCRTD:initsect.obj
 0002:000047b8       $xdatasym                  00000001800127b8     MSVCRTD:guard_dispatch.obj
 0002:000047c0       $xdatasym                  00000001800127c0     MSVCRTD:guard_xfg_dispatch.obj
 0002:000047c4       $unwind$__isa_available_init 00000001800127c4     MSVCRTD:cpu_disp.obj
 0002:000047d8       $unwind$__scrt_is_ucrt_dll_in_use 00000001800127d8     MSVCRTD:ucrt_detection.obj
 0002:00004cd0       .edata                     0000000180012cd0     dynamic_library.exp
 0002:00004cf8       rgpv                       0000000180012cf8     dynamic_library.exp
 0002:00004d18       rgszName                   0000000180012d18     dynamic_library.exp
 0002:00004d38       rgwOrd                     0000000180012d38     dynamic_library.exp
 0002:00004d48       szName                     0000000180012d48     dynamic_library.exp
 0002:00004d5c       $N00001                    0000000180012d5c     dynamic_library.exp
 0002:00004d75       $N00002                    0000000180012d75     dynamic_library.exp
 0002:00004d9b       $N00003                    0000000180012d9b     dynamic_library.exp
 0002:00004dbf       $N00004                    0000000180012dbf     dynamic_library.exp
 0002:00004de7       $N00005                    0000000180012de7     dynamic_library.exp
 0002:00004e04       $N00006                    0000000180012e04     dynamic_library.exp
 0002:00004e32       $N00007                    0000000180012e32     dynamic_library.exp
 0002:00004ea8       $N00008                    0000000180012ea8     dynamic_library.exp
 0003:00000449       ?init@?1??_RTC_InitBase@@9@4_NA 0000000180014449     MSVCRTD:init.obj
 0003:00000450       GS_ExceptionRecord         0000000180014450     MSVCRTD:gs_report.obj
 0003:000004f0       GS_ContextRecord           00000001800144f0     MSVCRTD:gs_report.obj
 0003:00000ad8       ?__proc_attached@@3HA      0000000180014ad8     MSVCRTD:dll_dllmain.obj
 0003:00000ae0       ?_RTC_ErrorReportFunc@@3P6AHHPEBDH00ZZEA 0000000180014ae0     MSVCRTD:userapi.obj
 0003:00000ae8       ?_RTC_ErrorReportFuncW@@3P6AHHPEB_WH00ZZEA 0000000180014ae8     MSVCRTD:userapi.obj
 0003:00000af8       ?mspdb@@3PEAUHINSTANCE__@@EA 0000000180014af8     MSVCRTD:pdblkup.obj
 0003:00000b01       ?alreadyTried@?1??GetPdbDll@@YAPEAUHINSTANCE__@@XZ@4_NA 0000000180014b01     MSVCRTD:pdblkup.obj
 0003:00000b02       ?PDBOK@?1??_RTC_GetSrcLine@@YAHPEAEPEA_WKPEAH1K@Z@4_NA 0000000180014b02     MSVCRTD:pdblkup.obj
 0003:00000b58       ?is_initialized_as_dll@@3_NA 0000000180014b58     MSVCRTD:utility.obj
 0003:00000b59       ?module_local_atexit_table_initialized@@3_NA 0000000180014b59     MSVCRTD:utility.obj
 0003:00000b60       ?module_local_atexit_table@@3U_onexit_table_t@@A 0000000180014b60     MSVCRTD:utility.obj
 0003:00000b78       ?module_local_at_quick_exit_table@@3U_onexit_table_t@@A 0000000180014b78     MSVCRTD:utility.obj
 0005:00000f1c       .idata$6                   0000000180016f1c     msvcprtd:MSVCP140D.dll
 0005:00001076       .idata$6                   0000000180017076     vcruntimed:VCRUNTIME140D.dll
 0005:00001088       .idata$6                   0000000180017088     vcruntimed:VCRUNTIME140_1D.dll
 0005:00001286       .idata$6                   0000000180017286     ucrtd:ucrtbased.dll
 0005:000014ac       .idata$6                   00000001800174ac     kernel32:KERNEL32.dll
 0007:00000170       $R000000                   0000000180019170     * linker generated manifest res *
