 dynamic_library

 Timestamp is 60e9b186 (Sat Jul 10 16:41:10 2021)

 Preferred load address is 0000000180000000

 Start         Length     Name                   Class
 0001:00000000 00002240H .text$mn                CODE
 0001:00002240 00000040H .text$mn$00             CODE
 0001:00002280 000000feH .text$x                 CODE
 0002:00000000 000001d0H .idata$5                DATA
 0002:000001d0 00000028H .00cfg                  DATA
 0002:000001f8 00000008H .CRT$XCA                DATA
 0002:00000200 00000008H .CRT$XCZ                DATA
 0002:00000208 00000008H .CRT$XIA                DATA
 0002:00000210 00000008H .CRT$XIZ                DATA
 0002:00000218 00000008H .CRT$XPA                DATA
 0002:00000220 00000008H .CRT$XPZ                DATA
 0002:00000228 00000008H .CRT$XTA                DATA
 0002:00000230 00000010H .CRT$XTZ                DATA
 0002:00000238 00000000H .gehcont$y              DATA
 0002:00000238 00000000H .gfids$y                DATA
 0002:00000240 00000340H .rdata                  DATA
 0002:00000580 00000000H .rdata$CastGuardVftablesA DATA
 0002:00000580 00000000H .rdata$CastGuardVftablesC DATA
 0002:00000580 000001f4H .rdata$r                DATA
 0002:00000774 00000070H .rdata$voltmd           DATA
 0002:000007e4 000002a4H .rdata$zzzdbg           DATA
 0002:00000a88 00000008H .rtc$IAA                DATA
 0002:00000a90 00000008H .rtc$IZZ                DATA
 0002:00000a98 00000008H .rtc$TAA                DATA
 0002:00000aa0 00000008H .rtc$TZZ                DATA
 0002:00000aa8 000003d8H .xdata                  DATA
 0002:00000e80 000000f0H .xdata$x                DATA
 0002:00000f70 00000200H .edata                  DATA
 0002:00001170 000000a0H .idata$2                DATA
 0002:00001210 00000018H .idata$3                DATA
 0002:00001228 000001d0H .idata$4                DATA
 0002:000013f8 000006ccH .idata$6                DATA
 0003:00000000 00000038H .data                   DATA
 0003:00000038 00000080H .data$r                 DATA
 0003:000000b8 00000028H .data$rs                DATA
 0003:000000e0 00000610H .bss                    DATA
 0004:00000000 0000036cH .pdata                  DATA
 0005:00000000 00000060H .rsrc$01                DATA
 0005:00000060 00000180H .rsrc$02                DATA

  Address         Publics by Value              Rva+Base               Lib:Object

 0000:00000000       __guard_iat_count          0000000000000000     <absolute>
 0000:00000000       ___safe_se_handler_count   0000000000000000     <absolute>
 0000:00000000       __hybrid_auxiliary_iat     0000000000000000     <absolute>
 0000:00000000       __hybrid_code_map          0000000000000000     <absolute>
 0000:00000000       __hybrid_auxiliary_iat_copy 0000000000000000     <absolute>
 0000:00000000       __dynamic_value_reloc_table 0000000000000000     <absolute>
 0000:00000000       __hybrid_code_map_count    0000000000000000     <absolute>
 0000:00000000       __guard_longjmp_count      0000000000000000     <absolute>
 0000:00000000       __guard_eh_cont_count      0000000000000000     <absolute>
 0000:00000000       __arm64x_extra_rfe_table   0000000000000000     <absolute>
 0000:00000000       __guard_fids_count         0000000000000000     <absolute>
 0000:00000000       __AbsoluteZero             0000000000000000     <absolute>
 0000:00000000       __guard_iat_table          0000000000000000     <absolute>
 0000:00000000       __arm64x_redirection_metadata 0000000000000000     <absolute>
 0000:00000000       __arm64x_extra_rfe_table_size 0000000000000000     <absolute>
 0000:00000000       __guard_check_icall_a64n_fptr 0000000000000000     <absolute>
 0000:00000000       __guard_fids_table         0000000000000000     <absolute>
 0000:00000000       __x64_code_ranges_to_entry_points 0000000000000000     <absolute>
 0000:00000000       __x64_code_ranges_to_entry_points_count 0000000000000000     <absolute>
 0000:00000000       ___safe_se_handler_table   0000000000000000     <absolute>
 0000:00000000       __arm64x_native_entrypoint 0000000000000000     <absolute>
 0000:00000000       __guard_eh_cont_table      0000000000000000     <absolute>
 0000:00000000       __guard_longjmp_table      0000000000000000     <absolute>
 0000:00000000       __arm64x_redirection_metadata_count 0000000000000000     <absolute>
 0000:00000000       __enclave_config           0000000000000000     <absolute>
 0000:00000100       __guard_flags              0000000000000100     <absolute>
 0000:00000000       __ImageBase                0000000180000000     <linker-defined>
 0001:00000000       _get_startup_argv_mode     0000000180001000 f   MSVCRT:argv_mode.obj
 0001:00000000       DllMain                    0000000180001000 f   dllmain.obj
 0001:00000010       ??$?6U?$char_traits@D@std@@@std@@YAAEAV?$basic_ostream@DU?$char_traits@D@std@@@0@AEAV10@PEBD@Z 0000000180001010 f i math_library.obj
 0001:000001e0       ??$endl@DU?$char_traits@D@std@@@std@@YAAEAV?$basic_ostream@DU?$char_traits@D@std@@@0@AEAV10@@Z 00000001800011e0 f i math_library.obj
 0001:00000220       ??4Cmathlibrary@@QEAAAEAV0@$$QEAV0@@Z 0000000180001220 f i math_library.obj
 0001:00000220       ??0Cmathlibrary@@QEAA@XZ   0000000180001220 f i math_library.obj
 0001:00000220       ??4Cmathlibrary@@QEAAAEAV0@AEBV0@@Z 0000000180001220 f i math_library.obj
 0001:00000230       ??0bad_alloc@std@@QEAA@AEBV01@@Z 0000000180001230 f i math_library.obj
 0001:00000270       ??0bad_array_new_length@std@@QEAA@AEBV01@@Z 0000000180001270 f i math_library.obj
 0001:000002b0       ??0bad_array_new_length@std@@QEAA@XZ 00000001800012b0 f i math_library.obj
 0001:000002e0       ??0exception@std@@QEAA@AEBV01@@Z 00000001800012e0 f i math_library.obj
 0001:00000320       ??1?$deque@UPoint@@V?$allocator@UPoint@@@std@@@std@@QEAA@XZ 0000000180001320 f i math_library.obj
 0001:000003f0       ??1?$stack@UPoint@@V?$deque@UPoint@@V?$allocator@UPoint@@@std@@@std@@@std@@QEAA@XZ 00000001800013f0 f i math_library.obj
 0001:00000400       ??1_Sentry_base@?$basic_ostream@DU?$char_traits@D@std@@@std@@QEAA@XZ 0000000180001400 f i math_library.obj
 0001:00000430       ??1bad_array_new_length@std@@UEAA@XZ 0000000180001430 f i math_library.obj
 0001:00000430       ??1bad_alloc@std@@UEAA@XZ  0000000180001430 f i MSVCRT:throw_bad_alloc.obj
 0001:00000450       ??1sentry@?$basic_ostream@DU?$char_traits@D@std@@@std@@QEAA@XZ 0000000180001450 f i math_library.obj
 0001:00000490       ??_Ebad_array_new_length@std@@UEAAPEAXI@Z 0000000180001490 f i math_library.obj
 0001:00000490       ??_Gexception@std@@UEAAPEAXI@Z 0000000180001490 f i math_library.obj
 0001:00000490       ??_Gbad_array_new_length@std@@UEAAPEAXI@Z 0000000180001490 f i math_library.obj
 0001:00000490       ??_Ebad_alloc@std@@UEAAPEAXI@Z 0000000180001490 f i math_library.obj
 0001:00000490       ??_Eexception@std@@UEAAPEAXI@Z 0000000180001490 f i math_library.obj
 0001:00000490       ??_Gbad_alloc@std@@UEAAPEAXI@Z 0000000180001490 f i math_library.obj
 0001:000004e0       ?_Growmap@?$deque@UPoint@@V?$allocator@UPoint@@@std@@@std@@AEAAX_K@Z 00000001800014e0 f i math_library.obj
 0001:000006c0       ?_Throw_bad_array_new_length@std@@YAXXZ 00000001800016c0 f i math_library.obj
 0001:000006c0       ?__scrt_throw_std_bad_array_new_length@@YAXXZ 00000001800016c0 f i MSVCRT:throw_bad_alloc.obj
 0001:000006e0       ?_Xlen@?$deque@UPoint@@V?$allocator@UPoint@@@std@@@std@@AEBAXXZ 00000001800016e0 f i math_library.obj
 0001:00000700       ?calc_convex_hull@Cmathlibrary@@QEAAHXZ 0000000180001700 f   math_library.obj
 0001:00000770       ?compare@@YAHPEBX0@Z       0000000180001770 f   math_library.obj
 0001:00000820       ?convexHull@Cmathlibrary@@AEAAXQEAUPoint@@H@Z 0000000180001820 f   math_library.obj
 0001:00000d60       ?nextToTop@Cmathlibrary@@AEAA?AUPoint@@AEAV?$stack@UPoint@@V?$deque@UPoint@@V?$allocator@UPoint@@@std@@@std@@@std@@@Z 0000000180001d60 f   math_library.obj
 0001:00000e20       ?push@?$stack@UPoint@@V?$deque@UPoint@@V?$allocator@UPoint@@@std@@@std@@@std@@QEAAXAEBUPoint@@@Z 0000000180001e20 f i math_library.obj
 0001:00000ef0       ?swap@Cmathlibrary@@AEAAXAEAUPoint@@0@Z 0000000180001ef0 f   math_library.obj
 0001:00000f00       ?what@exception@std@@UEBAPEBDXZ 0000000180001f00 f i math_library.obj
 0001:00000f20       ?calc_mininum_spaning@@YAXXZ 0000000180001f20 f   spanning_tree.obj
 0001:00000fc0       ?primMST@@YAXQEAY04H@Z     0000000180001fc0 f   spanning_tree.obj
 0001:00001240       __local_stdio_printf_options 0000000180002240 f i spanning_tree.obj
 0001:00001250       printf                     0000000180002250 f i spanning_tree.obj
 0001:000012a8       ??2@YAPEAX_K@Z             00000001800022a8 f   MSVCRT:new_scalar.obj
 0001:000012e4       ??3@YAXPEAX_K@Z            00000001800022e4 f   MSVCRT:delete_scalar_size.obj
 0001:000012ec       __GSHandlerCheck           00000001800022ec f   MSVCRT:gshandler.obj
 0001:0000130c       __GSHandlerCheckCommon     000000018000230c f   MSVCRT:gshandler.obj
 0001:00001380       __security_check_cookie    0000000180002380 f   MSVCRT:amdsecgs.obj
 0001:000013a0       ??_Gtype_info@@UEAAPEAXI@Z 00000001800023a0 f i MSVCRT:std_type_info_static.obj
 0001:000013a0       ??_Etype_info@@UEAAPEAXI@Z 00000001800023a0 f i MSVCRT:std_type_info_static.obj
 0001:000013cc       __raise_securityfailure    00000001800023cc f   MSVCRT:gs_report.obj
 0001:00001400       __report_gsfailure         0000000180002400 f   MSVCRT:gs_report.obj
 0001:000014d4       __report_rangecheckfailure 00000001800024d4 f   MSVCRT:gs_report.obj
 0001:000014e8       __report_securityfailure   00000001800024e8 f   MSVCRT:gs_report.obj
 0001:00001988       _DllMainCRTStartup         0000000180002988 f   MSVCRT:dll_dllmain.obj
 0001:000019c8       ??0bad_alloc@std@@QEAA@XZ  00000001800029c8 f i MSVCRT:throw_bad_alloc.obj
 0001:000019e8       ?__scrt_throw_std_bad_alloc@@YAXXZ 00000001800029e8 f   MSVCRT:throw_bad_alloc.obj
 0001:00001a08       ??3@YAXPEAX@Z              0000000180002a08 f   MSVCRT:delete_scalar.obj
 0001:00001a10       __security_init_cookie     0000000180002a10 f   MSVCRT:gs_support.obj
 0001:00001abc       ?__scrt_initialize_type_info@@YAXXZ 0000000180002abc f   MSVCRT:tncleanup.obj
 0001:00001acc       ?__scrt_uninitialize_type_info@@YAXXZ 0000000180002acc f   MSVCRT:tncleanup.obj
 0001:00001ad8       __local_stdio_scanf_options 0000000180002ad8 f i MSVCRT:default_local_stdio_options.obj
 0001:00001ae0       __scrt_initialize_default_local_stdio_options 0000000180002ae0 f   MSVCRT:default_local_stdio_options.obj
 0001:00001afc       __scrt_acquire_startup_lock 0000000180002afc f   MSVCRT:utility.obj
 0001:00001b38       __scrt_dllmain_after_initialize_c 0000000180002b38 f   MSVCRT:utility.obj
 0001:00001b6c       __scrt_dllmain_before_initialize_c 0000000180002b6c f   MSVCRT:utility.obj
 0001:00001b84       __scrt_dllmain_crt_thread_attach 0000000180002b84 f   MSVCRT:utility.obj
 0001:00001bac       __scrt_dllmain_crt_thread_detach 0000000180002bac f   MSVCRT:utility.obj
 0001:00001bc4       __scrt_dllmain_exception_filter 0000000180002bc4 f   MSVCRT:utility.obj
 0001:00001c24       __scrt_dllmain_uninitialize_c 0000000180002c24 f   MSVCRT:utility.obj
 0001:00001c54       __scrt_dllmain_uninitialize_critical 0000000180002c54 f   MSVCRT:utility.obj
 0001:00001c68       __scrt_initialize_crt      0000000180002c68 f   MSVCRT:utility.obj
 0001:00001cb4       __scrt_initialize_onexit_tables 0000000180002cb4 f   MSVCRT:utility.obj
 0001:00001d40       __scrt_is_nonwritable_in_current_image 0000000180002d40 f   MSVCRT:utility.obj
 0001:00001dd8       __scrt_release_startup_lock 0000000180002dd8 f   MSVCRT:utility.obj
 0001:00001dfc       __scrt_uninitialize_crt    0000000180002dfc f   MSVCRT:utility.obj
 0001:00001e28       __scrt_get_dyn_tls_init_callback 0000000180002e28 f   MSVCRT:dyn_tls_init.obj
 0001:00001e30       __crt_debugger_hook        0000000180002e30 f   MSVCRT:utility_desktop.obj
 0001:00001e38       __scrt_fastfail            0000000180002e38 f   MSVCRT:utility_desktop.obj
 0001:00001f84       _RTC_Initialize            0000000180002f84 f   MSVCRT:initsect.obj
 0001:00001fc0       _RTC_Terminate             0000000180002fc0 f   MSVCRT:initsect.obj
 0001:00001ffc       _guard_check_icall_nop     0000000180002ffc f i MSVCRT:guard_support.obj
 0001:00002000       __isa_available_init       0000000180003000 f   MSVCRT:cpu_disp.obj
 0001:000021a4       __scrt_is_ucrt_dll_in_use  00000001800031a4 f   MSVCRT:ucrt_detection.obj
 0001:000021b0       ?uncaught_exception@std@@YA_NXZ 00000001800031b0 f   msvcprt:MSVCP140.dll
 0001:000021b6       ?_Xlength_error@std@@YAXPEBD@Z 00000001800031b6 f   msvcprt:MSVCP140.dll
 0001:000021bc       __std_terminate            00000001800031bc f   vcruntime:VCRUNTIME140.dll
 0001:000021c2       __std_exception_copy       00000001800031c2 f   vcruntime:VCRUNTIME140.dll
 0001:000021c8       __std_exception_destroy    00000001800031c8 f   vcruntime:VCRUNTIME140.dll
 0001:000021ce       _CxxThrowException         00000001800031ce f   vcruntime:VCRUNTIME140.dll
 0001:000021d4       __CxxFrameHandler4         00000001800031d4 f   vcruntime:VCRUNTIME140_1.dll
 0001:000021da       memmove                    00000001800031da f   vcruntime:VCRUNTIME140.dll
 0001:000021e0       memset                     00000001800031e0 f   vcruntime:VCRUNTIME140.dll
 0001:000021e6       __C_specific_handler       00000001800031e6 f   vcruntime:VCRUNTIME140.dll
 0001:000021ec       __std_type_info_destroy_list 00000001800031ec f   vcruntime:VCRUNTIME140.dll
 0001:000021f2       _callnewh                  00000001800031f2 f   ucrt:api-ms-win-crt-heap-l1-1-0.dll
 0001:000021f8       malloc                     00000001800031f8 f   ucrt:api-ms-win-crt-heap-l1-1-0.dll
 0001:000021fe       _initterm                  00000001800031fe f   ucrt:api-ms-win-crt-runtime-l1-1-0.dll
 0001:00002204       _initterm_e                0000000180003204 f   ucrt:api-ms-win-crt-runtime-l1-1-0.dll
 0001:0000220a       free                       000000018000320a f   ucrt:api-ms-win-crt-heap-l1-1-0.dll
 0001:00002210       _seh_filter_dll            0000000180003210 f   ucrt:api-ms-win-crt-runtime-l1-1-0.dll
 0001:00002216       _configure_narrow_argv     0000000180003216 f   ucrt:api-ms-win-crt-runtime-l1-1-0.dll
 0001:0000221c       _initialize_narrow_environment 000000018000321c f   ucrt:api-ms-win-crt-runtime-l1-1-0.dll
 0001:00002222       _initialize_onexit_table   0000000180003222 f   ucrt:api-ms-win-crt-runtime-l1-1-0.dll
 0001:00002228       _execute_onexit_table      0000000180003228 f   ucrt:api-ms-win-crt-runtime-l1-1-0.dll
 0001:0000222e       _cexit                     000000018000322e f   ucrt:api-ms-win-crt-runtime-l1-1-0.dll
 0001:00002234       __scrt_stub_for_acrt_thread_attach 0000000180003234 f   MSVCRT:ucrt_stubs.obj
 0001:00002234       __vcrt_initialize          0000000180003234 f   MSVCRT:ucrt_stubs.obj
 0001:00002234       __scrt_stub_for_acrt_uninitialize_critical 0000000180003234 f   MSVCRT:ucrt_stubs.obj
 0001:00002234       __vcrt_thread_attach       0000000180003234 f   MSVCRT:ucrt_stubs.obj
 0001:00002234       __acrt_uninitialize_critical 0000000180003234 f   MSVCRT:ucrt_stubs.obj
 0001:00002234       __scrt_stub_for_acrt_uninitialize 0000000180003234 f   MSVCRT:ucrt_stubs.obj
 0001:00002234       __vcrt_uninitialize        0000000180003234 f   MSVCRT:ucrt_stubs.obj
 0001:00002234       __scrt_stub_for_acrt_thread_detach 0000000180003234 f   MSVCRT:ucrt_stubs.obj
 0001:00002234       __acrt_thread_attach       0000000180003234 f   MSVCRT:ucrt_stubs.obj
 0001:00002234       __scrt_stub_for_acrt_initialize 0000000180003234 f   MSVCRT:ucrt_stubs.obj
 0001:00002234       __acrt_thread_detach       0000000180003234 f   MSVCRT:ucrt_stubs.obj
 0001:00002234       __acrt_initialize          0000000180003234 f   MSVCRT:ucrt_stubs.obj
 0001:00002234       __vcrt_uninitialize_critical 0000000180003234 f   MSVCRT:ucrt_stubs.obj
 0001:00002234       __acrt_uninitialize        0000000180003234 f   MSVCRT:ucrt_stubs.obj
 0001:00002234       __vcrt_thread_detach       0000000180003234 f   MSVCRT:ucrt_stubs.obj
 0001:00002238       __scrt_stub_for_is_c_termination_complete 0000000180003238 f   MSVCRT:ucrt_stubs.obj
 0001:00002238       _is_c_termination_complete 0000000180003238 f   MSVCRT:ucrt_stubs.obj
 0001:00002250       _guard_dispatch_icall_nop  0000000180003250 f   MSVCRT:guard_dispatch.obj
 0001:00002270       _guard_xfg_dispatch_icall_nop 0000000180003270 f   MSVCRT:guard_xfg_dispatch.obj
 0002:00000000       __imp_IsDebuggerPresent    0000000180004000     kernel32:KERNEL32.dll
 0002:00000008       __imp_RtlLookupFunctionEntry 0000000180004008     kernel32:KERNEL32.dll
 0002:00000010       __imp_RtlVirtualUnwind     0000000180004010     kernel32:KERNEL32.dll
 0002:00000018       __imp_UnhandledExceptionFilter 0000000180004018     kernel32:KERNEL32.dll
 0002:00000020       __imp_SetUnhandledExceptionFilter 0000000180004020     kernel32:KERNEL32.dll
 0002:00000028       __imp_GetCurrentProcess    0000000180004028     kernel32:KERNEL32.dll
 0002:00000030       __imp_TerminateProcess     0000000180004030     kernel32:KERNEL32.dll
 0002:00000038       __imp_IsProcessorFeaturePresent 0000000180004038     kernel32:KERNEL32.dll
 0002:00000040       __imp_QueryPerformanceCounter 0000000180004040     kernel32:KERNEL32.dll
 0002:00000048       __imp_GetCurrentProcessId  0000000180004048     kernel32:KERNEL32.dll
 0002:00000050       __imp_GetCurrentThreadId   0000000180004050     kernel32:KERNEL32.dll
 0002:00000058       __imp_GetSystemTimeAsFileTime 0000000180004058     kernel32:KERNEL32.dll
 0002:00000060       __imp_RtlCaptureContext    0000000180004060     kernel32:KERNEL32.dll
 0002:00000068       __imp_InitializeSListHead  0000000180004068     kernel32:KERNEL32.dll
 0002:00000070       \177KERNEL32_NULL_THUNK_DATA 0000000180004070     kernel32:KERNEL32.dll
 0002:00000078       __imp_?flush@?$basic_ostream@DU?$char_traits@D@std@@@std@@QEAAAEAV12@XZ 0000000180004078     msvcprt:MSVCP140.dll
 0002:00000080       __imp_?put@?$basic_ostream@DU?$char_traits@D@std@@@std@@QEAAAEAV12@D@Z 0000000180004080     msvcprt:MSVCP140.dll
 0002:00000088       __imp_??6?$basic_ostream@DU?$char_traits@D@std@@@std@@QEAAAEAV01@H@Z 0000000180004088     msvcprt:MSVCP140.dll
 0002:00000090       __imp_??6?$basic_ostream@DU?$char_traits@D@std@@@std@@QEAAAEAV01@P6AAEAV01@AEAV01@@Z@Z 0000000180004090     msvcprt:MSVCP140.dll
 0002:00000098       __imp_?_Osfx@?$basic_ostream@DU?$char_traits@D@std@@@std@@QEAAXXZ 0000000180004098     msvcprt:MSVCP140.dll
 0002:000000a0       __imp_?widen@?$basic_ios@DU?$char_traits@D@std@@@std@@QEBADD@Z 00000001800040a0     msvcprt:MSVCP140.dll
 0002:000000a8       __imp_?setstate@?$basic_ios@DU?$char_traits@D@std@@@std@@QEAAXH_N@Z 00000001800040a8     msvcprt:MSVCP140.dll
 0002:000000b0       __imp_?sputn@?$basic_streambuf@DU?$char_traits@D@std@@@std@@QEAA_JPEBD_J@Z 00000001800040b0     msvcprt:MSVCP140.dll
 0002:000000b8       __imp_?sputc@?$basic_streambuf@DU?$char_traits@D@std@@@std@@QEAAHD@Z 00000001800040b8     msvcprt:MSVCP140.dll
 0002:000000c0       __imp_?_Xlength_error@std@@YAXPEBD@Z 00000001800040c0     msvcprt:MSVCP140.dll
 0002:000000c8       __imp_?cout@std@@3V?$basic_ostream@DU?$char_traits@D@std@@@1@A 00000001800040c8     msvcprt:MSVCP140.dll
 0002:000000d0       __imp_?uncaught_exception@std@@YA_NXZ 00000001800040d0     msvcprt:MSVCP140.dll
 0002:000000d8       \177MSVCP140_NULL_THUNK_DATA 00000001800040d8     msvcprt:MSVCP140.dll
 0002:000000e0       __imp___std_exception_destroy 00000001800040e0     vcruntime:VCRUNTIME140.dll
 0002:000000e8       __imp__CxxThrowException   00000001800040e8     vcruntime:VCRUNTIME140.dll
 0002:000000f0       __imp_memmove              00000001800040f0     vcruntime:VCRUNTIME140.dll
 0002:000000f8       __imp_memset               00000001800040f8     vcruntime:VCRUNTIME140.dll
 0002:00000100       __imp___C_specific_handler 0000000180004100     vcruntime:VCRUNTIME140.dll
 0002:00000108       __imp___std_type_info_destroy_list 0000000180004108     vcruntime:VCRUNTIME140.dll
 0002:00000110       __imp___std_terminate      0000000180004110     vcruntime:VCRUNTIME140.dll
 0002:00000118       __imp___std_exception_copy 0000000180004118     vcruntime:VCRUNTIME140.dll
 0002:00000120       \177VCRUNTIME140_NULL_THUNK_DATA 0000000180004120     vcruntime:VCRUNTIME140.dll
 0002:00000128       __imp___CxxFrameHandler4   0000000180004128     vcruntime:VCRUNTIME140_1.dll
 0002:00000130       \177VCRUNTIME140_1_NULL_THUNK_DATA 0000000180004130     vcruntime:VCRUNTIME140_1.dll
 0002:00000138       __imp_malloc               0000000180004138     ucrt:api-ms-win-crt-heap-l1-1-0.dll
 0002:00000140       __imp__callnewh            0000000180004140     ucrt:api-ms-win-crt-heap-l1-1-0.dll
 0002:00000148       __imp_free                 0000000180004148     ucrt:api-ms-win-crt-heap-l1-1-0.dll
 0002:00000150       \177api-ms-win-crt-heap-l1-1-0_NULL_THUNK_DATA 0000000180004150     ucrt:api-ms-win-crt-heap-l1-1-0.dll
 0002:00000158       __imp__invalid_parameter_noinfo_noreturn 0000000180004158     ucrt:api-ms-win-crt-runtime-l1-1-0.dll
 0002:00000160       __imp__execute_onexit_table 0000000180004160     ucrt:api-ms-win-crt-runtime-l1-1-0.dll
 0002:00000168       __imp__initialize_narrow_environment 0000000180004168     ucrt:api-ms-win-crt-runtime-l1-1-0.dll
 0002:00000170       __imp__configure_narrow_argv 0000000180004170     ucrt:api-ms-win-crt-runtime-l1-1-0.dll
 0002:00000178       __imp__seh_filter_dll      0000000180004178     ucrt:api-ms-win-crt-runtime-l1-1-0.dll
 0002:00000180       __imp__cexit               0000000180004180     ucrt:api-ms-win-crt-runtime-l1-1-0.dll
 0002:00000188       __imp__initialize_onexit_table 0000000180004188     ucrt:api-ms-win-crt-runtime-l1-1-0.dll
 0002:00000190       __imp__initterm            0000000180004190     ucrt:api-ms-win-crt-runtime-l1-1-0.dll
 0002:00000198       __imp__initterm_e          0000000180004198     ucrt:api-ms-win-crt-runtime-l1-1-0.dll
 0002:000001a0       \177api-ms-win-crt-runtime-l1-1-0_NULL_THUNK_DATA 00000001800041a0     ucrt:api-ms-win-crt-runtime-l1-1-0.dll
 0002:000001a8       __imp___stdio_common_vfprintf 00000001800041a8     ucrt:api-ms-win-crt-stdio-l1-1-0.dll
 0002:000001b0       __imp___acrt_iob_func      00000001800041b0     ucrt:api-ms-win-crt-stdio-l1-1-0.dll
 0002:000001b8       \177api-ms-win-crt-stdio-l1-1-0_NULL_THUNK_DATA 00000001800041b8     ucrt:api-ms-win-crt-stdio-l1-1-0.dll
 0002:000001c0       __imp_qsort                00000001800041c0     ucrt:api-ms-win-crt-utility-l1-1-0.dll
 0002:000001c8       \177api-ms-win-crt-utility-l1-1-0_NULL_THUNK_DATA 00000001800041c8     ucrt:api-ms-win-crt-utility-l1-1-0.dll
 0002:000001d0       __guard_check_icall_fptr   00000001800041d0     MSVCRT:guard_support.obj
 0002:000001d8       __guard_xfg_check_icall_fptr 00000001800041d8     MSVCRT:guard_support.obj
 0002:000001e0       __guard_dispatch_icall_fptr 00000001800041e0     MSVCRT:guard_support.obj
 0002:000001e8       __guard_xfg_dispatch_icall_fptr 00000001800041e8     MSVCRT:guard_support.obj
 0002:000001f0       __guard_xfg_table_dispatch_icall_fptr 00000001800041f0     MSVCRT:guard_support.obj
 0002:000001f8       __xc_a                     00000001800041f8     MSVCRT:initializers.obj
 0002:00000200       __xc_z                     0000000180004200     MSVCRT:initializers.obj
 0002:00000208       __xi_a                     0000000180004208     MSVCRT:initializers.obj
 0002:00000210       __xi_z                     0000000180004210     MSVCRT:initializers.obj
 0002:00000218       __xp_a                     0000000180004218     MSVCRT:initializers.obj
 0002:00000220       __xp_z                     0000000180004220     MSVCRT:initializers.obj
 0002:00000228       __xt_a                     0000000180004228     MSVCRT:initializers.obj
 0002:00000230       __xt_z                     0000000180004230     MSVCRT:initializers.obj
 0002:00000250       ??_7exception@std@@6B@     0000000180004250     math_library.obj
 0002:00000260       ??_C@_0BC@EOODALEL@Unknown?5exception@ 0000000180004260     math_library.obj
 0002:00000280       ??_7bad_alloc@std@@6B@     0000000180004280     math_library.obj
 0002:00000298       ??_7bad_array_new_length@std@@6B@ 0000000180004298     math_library.obj
 0002:000002a8       ??_C@_0BF@KINCDENJ@bad?5array?5new?5length@ 00000001800042a8     math_library.obj
 0002:000002c0       ??_C@_01PKGAHCOL@?$CJ@     00000001800042c0     math_library.obj
 0002:000002c4       ??_C@_02KEGNLNML@?0?5@     00000001800042c4     math_library.obj
 0002:000002c8       ??_C@_01ODHLEDKK@?$CI@     00000001800042c8     math_library.obj
 0002:000002d0       ??_C@_0BC@KBDMBKEH@deque?$DMT?$DO?5too?5long@ 00000001800042d0     math_library.obj
 0002:000002f0       __xmm@00000001000000010000000300000000 00000001800042f0     math_library.obj
 0002:00000300       __xmm@00000002000000010000000000000000 0000000180004300     math_library.obj
 0002:00000310       __xmm@00000003000000030000000100000003 0000000180004310     math_library.obj
 0002:00000320       __xmm@00000004000000040000000200000002 0000000180004320     math_library.obj
 0002:00000338       ??_C@_0M@IJPENPOG@vor?5crash?3?6@ 0000000180004338     spanning_tree.obj
 0002:00000348       ??_C@_0O@GOKCDOKC@Edge?5?7Weight?6@ 0000000180004348     spanning_tree.obj
 0002:00000358       ??_C@_02MCBMIIIH@?5?6@     0000000180004358     spanning_tree.obj
 0002:0000035c       ??_C@_02OJDBNLEE@?5?7@     000000018000435c     spanning_tree.obj
 0002:00000360       ??_C@_03NLJIHOMM@?5?9?5@   0000000180004360     spanning_tree.obj
 0002:00000370       __xmm@00000003000000000000000200000000 0000000180004370     spanning_tree.obj
 0002:00000380       __xmm@00000003000000000000000500000008 0000000180004380     spanning_tree.obj
 0002:00000390       __xmm@00000006000000000000000200000000 0000000180004390     spanning_tree.obj
 0002:000003a0       __xmm@00000006000000070000000000000000 00000001800043a0     spanning_tree.obj
 0002:000003b0       __xmm@00000009000000000000000000000008 00000001800043b0     spanning_tree.obj
 0002:000003c0       __xmm@00000009000000070000000500000000 00000001800043c0     spanning_tree.obj
 0002:000003d8       ??_7type_info@@6B@         00000001800043d8     MSVCRT:std_type_info_static.obj
 0002:000003f0       _pRawDllMain               00000001800043f0     MSVCRT:dll_dllmain.obj
 0002:000003f0       _pDefaultRawDllMain        00000001800043f0     MSVCRT:dll_dllmain.obj
 0002:000003f8       ??_C@_0P@GHFPNOJB@bad?5allocation@ 00000001800043f8     MSVCRT:throw_bad_alloc.obj
 0002:00000410       __xmm@ffffffffffffffffffffffffffffffff 0000000180004410     MSVCRT:utility.obj
 0002:00000440       _load_config_used          0000000180004440     MSVCRT:loadcfg.obj
 0002:00000580       ??_R4exception@std@@6B@    0000000180004580     math_library.obj
 0002:000005a8       ??_R3exception@std@@8      00000001800045a8     math_library.obj
 0002:000005c0       ??_R2exception@std@@8      00000001800045c0     math_library.obj
 0002:000005d0       ??_R1A@?0A@EA@exception@std@@8 00000001800045d0     math_library.obj
 0002:000005f8       ??_R4bad_alloc@std@@6B@    00000001800045f8     math_library.obj
 0002:00000620       ??_R3bad_alloc@std@@8      0000000180004620     math_library.obj
 0002:00000638       ??_R2bad_alloc@std@@8      0000000180004638     math_library.obj
 0002:00000650       ??_R1A@?0A@EA@bad_alloc@std@@8 0000000180004650     math_library.obj
 0002:00000678       ??_R4bad_array_new_length@std@@6B@ 0000000180004678     math_library.obj
 0002:000006a0       ??_R3bad_array_new_length@std@@8 00000001800046a0     math_library.obj
 0002:000006b8       ??_R2bad_array_new_length@std@@8 00000001800046b8     math_library.obj
 0002:000006d8       ??_R1A@?0A@EA@bad_array_new_length@std@@8 00000001800046d8     math_library.obj
 0002:00000700       ??_R4type_info@@6B@        0000000180004700     MSVCRT:std_type_info_static.obj
 0002:00000728       ??_R3type_info@@8          0000000180004728     MSVCRT:std_type_info_static.obj
 0002:00000740       ??_R2type_info@@8          0000000180004740     MSVCRT:std_type_info_static.obj
 0002:00000750       ??_R1A@?0A@EA@type_info@@8 0000000180004750     MSVCRT:std_type_info_static.obj
 0002:00000774       __volatile_metadata        0000000180004774     <linker-defined>
 0002:00000a88       __rtc_iaa                  0000000180004a88     MSVCRT:initsect.obj
 0002:00000a90       __rtc_izz                  0000000180004a90     MSVCRT:initsect.obj
 0002:00000a98       __rtc_taa                  0000000180004a98     MSVCRT:initsect.obj
 0002:00000aa0       __rtc_tzz                  0000000180004aa0     MSVCRT:initsect.obj
 0002:00000e80       _TI3?AVbad_array_new_length@std@@ 0000000180004e80     math_library.obj
 0002:00000ea0       _CTA3?AVbad_array_new_length@std@@ 0000000180004ea0     math_library.obj
 0002:00000ec0       _CT??_R0?AVbad_array_new_length@std@@@8??0bad_array_new_length@std@@QEAA@AEBV01@@Z24 0000000180004ec0     math_library.obj
 0002:00000ee8       _CT??_R0?AVbad_alloc@std@@@8??0bad_alloc@std@@QEAA@AEBV01@@Z24 0000000180004ee8     math_library.obj
 0002:00000f10       _CT??_R0?AVexception@std@@@8??0exception@std@@QEAA@AEBV01@@Z24 0000000180004f10     math_library.obj
 0002:00000f38       _TI2?AVbad_alloc@std@@     0000000180004f38     MSVCRT:throw_bad_alloc.obj
 0002:00000f58       _CTA2?AVbad_alloc@std@@    0000000180004f58     MSVCRT:throw_bad_alloc.obj
 0002:00001170       __IMPORT_DESCRIPTOR_MSVCP140 0000000180005170     msvcprt:MSVCP140.dll
 0002:00001184       __IMPORT_DESCRIPTOR_VCRUNTIME140 0000000180005184     vcruntime:VCRUNTIME140.dll
 0002:00001198       __IMPORT_DESCRIPTOR_VCRUNTIME140_1 0000000180005198     vcruntime:VCRUNTIME140_1.dll
 0002:000011ac       __IMPORT_DESCRIPTOR_api-ms-win-crt-runtime-l1-1-0 00000001800051ac     ucrt:api-ms-win-crt-runtime-l1-1-0.dll
 0002:000011c0       __IMPORT_DESCRIPTOR_api-ms-win-crt-utility-l1-1-0 00000001800051c0     ucrt:api-ms-win-crt-utility-l1-1-0.dll
 0002:000011d4       __IMPORT_DESCRIPTOR_api-ms-win-crt-stdio-l1-1-0 00000001800051d4     ucrt:api-ms-win-crt-stdio-l1-1-0.dll
 0002:000011e8       __IMPORT_DESCRIPTOR_api-ms-win-crt-heap-l1-1-0 00000001800051e8     ucrt:api-ms-win-crt-heap-l1-1-0.dll
 0002:000011fc       __IMPORT_DESCRIPTOR_KERNEL32 00000001800051fc     kernel32:KERNEL32.dll
 0002:00001210       __NULL_IMPORT_DESCRIPTOR   0000000180005210     msvcprt:MSVCP140.dll
 0003:00000000       __security_cookie_complement 0000000180006000     MSVCRT:gs_cookie.obj
 0003:00000008       __security_cookie          0000000180006008     MSVCRT:gs_cookie.obj
 0003:00000010       __scrt_native_dllmain_reason 0000000180006010     MSVCRT:utility.obj
 0003:00000018       __isa_available            0000000180006018     MSVCRT:cpu_disp.obj
 0003:0000001c       __isa_enabled              000000018000601c     MSVCRT:cpu_disp.obj
 0003:00000020       __memcpy_nt_iters          0000000180006020     MSVCRT:cpu_disp.obj
 0003:00000028       __memset_nt_iters          0000000180006028     MSVCRT:cpu_disp.obj
 0003:00000030       __scrt_ucrt_dll_is_in_use  0000000180006030     MSVCRT:ucrt_stubs.obj
 0003:00000038       ??_R0?AVbad_array_new_length@std@@@8 0000000180006038     math_library.obj
 0003:00000068       ??_R0?AVbad_alloc@std@@@8  0000000180006068     math_library.obj
 0003:00000090       ??_R0?AVexception@std@@@8  0000000180006090     math_library.obj
 0003:000000b8       ??_R0?AVtype_info@@@8      00000001800060b8     MSVCRT:std_type_info_static.obj
 0003:000000e0       ?p0@@3UPoint@@A            00000001800060e0     math_library.obj
 0003:000000e8       ?_OptionsStorage@?1??__local_stdio_printf_options@@9@4_KA 00000001800060e8     spanning_tree.obj
 0003:00000670       ?__type_info_root_node@@3U__type_info_node@@A 0000000180006670     MSVCRT:tncleanup.obj
 0003:00000680       ?_OptionsStorage@?1??__local_stdio_scanf_options@@9@4_KA 0000000180006680     MSVCRT:default_local_stdio_options.obj
 0003:00000688       __scrt_current_native_startup_state 0000000180006688     MSVCRT:utility.obj
 0003:00000690       __scrt_native_startup_lock 0000000180006690     MSVCRT:utility.obj
 0003:000006d0       __scrt_debugger_hook_flag  00000001800066d0     MSVCRT:utility_desktop.obj
 0003:000006d8       __castguard_check_failure_os_handled_fptr 00000001800066d8     MSVCRT:guard_support.obj
 0003:000006e0       __favor                    00000001800066e0     MSVCRT:cpu_disp.obj
 0003:000006e8       __dyn_tls_init_callback    00000001800066e8     <common>

 entry point at        0001:00001988

 Static symbols

 0001:00001370       $$000000                   0000000180002370     MSVCRT:amdsecgs.obj
 0001:00001584       capture_current_context    0000000180002584 f   MSVCRT:gs_report.obj
 0001:000015f4       capture_previous_context   00000001800025f4 f   MSVCRT:gs_report.obj
 0001:00001668       ?dllmain_crt_dispatch@@YAHQEAUHINSTANCE__@@KQEAX@Z 0000000180002668 f   MSVCRT:dll_dllmain.obj
 0001:000016b8       ?dllmain_crt_process_attach@@YAHQEAUHINSTANCE__@@QEAX@Z 00000001800026b8 f   MSVCRT:dll_dllmain.obj
 0001:000017d0       ?dllmain_crt_process_detach@@YAH_N@Z 00000001800027d0 f   MSVCRT:dll_dllmain.obj
 0001:00001854       ?dllmain_dispatch@@YAHQEAUHINSTANCE__@@KQEAX@Z 0000000180002854 f   MSVCRT:dll_dllmain.obj
 0001:00002240       $$000000                   0000000180003240     MSVCRT:guard_dispatch.obj
 0001:00002260       $$000000                   0000000180003260     MSVCRT:guard_xfg_dispatch.obj
 0001:00002280       ?dtor$0@?0???$?6U?$char_traits@D@std@@@std@@YAAEAV?$basic_ostream@DU?$char_traits@D@std@@@0@AEAV10@PEBD@Z@4HA 0000000180003280 f   math_library.obj
 0001:00002290       ?dtor$1@?0???$?6U?$char_traits@D@std@@@std@@YAAEAV?$basic_ostream@DU?$char_traits@D@std@@@0@AEAV10@PEBD@Z@4HA 0000000180003290 f   math_library.obj
 0001:000022a0       ?catch$4@?0???$?6U?$char_traits@D@std@@@std@@YAAEAV?$basic_ostream@DU?$char_traits@D@std@@@0@AEAV10@PEBD@Z@4HA 00000001800032a0 f   math_library.obj
 0001:000022ad       __catch$??$?6U?$char_traits@D@std@@@std@@YAAEAV?$basic_ostream@DU?$char_traits@D@std@@@0@AEAV10@PEBD@Z$0 00000001800032ad f   math_library.obj
 0001:000022e0       ?dtor$0@?0??convexHull@Cmathlibrary@@AEAAXQEAUPoint@@H@Z@4HA 00000001800032e0 f   math_library.obj
 0001:000022ec       ?fin$0@?0??dllmain_crt_process_attach@@YAHQEAUHINSTANCE__@@QEAX@Z@4HA 00000001800032ec f   MSVCRT:dll_dllmain.obj
 0001:00002303       ?fin$0@?0??dllmain_crt_process_detach@@YAH_N@Z@4HA 0000000180003303 f   MSVCRT:dll_dllmain.obj
 0001:0000231c       ?fin$1@?0??dllmain_crt_process_detach@@YAH_N@Z@4HA 000000018000331c f   MSVCRT:dll_dllmain.obj
 0001:00002330       ?filt$0@?0??dllmain_dispatch@@YAHQEAUHINSTANCE__@@KQEAX@Z@4HA 0000000180003330 f   MSVCRT:dll_dllmain.obj
 0001:00002366       __scrt_is_nonwritable_in_current_image$filt$0 0000000180003366 f   MSVCRT:utility.obj
 0002:00000240       ?_Fake_alloc@std@@3U_Fake_allocator@1@B 0000000180004240     math_library.obj
 0002:00000330       ?_Fake_alloc@std@@3U_Fake_allocator@1@B 0000000180004330     spanning_tree.obj
 0002:000003e0       GS_ExceptionPointers       00000001800043e0     MSVCRT:gs_report.obj
 0002:00000aa8       $unwind$??$endl@DU?$char_traits@D@std@@@std@@YAAEAV?$basic_ostream@DU?$char_traits@D@std@@@0@AEAV10@@Z 0000000180004aa8     math_library.obj
 0002:00000aa8       $unwind$??0bad_alloc@std@@QEAA@AEBV01@@Z 0000000180004aa8     math_library.obj
 0002:00000aa8       $unwind$??0bad_array_new_length@std@@QEAA@AEBV01@@Z 0000000180004aa8     math_library.obj
 0002:00000aa8       $unwind$??0exception@std@@QEAA@AEBV01@@Z 0000000180004aa8     math_library.obj
 0002:00000aa8       $unwind$__raise_securityfailure 0000000180004aa8     MSVCRT:gs_report.obj
 0002:00000aa8       $unwind$??2@YAPEAX_K@Z     0000000180004aa8     MSVCRT:new_scalar.obj
 0002:00000aa8       $unwind$??_Gtype_info@@UEAAPEAXI@Z 0000000180004aa8     MSVCRT:std_type_info_static.obj
 0002:00000aa8       $unwind$__scrt_initialize_crt 0000000180004aa8     MSVCRT:utility.obj
 0002:00000aa8       $unwind$__scrt_initialize_onexit_tables 0000000180004aa8     MSVCRT:utility.obj
 0002:00000aa8       $unwind$__scrt_release_startup_lock 0000000180004aa8     MSVCRT:utility.obj
 0002:00000aa8       $unwind$__scrt_uninitialize_crt 0000000180004aa8     MSVCRT:utility.obj
 0002:00000ab0       $unwind$??_Gbad_alloc@std@@UEAAPEAXI@Z 0000000180004ab0     math_library.obj
 0002:00000ab0       $unwind$??_Gbad_array_new_length@std@@UEAAPEAXI@Z 0000000180004ab0     math_library.obj
 0002:00000ab0       $unwind$??_Gexception@std@@UEAAPEAXI@Z 0000000180004ab0     math_library.obj
 0002:00000ab0       $unwind$_RTC_Initialize    0000000180004ab0     MSVCRT:initsect.obj
 0002:00000ab0       $unwind$_RTC_Terminate     0000000180004ab0     MSVCRT:initsect.obj
 0002:00000abc       $unwind$?_Throw_bad_array_new_length@std@@YAXXZ 0000000180004abc     math_library.obj
 0002:00000abc       $unwind$?__scrt_throw_std_bad_alloc@@YAXXZ 0000000180004abc     MSVCRT:throw_bad_alloc.obj
 0002:00000abc       $unwind$?__scrt_throw_std_bad_array_new_length@@YAXXZ 0000000180004abc     MSVCRT:throw_bad_alloc.obj
 0002:00000ac4       $unwind$?calc_convex_hull@Cmathlibrary@@QEAAHXZ 0000000180004ac4     math_library.obj
 0002:00000ad4       $unwind$?nextToTop@Cmathlibrary@@AEAA?AUPoint@@AEAV?$stack@UPoint@@V?$deque@UPoint@@V?$allocator@UPoint@@@std@@@std@@@std@@@Z 0000000180004ad4     math_library.obj
 0002:00000ae0       $unwind$?convexHull@Cmathlibrary@@AEAAXQEAUPoint@@H@Z 0000000180004ae0     math_library.obj
 0002:00000b00       $cppxdata$?convexHull@Cmathlibrary@@AEAAXQEAUPoint@@H@Z 0000000180004b00     math_library.obj
 0002:00000b09       $stateUnwindMap$?convexHull@Cmathlibrary@@AEAAXQEAUPoint@@H@Z 0000000180004b09     math_library.obj
 0002:00000b15       $ip2state$?convexHull@Cmathlibrary@@AEAAXQEAUPoint@@H@Z 0000000180004b15     math_library.obj
 0002:00000b20       $unwind$??1?$deque@UPoint@@V?$allocator@UPoint@@@std@@@std@@QEAA@XZ 0000000180004b20     math_library.obj
 0002:00000b20       $unwind$_DllMainCRTStartup 0000000180004b20     MSVCRT:dll_dllmain.obj
 0002:00000b30       $unwind$?_Xlen@?$deque@UPoint@@V?$allocator@UPoint@@@std@@@std@@AEBAXXZ 0000000180004b30     math_library.obj
 0002:00000b30       $unwind$__scrt_initialize_default_local_stdio_options 0000000180004b30     MSVCRT:default_local_stdio_options.obj
 0002:00000b30       $unwind$?dllmain_crt_dispatch@@YAHQEAUHINSTANCE__@@KQEAX@Z 0000000180004b30     MSVCRT:dll_dllmain.obj
 0002:00000b30       $unwind$__report_rangecheckfailure 0000000180004b30     MSVCRT:gs_report.obj
 0002:00000b30       $unwind$__GSHandlerCheck   0000000180004b30     MSVCRT:gshandler.obj
 0002:00000b30       $unwind$__scrt_acquire_startup_lock 0000000180004b30     MSVCRT:utility.obj
 0002:00000b30       $unwind$__scrt_dllmain_after_initialize_c 0000000180004b30     MSVCRT:utility.obj
 0002:00000b30       $unwind$__scrt_dllmain_before_initialize_c 0000000180004b30     MSVCRT:utility.obj
 0002:00000b30       $unwind$__scrt_dllmain_crt_thread_attach 0000000180004b30     MSVCRT:utility.obj
 0002:00000b30       $unwind$__scrt_dllmain_crt_thread_detach 0000000180004b30     MSVCRT:utility.obj
 0002:00000b30       $unwind$__scrt_dllmain_uninitialize_c 0000000180004b30     MSVCRT:utility.obj
 0002:00000b30       $unwind$__scrt_dllmain_uninitialize_critical 0000000180004b30     MSVCRT:utility.obj
 0002:00000b38       $unwind$?_Growmap@?$deque@UPoint@@V?$allocator@UPoint@@@std@@@std@@AEAAX_K@Z 0000000180004b38     math_library.obj
 0002:00000b44       $chain$1$?_Growmap@?$deque@UPoint@@V?$allocator@UPoint@@@std@@@std@@AEAAX_K@Z 0000000180004b44     math_library.obj
 0002:00000b5c       $chain$4$?_Growmap@?$deque@UPoint@@V?$allocator@UPoint@@@std@@@std@@AEAAX_K@Z 0000000180004b5c     math_library.obj
 0002:00000b78       $chain$5$?_Growmap@?$deque@UPoint@@V?$allocator@UPoint@@@std@@@std@@AEAAX_K@Z 0000000180004b78     math_library.obj
 0002:00000b88       $chain$7$?_Growmap@?$deque@UPoint@@V?$allocator@UPoint@@@std@@@std@@AEAAX_K@Z 0000000180004b88     math_library.obj
 0002:00000ba0       $chain$8$?_Growmap@?$deque@UPoint@@V?$allocator@UPoint@@@std@@@std@@AEAAX_K@Z 0000000180004ba0     math_library.obj
 0002:00000bb0       $unwind$?push@?$stack@UPoint@@V?$deque@UPoint@@V?$allocator@UPoint@@@std@@@std@@@std@@QEAAXAEBUPoint@@@Z 0000000180004bb0     math_library.obj
 0002:00000bc4       $unwind$?compare@@YAHPEBX0@Z 0000000180004bc4     math_library.obj
 0002:00000bd0       $unwind$??$?6U?$char_traits@D@std@@@std@@YAAEAV?$basic_ostream@DU?$char_traits@D@std@@@0@AEAV10@PEBD@Z 0000000180004bd0     math_library.obj
 0002:00000bec       $cppxdata$??$?6U?$char_traits@D@std@@@std@@YAAEAV?$basic_ostream@DU?$char_traits@D@std@@@0@AEAV10@PEBD@Z 0000000180004bec     math_library.obj
 0002:00000bf9       $stateUnwindMap$??$?6U?$char_traits@D@std@@@std@@YAAEAV?$basic_ostream@DU?$char_traits@D@std@@@0@AEAV10@PEBD@Z 0000000180004bf9     math_library.obj
 0002:00000c12       $tryMap$??$?6U?$char_traits@D@std@@@std@@YAAEAV?$basic_ostream@DU?$char_traits@D@std@@@0@AEAV10@PEBD@Z 0000000180004c12     math_library.obj
 0002:00000c1a       $handlerMap$??$?6U?$char_traits@D@std@@@std@@YAAEAV?$basic_ostream@DU?$char_traits@D@std@@@0@AEAV10@PEBD@Z 0000000180004c1a     math_library.obj
 0002:00000c23       $ip2state$??$?6U?$char_traits@D@std@@@std@@YAAEAV?$basic_ostream@DU?$char_traits@D@std@@@0@AEAV10@PEBD@Z 0000000180004c23     math_library.obj
 0002:00000c34       $unwind$?catch$4@?0???$?6U?$char_traits@D@std@@@std@@YAAEAV?$basic_ostream@DU?$char_traits@D@std@@@0@AEAV10@PEBD@Z@4HA 0000000180004c34     math_library.obj
 0002:00000c3c       $unwind$??1_Sentry_base@?$basic_ostream@DU?$char_traits@D@std@@@std@@QEAA@XZ 0000000180004c3c     math_library.obj
 0002:00000c4c       $cppxdata$??1_Sentry_base@?$basic_ostream@DU?$char_traits@D@std@@@std@@QEAA@XZ 0000000180004c4c     math_library.obj
 0002:00000c51       $ip2state$??1_Sentry_base@?$basic_ostream@DU?$char_traits@D@std@@@std@@QEAA@XZ 0000000180004c51     math_library.obj
 0002:00000c54       $unwind$??1sentry@?$basic_ostream@DU?$char_traits@D@std@@@std@@QEAA@XZ 0000000180004c54     math_library.obj
 0002:00000c64       $cppxdata$??1sentry@?$basic_ostream@DU?$char_traits@D@std@@@std@@QEAA@XZ 0000000180004c64     math_library.obj
 0002:00000c6d       $stateUnwindMap$??1sentry@?$basic_ostream@DU?$char_traits@D@std@@@std@@QEAA@XZ 0000000180004c6d     math_library.obj
 0002:00000c73       $ip2state$??1sentry@?$basic_ostream@DU?$char_traits@D@std@@@std@@QEAA@XZ 0000000180004c73     math_library.obj
 0002:00000c78       $unwind$printf             0000000180004c78     spanning_tree.obj
 0002:00000c84       $unwind$?calc_mininum_spaning@@YAXXZ 0000000180004c84     spanning_tree.obj
 0002:00000c94       $unwind$?primMST@@YAXQEAY04H@Z 0000000180004c94     spanning_tree.obj
 0002:00000ca8       $chain$2$?primMST@@YAXQEAY04H@Z 0000000180004ca8     spanning_tree.obj
 0002:00000cc4       $chain$5$?primMST@@YAXQEAY04H@Z 0000000180004cc4     spanning_tree.obj
 0002:00000ce0       $chain$6$?primMST@@YAXQEAY04H@Z 0000000180004ce0     spanning_tree.obj
 0002:00000cf4       $chain$7$?primMST@@YAXQEAY04H@Z 0000000180004cf4     spanning_tree.obj
 0002:00000d04       $unwind$__GSHandlerCheckCommon 0000000180004d04     MSVCRT:gshandler.obj
 0002:00000d10       $xdatasym                  0000000180004d10     MSVCRT:amdsecgs.obj
 0002:00000d14       $unwind$__report_securityfailure 0000000180004d14     MSVCRT:gs_report.obj
 0002:00000d1c       $unwind$__report_gsfailure 0000000180004d1c     MSVCRT:gs_report.obj
 0002:00000d24       $unwind$capture_current_context 0000000180004d24     MSVCRT:gs_report.obj
 0002:00000d30       $unwind$capture_previous_context 0000000180004d30     MSVCRT:gs_report.obj
 0002:00000d3c       $unwind$?dllmain_crt_process_attach@@YAHQEAUHINSTANCE__@@QEAX@Z 0000000180004d3c     MSVCRT:dll_dllmain.obj
 0002:00000d78       $unwind$?fin$0@?0??dllmain_crt_process_attach@@YAHQEAUHINSTANCE__@@QEAX@Z@4HA 0000000180004d78     MSVCRT:dll_dllmain.obj
 0002:00000d78       $unwind$?fin$0@?0??dllmain_crt_process_detach@@YAH_N@Z@4HA 0000000180004d78     MSVCRT:dll_dllmain.obj
 0002:00000d78       $unwind$?fin$1@?0??dllmain_crt_process_detach@@YAH_N@Z@4HA 0000000180004d78     MSVCRT:dll_dllmain.obj
 0002:00000d80       $unwind$?dllmain_crt_process_detach@@YAH_N@Z 0000000180004d80     MSVCRT:dll_dllmain.obj
 0002:00000dd4       $unwind$?dllmain_dispatch@@YAHQEAUHINSTANCE__@@KQEAX@Z 0000000180004dd4     MSVCRT:dll_dllmain.obj
 0002:00000dfc       $unwind$?filt$0@?0??dllmain_dispatch@@YAHQEAUHINSTANCE__@@KQEAX@Z@4HA 0000000180004dfc     MSVCRT:dll_dllmain.obj
 0002:00000e04       $unwind$__security_init_cookie 0000000180004e04     MSVCRT:gs_support.obj
 0002:00000e10       $unwind$__scrt_is_nonwritable_in_current_image 0000000180004e10     MSVCRT:utility.obj
 0002:00000e30       $unwind$__scrt_is_nonwritable_in_current_image$filt$0 0000000180004e30     MSVCRT:utility.obj
 0002:00000e38       $unwind$__scrt_dllmain_exception_filter 0000000180004e38     MSVCRT:utility.obj
 0002:00000e4c       $unwind$__scrt_fastfail    0000000180004e4c     MSVCRT:utility_desktop.obj
 0002:00000e5c       $unwind$__isa_available_init 0000000180004e5c     MSVCRT:cpu_disp.obj
 0002:00000e70       $xdatasym                  0000000180004e70     MSVCRT:guard_dispatch.obj
 0002:00000e78       $xdatasym                  0000000180004e78     MSVCRT:guard_xfg_dispatch.obj
 0002:00000f70       .edata                     0000000180004f70     dynamic_library.exp
 0002:00000f98       rgpv                       0000000180004f98     dynamic_library.exp
 0002:00000fb8       rgszName                   0000000180004fb8     dynamic_library.exp
 0002:00000fd8       rgwOrd                     0000000180004fd8     dynamic_library.exp
 0002:00000fe8       szName                     0000000180004fe8     dynamic_library.exp
 0002:00000ffc       $N00001                    0000000180004ffc     dynamic_library.exp
 0002:00001015       $N00002                    0000000180005015     dynamic_library.exp
 0002:0000103b       $N00003                    000000018000503b     dynamic_library.exp
 0002:0000105f       $N00004                    000000018000505f     dynamic_library.exp
 0002:00001087       $N00005                    0000000180005087     dynamic_library.exp
 0002:000010a4       $N00006                    00000001800050a4     dynamic_library.exp
 0002:000010d2       $N00007                    00000001800050d2     dynamic_library.exp
 0002:00001148       $N00008                    0000000180005148     dynamic_library.exp
 0002:000016da       .idata$6                   00000001800056da     msvcprt:MSVCP140.dll
 0002:000017a4       .idata$6                   00000001800057a4     vcruntime:VCRUNTIME140.dll
 0002:000017b6       .idata$6                   00000001800057b6     vcruntime:VCRUNTIME140_1.dll
 0002:000018e8       .idata$6                   00000001800058e8     ucrt:api-ms-win-crt-runtime-l1-1-0.dll
 0002:0000190a       .idata$6                   000000018000590a     ucrt:api-ms-win-crt-utility-l1-1-0.dll
 0002:0000192c       .idata$6                   000000018000592c     ucrt:api-ms-win-crt-stdio-l1-1-0.dll
 0002:0000194c       .idata$6                   000000018000594c     ucrt:api-ms-win-crt-heap-l1-1-0.dll
 0002:00001ab6       .idata$6                   0000000180005ab6     kernel32:KERNEL32.dll
 0003:000000f0       GS_ExceptionRecord         00000001800060f0     MSVCRT:gs_report.obj
 0003:00000190       GS_ContextRecord           0000000180006190     MSVCRT:gs_report.obj
 0003:00000660       ?__proc_attached@@3HA      0000000180006660     MSVCRT:dll_dllmain.obj
 0003:00000698       ?is_initialized_as_dll@@3_NA 0000000180006698     MSVCRT:utility.obj
 0003:00000699       ?module_local_atexit_table_initialized@@3_NA 0000000180006699     MSVCRT:utility.obj
 0003:000006a0       ?module_local_atexit_table@@3U_onexit_table_t@@A 00000001800066a0     MSVCRT:utility.obj
 0003:000006b8       ?module_local_at_quick_exit_table@@3U_onexit_table_t@@A 00000001800066b8     MSVCRT:utility.obj
 0005:00000060       $R000000                   0000000180008060     * linker generated manifest res *
