 test_project

 Timestamp is 60e9b39f (Sat Jul 10 16:50:07 2021)

 Preferred load address is 0000000140000000

 Start         Length     Name                   Class
 0001:00000000 00002500H .text$mn                CODE
 0001:00002500 00000040H .text$mn$00             CODE
 0001:00002540 000001adH .text$x                 CODE
 0002:00000000 00000288H .idata$5                DATA
 0002:00000288 00000028H .00cfg                  DATA
 0002:000002b0 00000008H .CRT$XCA                DATA
 0002:000002b8 00000008H .CRT$XCAA               DATA
 0002:000002c0 00000008H .CRT$XCZ                DATA
 0002:000002c8 00000008H .CRT$XIA                DATA
 0002:000002d0 00000008H .CRT$XIAA               DATA
 0002:000002d8 00000008H .CRT$XIAC               DATA
 0002:000002e0 00000008H .CRT$XIZ                DATA
 0002:000002e8 00000008H .CRT$XPA                DATA
 0002:000002f0 00000008H .CRT$XPZ                DATA
 0002:000002f8 00000008H .CRT$XTA                DATA
 0002:00000300 00000010H .CRT$XTZ                DATA
 0002:00000308 00000000H .gehcont$y              DATA
 0002:00000308 00000000H .gfids$y                DATA
 0002:00000310 000003f0H .rdata                  DATA
 0002:00000700 00000000H .rdata$CastGuardVftablesA DATA
 0002:00000700 00000000H .rdata$CastGuardVftablesC DATA
 0002:00000700 000001f4H .rdata$r                DATA
 0002:000008f4 00000088H .rdata$voltmd           DATA
 0002:0000097c 000002e4H .rdata$zzzdbg           DATA
 0002:00000c60 00000008H .rtc$IAA                DATA
 0002:00000c68 00000008H .rtc$IZZ                DATA
 0002:00000c70 00000008H .rtc$TAA                DATA
 0002:00000c78 00000008H .rtc$TZZ                DATA
 0002:00000c80 00000438H .xdata                  DATA
 0002:000010b8 000000f8H .xdata$x                DATA
 0002:000011b0 000000bcH .edata                  DATA
 0002:0000126c 000000dcH .idata$2                DATA
 0002:00001348 00000018H .idata$3                DATA
 0002:00001360 00000288H .idata$4                DATA
 0002:000015e8 000008e4H .idata$6                DATA
 0003:00000000 00000038H .data                   DATA
 0003:00000038 00000080H .data$r                 DATA
 0003:000000b8 00000028H .data$rs                DATA
 0003:000000e0 00000610H .bss                    DATA
 0004:00000000 00000360H .pdata                  DATA
 0005:00000000 00000060H .rsrc$01                DATA
 0005:00000060 00000180H .rsrc$02                DATA

  Address         Publics by Value              Rva+Base               Lib:Object

 0000:00000000       __arm64x_extra_rfe_table   0000000000000000     <absolute>
 0000:00000000       __x64_code_ranges_to_entry_points 0000000000000000     <absolute>
 0000:00000000       __hybrid_auxiliary_iat     0000000000000000     <absolute>
 0000:00000000       __hybrid_auxiliary_iat_copy 0000000000000000     <absolute>
 0000:00000000       __guard_longjmp_table      0000000000000000     <absolute>
 0000:00000000       __guard_fids_count         0000000000000000     <absolute>
 0000:00000000       __arm64x_redirection_metadata 0000000000000000     <absolute>
 0000:00000000       __hybrid_code_map_count    0000000000000000     <absolute>
 0000:00000000       __hybrid_code_map          0000000000000000     <absolute>
 0000:00000000       __guard_longjmp_count      0000000000000000     <absolute>
 0000:00000000       __arm64x_extra_rfe_table_size 0000000000000000     <absolute>
 0000:00000000       ___safe_se_handler_count   0000000000000000     <absolute>
 0000:00000000       __AbsoluteZero             0000000000000000     <absolute>
 0000:00000000       __guard_iat_count          0000000000000000     <absolute>
 0000:00000000       __x64_code_ranges_to_entry_points_count 0000000000000000     <absolute>
 0000:00000000       __dynamic_value_reloc_table 0000000000000000     <absolute>
 0000:00000000       ___safe_se_handler_table   0000000000000000     <absolute>
 0000:00000000       __guard_check_icall_a64n_fptr 0000000000000000     <absolute>
 0000:00000000       __guard_eh_cont_count      0000000000000000     <absolute>
 0000:00000000       __arm64x_native_entrypoint 0000000000000000     <absolute>
 0000:00000000       __guard_eh_cont_table      0000000000000000     <absolute>
 0000:00000000       __guard_fids_table         0000000000000000     <absolute>
 0000:00000000       __guard_iat_table          0000000000000000     <absolute>
 0000:00000000       __arm64x_redirection_metadata_count 0000000000000000     <absolute>
 0000:00000000       __enclave_config           0000000000000000     <absolute>
 0000:00000100       __guard_flags              0000000000000100     <absolute>
 0000:00000000       __ImageBase                0000000140000000     <linker-defined>
 0001:00000000       ??$?6U?$char_traits@D@std@@@std@@YAAEAV?$basic_ostream@DU?$char_traits@D@std@@@0@AEAV10@PEBD@Z 0000000140001000 f i main.obj
 0001:000001d0       ??$endl@DU?$char_traits@D@std@@@std@@YAAEAV?$basic_ostream@DU?$char_traits@D@std@@@0@AEAV10@@Z 00000001400011d0 f i main.obj
 0001:00000210       ??4Cmathlibrary@@QEAAAEAV0@AEBV0@@Z 0000000140001210 f i main.obj
 0001:00000210       ??0Cmathlibrary@@QEAA@XZ   0000000140001210 f i main.obj
 0001:00000210       ??4Cmathlibrary@@QEAAAEAV0@$$QEAV0@@Z 0000000140001210 f i main.obj
 0001:00000220       ??1_Sentry_base@?$basic_ostream@DU?$char_traits@D@std@@@std@@QEAA@XZ 0000000140001220 f i main.obj
 0001:00000250       ??1sentry@?$basic_ostream@DU?$char_traits@D@std@@@std@@QEAA@XZ 0000000140001250 f i main.obj
 0001:00000290       ?function_in_main@@YAXXZ   0000000140001290 f   main.obj
 0001:000002a0       ?quickSort@@YAXQEAHHH@Z    00000001400012a0 f   main.obj
 0001:00000380       __local_stdio_printf_options 0000000140001380 f i main.obj
 0001:00000390       main                       0000000140001390 f   main.obj
 0001:00000610       printf                     0000000140001610 f i main.obj
 0001:00000670       ??$_Insert_string@DU?$char_traits@D@std@@_K@std@@YAAEAV?$basic_ostream@DU?$char_traits@D@std@@@0@AEAV10@QEBD_K@Z 0000000140001670 f i static_library:pattern_searcher.obj
 0001:00000830       ??0bad_alloc@std@@QEAA@AEBV01@@Z 0000000140001830 f i static_library:pattern_searcher.obj
 0001:00000870       ??0bad_array_new_length@std@@QEAA@AEBV01@@Z 0000000140001870 f i static_library:pattern_searcher.obj
 0001:000008b0       ??0bad_array_new_length@std@@QEAA@XZ 00000001400018b0 f i static_library:pattern_searcher.obj
 0001:000008e0       ??0exception@std@@QEAA@AEBV01@@Z 00000001400018e0 f i static_library:pattern_searcher.obj
 0001:00000920       ??1?$basic_string@DU?$char_traits@D@std@@V?$allocator@D@2@@std@@QEAA@XZ 0000000140001920 f i static_library:pattern_searcher.obj
 0001:00000980       ??1?$deque@HV?$allocator@H@std@@@std@@QEAA@XZ 0000000140001980 f i static_library:pattern_searcher.obj
 0001:00000a50       ??1?$queue@HV?$deque@HV?$allocator@H@std@@@std@@@std@@QEAA@XZ 0000000140001a50 f i static_library:pattern_searcher.obj
 0001:00000a60       ??1bad_alloc@std@@UEAA@XZ  0000000140001a60 f i MSVCRT:throw_bad_alloc.obj
 0001:00000a60       ??1bad_array_new_length@std@@UEAA@XZ 0000000140001a60 f i static_library:pattern_searcher.obj
 0001:00000a80       ??_Eexception@std@@UEAAPEAXI@Z 0000000140001a80 f i static_library:pattern_searcher.obj
 0001:00000a80       ??_Ebad_array_new_length@std@@UEAAPEAXI@Z 0000000140001a80 f i static_library:pattern_searcher.obj
 0001:00000a80       ??_Ebad_alloc@std@@UEAAPEAXI@Z 0000000140001a80 f i static_library:pattern_searcher.obj
 0001:00000a80       ??_Gexception@std@@UEAAPEAXI@Z 0000000140001a80 f i static_library:pattern_searcher.obj
 0001:00000a80       ??_Gbad_array_new_length@std@@UEAAPEAXI@Z 0000000140001a80 f i static_library:pattern_searcher.obj
 0001:00000a80       ??_Gbad_alloc@std@@UEAAPEAXI@Z 0000000140001a80 f i static_library:pattern_searcher.obj
 0001:00000ad0       ?_Growmap@?$deque@HV?$allocator@H@std@@@std@@AEAAX_K@Z 0000000140001ad0 f i static_library:pattern_searcher.obj
 0001:00000cb0       ?_Throw_bad_array_new_length@std@@YAXXZ 0000000140001cb0 f i static_library:pattern_searcher.obj
 0001:00000cb0       ?__scrt_throw_std_bad_array_new_length@@YAXXZ 0000000140001cb0 f i MSVCRT:throw_bad_alloc.obj
 0001:00000cd0       ?_Xlen@?$deque@HV?$allocator@H@std@@@std@@AEBAXXZ 0000000140001cd0 f i static_library:pattern_searcher.obj
 0001:00000cf0       ?buildMatchingMachine@pattern_searcher_t@@AEAAHQEAV?$basic_string@DU?$char_traits@D@std@@V?$allocator@D@2@@std@@H@Z 0000000140001cf0 f   static_library:pattern_searcher.obj
 0001:000011a0       ?search@pattern_searcher_t@@QEAAHXZ 00000001400021a0 f   static_library:pattern_searcher.obj
 0001:000012e0       ?searchWords@pattern_searcher_t@@AEAAXQEAV?$basic_string@DU?$char_traits@D@std@@V?$allocator@D@2@@std@@HV23@@Z 00000001400022e0 f   static_library:pattern_searcher.obj
 0001:00001530       ?what@exception@std@@UEBAPEBDXZ 0000000140002530 f i static_library:pattern_searcher.obj
 0001:00001543       ?calc_mininum_spaning@@YAXXZ 0000000140002543 f   dynamic_library:dynamic_library.dll
 0001:00001549       ?calc_convex_hull@Cmathlibrary@@QEAAHXZ 0000000140002549 f   dynamic_library:dynamic_library.dll
 0001:0000154f       ?uncaught_exception@std@@YA_NXZ 000000014000254f f   msvcprt:MSVCP140.dll
 0001:00001555       ?_Xlength_error@std@@YAXPEBD@Z 0000000140002555 f   msvcprt:MSVCP140.dll
 0001:0000155c       __GSHandlerCheck           000000014000255c f   MSVCRT:gshandler.obj
 0001:0000157c       __GSHandlerCheckCommon     000000014000257c f   MSVCRT:gshandler.obj
 0001:000015f0       __chkstk                   00000001400025f0 f   MSVCRT:chkstk.obj
 0001:000015f0       _alloca_probe              00000001400025f0 f   MSVCRT:chkstk.obj
 0001:00001650       __security_check_cookie    0000000140002650 f   MSVCRT:amdsecgs.obj
 0001:000018d0       mainCRTStartup             00000001400028d0 f   MSVCRT:exe_main.obj
 0001:000018e4       ??_M@YAXPEAX_K1P6AX0@Z@Z   00000001400028e4 f   MSVCRT:ehvecdtr.obj
 0001:00001950       ?__ArrayUnwind@@YAXPEAX_K1P6AX0@Z@Z 0000000140002950 f   MSVCRT:ehvecdtr.obj
 0001:000019b4       ??2@YAPEAX_K@Z             00000001400029b4 f   MSVCRT:new_scalar.obj
 0001:000019f0       ??3@YAXPEAX_K@Z            00000001400029f0 f   MSVCRT:delete_scalar_size.obj
 0001:000019f8       __GSHandlerCheck_EH4       00000001400029f8 f   MSVCRT:gshandlereh4.obj
 0001:00001a78       ??_Etype_info@@UEAAPEAXI@Z 0000000140002a78 f i MSVCRT:std_type_info_static.obj
 0001:00001a78       ??_Gtype_info@@UEAAPEAXI@Z 0000000140002a78 f i MSVCRT:std_type_info_static.obj
 0001:00001aa4       __raise_securityfailure    0000000140002aa4 f   MSVCRT:gs_report.obj
 0001:00001ad8       __report_gsfailure         0000000140002ad8 f   MSVCRT:gs_report.obj
 0001:00001c20       __scrt_acquire_startup_lock 0000000140002c20 f   MSVCRT:utility.obj
 0001:00001c5c       __scrt_initialize_crt      0000000140002c5c f   MSVCRT:utility.obj
 0001:00001ca8       __scrt_initialize_onexit_tables 0000000140002ca8 f   MSVCRT:utility.obj
 0001:00001d34       __scrt_is_nonwritable_in_current_image 0000000140002d34 f   MSVCRT:utility.obj
 0001:00001dcc       __scrt_release_startup_lock 0000000140002dcc f   MSVCRT:utility.obj
 0001:00001df0       __scrt_uninitialize_crt    0000000140002df0 f   MSVCRT:utility.obj
 0001:00001e1c       _onexit                    0000000140002e1c f   MSVCRT:utility.obj
 0001:00001e58       atexit                     0000000140002e58 f   MSVCRT:utility.obj
 0001:00001e70       __security_init_cookie     0000000140002e70 f   MSVCRT:gs_support.obj
 0001:00001f1c       _get_startup_new_mode      0000000140002f1c f   MSVCRT:new_mode.obj
 0001:00001f1c       _matherr                   0000000140002f1c f   MSVCRT:matherr.obj
 0001:00001f1c       __scrt_initialize_winrt    0000000140002f1c f   MSVCRT:utility_desktop.obj
 0001:00001f1c       _get_startup_commit_mode   0000000140002f1c f   MSVCRT:commit_mode.obj
 0001:00001f1c       __scrt_stub_for_initialize_mta 0000000140002f1c f   MSVCRT:utility_desktop.obj
 0001:00001f1c       __scrt_exe_initialize_mta  0000000140002f1c f   MSVCRT:utility_desktop.obj
 0001:00001f1c       _get_startup_thread_locale_mode 0000000140002f1c f   MSVCRT:thread_locale.obj
 0001:00001f20       _get_startup_argv_mode     0000000140002f20 f   MSVCRT:argv_mode.obj
 0001:00001f28       _get_startup_file_mode     0000000140002f28 f   MSVCRT:file_mode.obj
 0001:00001f30       ?__scrt_initialize_type_info@@YAXXZ 0000000140002f30 f   MSVCRT:tncleanup.obj
 0001:00001f40       __scrt_stub_for_acrt_initialize 0000000140002f40 f   MSVCRT:ucrt_stubs.obj
 0001:00001f40       __acrt_initialize          0000000140002f40 f   MSVCRT:ucrt_stubs.obj
 0001:00001f40       __scrt_stub_for_acrt_uninitialize 0000000140002f40 f   MSVCRT:ucrt_stubs.obj
 0001:00001f40       __vcrt_initialize          0000000140002f40 f   MSVCRT:ucrt_stubs.obj
 0001:00001f40       _should_initialize_environment 0000000140002f40 f   MSVCRT:env_mode.obj
 0001:00001f40       __vcrt_uninitialize        0000000140002f40 f   MSVCRT:ucrt_stubs.obj
 0001:00001f40       __acrt_uninitialize        0000000140002f40 f   MSVCRT:ucrt_stubs.obj
 0001:00001f44       _initialize_invalid_parameter_handler 0000000140002f44 f   MSVCRT:invalid_parameter_handler.obj
 0001:00001f44       _guard_check_icall_nop     0000000140002f44 f   MSVCRT:guard_support.obj
 0001:00001f44       _initialize_denormal_control 0000000140002f44 f   MSVCRT:denormal_control.obj
 0001:00001f48       __local_stdio_scanf_options 0000000140002f48 f i MSVCRT:default_local_stdio_options.obj
 0001:00001f50       __scrt_initialize_default_local_stdio_options 0000000140002f50 f   MSVCRT:default_local_stdio_options.obj
 0001:00001f6c       __scrt_is_user_matherr_present 0000000140002f6c f   MSVCRT:matherr_detection.obj
 0001:00001f78       __scrt_get_dyn_tls_init_callback 0000000140002f78 f   MSVCRT:dyn_tls_init.obj
 0001:00001f80       __scrt_get_dyn_tls_dtor_callback 0000000140002f80 f   MSVCRT:dyn_tls_dtor.obj
 0001:00001f88       __crt_debugger_hook        0000000140002f88 f   MSVCRT:utility_desktop.obj
 0001:00001f90       __scrt_fastfail            0000000140002f90 f   MSVCRT:utility_desktop.obj
 0001:000020dc       __scrt_initialize_mta      00000001400030dc f   MSVCRT:utility_desktop.obj
 0001:000020e4       __scrt_is_managed_app      00000001400030e4 f   MSVCRT:utility_desktop.obj
 0001:00002138       __scrt_set_unhandled_exception_filter 0000000140003138 f   MSVCRT:utility_desktop.obj
 0001:00002148       __scrt_unhandled_exception_filter 0000000140003148 f   MSVCRT:utility_desktop.obj
 0001:000021a4       _RTC_Initialize            00000001400031a4 f   MSVCRT:initsect.obj
 0001:000021e0       _RTC_Terminate             00000001400031e0 f   MSVCRT:initsect.obj
 0001:0000221c       ??0bad_alloc@std@@QEAA@XZ  000000014000321c f i MSVCRT:throw_bad_alloc.obj
 0001:0000223c       ?__scrt_throw_std_bad_alloc@@YAXXZ 000000014000323c f   MSVCRT:throw_bad_alloc.obj
 0001:0000225c       ??3@YAXPEAX@Z              000000014000325c f   MSVCRT:delete_scalar.obj
 0001:00002264       __isa_available_init       0000000140003264 f   MSVCRT:cpu_disp.obj
 0001:00002408       __scrt_is_ucrt_dll_in_use  0000000140003408 f   MSVCRT:ucrt_detection.obj
 0001:00002420       __std_terminate            0000000140003420 f   vcruntime:VCRUNTIME140.dll
 0001:00002426       __CxxFrameHandler4         0000000140003426 f   vcruntime:VCRUNTIME140_1.dll
 0001:0000242c       memset                     000000014000342c f   vcruntime:VCRUNTIME140.dll
 0001:00002432       __std_exception_copy       0000000140003432 f   vcruntime:VCRUNTIME140.dll
 0001:00002438       __std_exception_destroy    0000000140003438 f   vcruntime:VCRUNTIME140.dll
 0001:0000243e       _CxxThrowException         000000014000343e f   vcruntime:VCRUNTIME140.dll
 0001:00002444       memmove                    0000000140003444 f   vcruntime:VCRUNTIME140.dll
 0001:0000244a       __C_specific_handler       000000014000344a f   vcruntime:VCRUNTIME140.dll
 0001:00002450       __current_exception        0000000140003450 f   vcruntime:VCRUNTIME140.dll
 0001:00002456       __current_exception_context 0000000140003456 f   vcruntime:VCRUNTIME140.dll
 0001:0000245c       strcmp                     000000014000345c f   ucrt:api-ms-win-crt-string-l1-1-0.dll
 0001:00002462       _seh_filter_exe            0000000140003462 f   ucrt:api-ms-win-crt-runtime-l1-1-0.dll
 0001:00002468       _set_app_type              0000000140003468 f   ucrt:api-ms-win-crt-runtime-l1-1-0.dll
 0001:0000246e       __setusermatherr           000000014000346e f   ucrt:api-ms-win-crt-math-l1-1-0.dll
 0001:00002474       _configure_narrow_argv     0000000140003474 f   ucrt:api-ms-win-crt-runtime-l1-1-0.dll
 0001:0000247a       _initialize_narrow_environment 000000014000347a f   ucrt:api-ms-win-crt-runtime-l1-1-0.dll
 0001:00002480       _get_initial_narrow_environment 0000000140003480 f   ucrt:api-ms-win-crt-runtime-l1-1-0.dll
 0001:00002486       _initterm                  0000000140003486 f   ucrt:api-ms-win-crt-runtime-l1-1-0.dll
 0001:0000248c       _initterm_e                000000014000348c f   ucrt:api-ms-win-crt-runtime-l1-1-0.dll
 0001:00002492       exit                       0000000140003492 f   ucrt:api-ms-win-crt-runtime-l1-1-0.dll
 0001:00002498       _exit                      0000000140003498 f   ucrt:api-ms-win-crt-runtime-l1-1-0.dll
 0001:0000249e       _set_fmode                 000000014000349e f   ucrt:api-ms-win-crt-stdio-l1-1-0.dll
 0001:000024a4       __p___argc                 00000001400034a4 f   ucrt:api-ms-win-crt-runtime-l1-1-0.dll
 0001:000024aa       __p___argv                 00000001400034aa f   ucrt:api-ms-win-crt-runtime-l1-1-0.dll
 0001:000024b0       _cexit                     00000001400034b0 f   ucrt:api-ms-win-crt-runtime-l1-1-0.dll
 0001:000024b6       _c_exit                    00000001400034b6 f   ucrt:api-ms-win-crt-runtime-l1-1-0.dll
 0001:000024bc       _register_thread_local_exe_atexit_callback 00000001400034bc f   ucrt:api-ms-win-crt-runtime-l1-1-0.dll
 0001:000024c2       _configthreadlocale        00000001400034c2 f   ucrt:api-ms-win-crt-locale-l1-1-0.dll
 0001:000024c8       _set_new_mode              00000001400034c8 f   ucrt:api-ms-win-crt-heap-l1-1-0.dll
 0001:000024ce       __p__commode               00000001400034ce f   ucrt:api-ms-win-crt-stdio-l1-1-0.dll
 0001:000024d4       terminate                  00000001400034d4 f   ucrt:api-ms-win-crt-runtime-l1-1-0.dll
 0001:000024da       _callnewh                  00000001400034da f   ucrt:api-ms-win-crt-heap-l1-1-0.dll
 0001:000024e0       malloc                     00000001400034e0 f   ucrt:api-ms-win-crt-heap-l1-1-0.dll
 0001:000024e6       _initialize_onexit_table   00000001400034e6 f   ucrt:api-ms-win-crt-runtime-l1-1-0.dll
 0001:000024ec       _register_onexit_function  00000001400034ec f   ucrt:api-ms-win-crt-runtime-l1-1-0.dll
 0001:000024f2       _crt_atexit                00000001400034f2 f   ucrt:api-ms-win-crt-runtime-l1-1-0.dll
 0001:000024f8       free                       00000001400034f8 f   ucrt:api-ms-win-crt-heap-l1-1-0.dll
 0001:00002510       _guard_dispatch_icall_nop  0000000140003510 f   MSVCRT:guard_dispatch.obj
 0001:00002530       _guard_xfg_dispatch_icall_nop 0000000140003530 f   MSVCRT:guard_xfg_dispatch.obj
 0002:00000000       __imp_GetCurrentProcess    0000000140004000     kernel32:KERNEL32.dll
 0002:00000008       __imp_GetModuleHandleW     0000000140004008     kernel32:KERNEL32.dll
 0002:00000010       __imp_SetUnhandledExceptionFilter 0000000140004010     kernel32:KERNEL32.dll
 0002:00000018       __imp_UnhandledExceptionFilter 0000000140004018     kernel32:KERNEL32.dll
 0002:00000020       __imp_RtlVirtualUnwind     0000000140004020     kernel32:KERNEL32.dll
 0002:00000028       __imp_RtlLookupFunctionEntry 0000000140004028     kernel32:KERNEL32.dll
 0002:00000030       __imp_RtlCaptureContext    0000000140004030     kernel32:KERNEL32.dll
 0002:00000038       __imp_TerminateProcess     0000000140004038     kernel32:KERNEL32.dll
 0002:00000040       __imp_IsProcessorFeaturePresent 0000000140004040     kernel32:KERNEL32.dll
 0002:00000048       __imp_QueryPerformanceCounter 0000000140004048     kernel32:KERNEL32.dll
 0002:00000050       __imp_GetCurrentProcessId  0000000140004050     kernel32:KERNEL32.dll
 0002:00000058       __imp_GetCurrentThreadId   0000000140004058     kernel32:KERNEL32.dll
 0002:00000060       __imp_InitializeSListHead  0000000140004060     kernel32:KERNEL32.dll
 0002:00000068       __imp_GetSystemTimeAsFileTime 0000000140004068     kernel32:KERNEL32.dll
 0002:00000070       __imp_IsDebuggerPresent    0000000140004070     kernel32:KERNEL32.dll
 0002:00000078       \177KERNEL32_NULL_THUNK_DATA 0000000140004078     kernel32:KERNEL32.dll
 0002:00000080       __imp_?uncaught_exception@std@@YA_NXZ 0000000140004080     msvcprt:MSVCP140.dll
 0002:00000088       __imp_?sputc@?$basic_streambuf@DU?$char_traits@D@std@@@std@@QEAAHD@Z 0000000140004088     msvcprt:MSVCP140.dll
 0002:00000090       __imp_?put@?$basic_ostream@DU?$char_traits@D@std@@@std@@QEAAAEAV12@D@Z 0000000140004090     msvcprt:MSVCP140.dll
 0002:00000098       __imp_?cout@std@@3V?$basic_ostream@DU?$char_traits@D@std@@@1@A 0000000140004098     msvcprt:MSVCP140.dll
 0002:000000a0       __imp_??6?$basic_ostream@DU?$char_traits@D@std@@@std@@QEAAAEAV01@H@Z 00000001400040a0     msvcprt:MSVCP140.dll
 0002:000000a8       __imp_??6?$basic_ostream@DU?$char_traits@D@std@@@std@@QEAAAEAV01@P6AAEAV01@AEAV01@@Z@Z 00000001400040a8     msvcprt:MSVCP140.dll
 0002:000000b0       __imp_?_Osfx@?$basic_ostream@DU?$char_traits@D@std@@@std@@QEAAXXZ 00000001400040b0     msvcprt:MSVCP140.dll
 0002:000000b8       __imp_?widen@?$basic_ios@DU?$char_traits@D@std@@@std@@QEBADD@Z 00000001400040b8     msvcprt:MSVCP140.dll
 0002:000000c0       __imp_?_Xlength_error@std@@YAXPEBD@Z 00000001400040c0     msvcprt:MSVCP140.dll
 0002:000000c8       __imp_??6?$basic_ostream@DU?$char_traits@D@std@@@std@@QEAAAEAV01@_K@Z 00000001400040c8     msvcprt:MSVCP140.dll
 0002:000000d0       __imp_?setstate@?$basic_ios@DU?$char_traits@D@std@@@std@@QEAAXH_N@Z 00000001400040d0     msvcprt:MSVCP140.dll
 0002:000000d8       __imp_?sputn@?$basic_streambuf@DU?$char_traits@D@std@@@std@@QEAA_JPEBD_J@Z 00000001400040d8     msvcprt:MSVCP140.dll
 0002:000000e0       __imp_?flush@?$basic_ostream@DU?$char_traits@D@std@@@std@@QEAAAEAV12@XZ 00000001400040e0     msvcprt:MSVCP140.dll
 0002:000000e8       \177MSVCP140_NULL_THUNK_DATA 00000001400040e8     msvcprt:MSVCP140.dll
 0002:000000f0       __imp___current_exception_context 00000001400040f0     vcruntime:VCRUNTIME140.dll
 0002:000000f8       __imp___current_exception  00000001400040f8     vcruntime:VCRUNTIME140.dll
 0002:00000100       __imp___C_specific_handler 0000000140004100     vcruntime:VCRUNTIME140.dll
 0002:00000108       __imp_memmove              0000000140004108     vcruntime:VCRUNTIME140.dll
 0002:00000110       __imp__CxxThrowException   0000000140004110     vcruntime:VCRUNTIME140.dll
 0002:00000118       __imp___std_exception_destroy 0000000140004118     vcruntime:VCRUNTIME140.dll
 0002:00000120       __imp___std_exception_copy 0000000140004120     vcruntime:VCRUNTIME140.dll
 0002:00000128       __imp_memset               0000000140004128     vcruntime:VCRUNTIME140.dll
 0002:00000130       __imp___std_terminate      0000000140004130     vcruntime:VCRUNTIME140.dll
 0002:00000138       \177VCRUNTIME140_NULL_THUNK_DATA 0000000140004138     vcruntime:VCRUNTIME140.dll
 0002:00000140       __imp___CxxFrameHandler4   0000000140004140     vcruntime:VCRUNTIME140_1.dll
 0002:00000148       \177VCRUNTIME140_1_NULL_THUNK_DATA 0000000140004148     vcruntime:VCRUNTIME140_1.dll
 0002:00000150       __imp__set_new_mode        0000000140004150     ucrt:api-ms-win-crt-heap-l1-1-0.dll
 0002:00000158       __imp_malloc               0000000140004158     ucrt:api-ms-win-crt-heap-l1-1-0.dll
 0002:00000160       __imp__callnewh            0000000140004160     ucrt:api-ms-win-crt-heap-l1-1-0.dll
 0002:00000168       __imp_free                 0000000140004168     ucrt:api-ms-win-crt-heap-l1-1-0.dll
 0002:00000170       \177api-ms-win-crt-heap-l1-1-0_NULL_THUNK_DATA 0000000140004170     ucrt:api-ms-win-crt-heap-l1-1-0.dll
 0002:00000178       __imp__configthreadlocale  0000000140004178     ucrt:api-ms-win-crt-locale-l1-1-0.dll
 0002:00000180       \177api-ms-win-crt-locale-l1-1-0_NULL_THUNK_DATA 0000000140004180     ucrt:api-ms-win-crt-locale-l1-1-0.dll
 0002:00000188       __imp___setusermatherr     0000000140004188     ucrt:api-ms-win-crt-math-l1-1-0.dll
 0002:00000190       \177api-ms-win-crt-math-l1-1-0_NULL_THUNK_DATA 0000000140004190     ucrt:api-ms-win-crt-math-l1-1-0.dll
 0002:00000198       __imp_terminate            0000000140004198     ucrt:api-ms-win-crt-runtime-l1-1-0.dll
 0002:000001a0       __imp__cexit               00000001400041a0     ucrt:api-ms-win-crt-runtime-l1-1-0.dll
 0002:000001a8       __imp___p___argv           00000001400041a8     ucrt:api-ms-win-crt-runtime-l1-1-0.dll
 0002:000001b0       __imp__get_initial_narrow_environment 00000001400041b0     ucrt:api-ms-win-crt-runtime-l1-1-0.dll
 0002:000001b8       __imp__initialize_onexit_table 00000001400041b8     ucrt:api-ms-win-crt-runtime-l1-1-0.dll
 0002:000001c0       __imp__initialize_narrow_environment 00000001400041c0     ucrt:api-ms-win-crt-runtime-l1-1-0.dll
 0002:000001c8       __imp__crt_atexit          00000001400041c8     ucrt:api-ms-win-crt-runtime-l1-1-0.dll
 0002:000001d0       __imp__initterm            00000001400041d0     ucrt:api-ms-win-crt-runtime-l1-1-0.dll
 0002:000001d8       __imp__c_exit              00000001400041d8     ucrt:api-ms-win-crt-runtime-l1-1-0.dll
 0002:000001e0       __imp__set_app_type        00000001400041e0     ucrt:api-ms-win-crt-runtime-l1-1-0.dll
 0002:000001e8       __imp__seh_filter_exe      00000001400041e8     ucrt:api-ms-win-crt-runtime-l1-1-0.dll
 0002:000001f0       __imp__register_onexit_function 00000001400041f0     ucrt:api-ms-win-crt-runtime-l1-1-0.dll
 0002:000001f8       __imp__register_thread_local_exe_atexit_callback 00000001400041f8     ucrt:api-ms-win-crt-runtime-l1-1-0.dll
 0002:00000200       __imp_exit                 0000000140004200     ucrt:api-ms-win-crt-runtime-l1-1-0.dll
 0002:00000208       __imp__invalid_parameter_noinfo_noreturn 0000000140004208     ucrt:api-ms-win-crt-runtime-l1-1-0.dll
 0002:00000210       __imp__exit                0000000140004210     ucrt:api-ms-win-crt-runtime-l1-1-0.dll
 0002:00000218       __imp__initterm_e          0000000140004218     ucrt:api-ms-win-crt-runtime-l1-1-0.dll
 0002:00000220       __imp___p___argc           0000000140004220     ucrt:api-ms-win-crt-runtime-l1-1-0.dll
 0002:00000228       __imp__configure_narrow_argv 0000000140004228     ucrt:api-ms-win-crt-runtime-l1-1-0.dll
 0002:00000230       \177api-ms-win-crt-runtime-l1-1-0_NULL_THUNK_DATA 0000000140004230     ucrt:api-ms-win-crt-runtime-l1-1-0.dll
 0002:00000238       __imp___stdio_common_vfprintf 0000000140004238     ucrt:api-ms-win-crt-stdio-l1-1-0.dll
 0002:00000240       __imp___p__commode         0000000140004240     ucrt:api-ms-win-crt-stdio-l1-1-0.dll
 0002:00000248       __imp__set_fmode           0000000140004248     ucrt:api-ms-win-crt-stdio-l1-1-0.dll
 0002:00000250       __imp___acrt_iob_func      0000000140004250     ucrt:api-ms-win-crt-stdio-l1-1-0.dll
 0002:00000258       \177api-ms-win-crt-stdio-l1-1-0_NULL_THUNK_DATA 0000000140004258     ucrt:api-ms-win-crt-stdio-l1-1-0.dll
 0002:00000260       __imp_strcmp               0000000140004260     ucrt:api-ms-win-crt-string-l1-1-0.dll
 0002:00000268       \177api-ms-win-crt-string-l1-1-0_NULL_THUNK_DATA 0000000140004268     ucrt:api-ms-win-crt-string-l1-1-0.dll
 0002:00000270       __imp_?calc_convex_hull@Cmathlibrary@@QEAAHXZ 0000000140004270     dynamic_library:dynamic_library.dll
 0002:00000278       __imp_?calc_mininum_spaning@@YAXXZ 0000000140004278     dynamic_library:dynamic_library.dll
 0002:00000280       \177dynamic_library_NULL_THUNK_DATA 0000000140004280     dynamic_library:dynamic_library.dll
 0002:00000288       __guard_check_icall_fptr   0000000140004288     MSVCRT:guard_support.obj
 0002:00000290       __guard_xfg_check_icall_fptr 0000000140004290     MSVCRT:guard_support.obj
 0002:00000298       __guard_dispatch_icall_fptr 0000000140004298     MSVCRT:guard_support.obj
 0002:000002a0       __guard_xfg_dispatch_icall_fptr 00000001400042a0     MSVCRT:guard_support.obj
 0002:000002a8       __guard_xfg_table_dispatch_icall_fptr 00000001400042a8     MSVCRT:guard_support.obj
 0002:000002b0       __xc_a                     00000001400042b0     MSVCRT:initializers.obj
 0002:000002c0       __xc_z                     00000001400042c0     MSVCRT:initializers.obj
 0002:000002c8       __xi_a                     00000001400042c8     MSVCRT:initializers.obj
 0002:000002e0       __xi_z                     00000001400042e0     MSVCRT:initializers.obj
 0002:000002e8       __xp_a                     00000001400042e8     MSVCRT:initializers.obj
 0002:000002f0       __xp_z                     00000001400042f0     MSVCRT:initializers.obj
 0002:000002f8       __xt_a                     00000001400042f8     MSVCRT:initializers.obj
 0002:00000300       __xt_z                     0000000140004300     MSVCRT:initializers.obj
 0002:00000314       ??_C@_01CLKCMJKC@?5@       0000000140004314     main.obj
 0002:00000318       ??_C@_0BA@DOEKPICM@Sorted?5array?3?5?6@ 0000000140004318     main.obj
 0002:00000328       ??_C@_0O@IAJJIKF@crash_in_main@ 0000000140004328     main.obj
 0002:00000338       ??_C@_0P@FMFLLGHF@crash_in_main?6@ 0000000140004338     main.obj
 0002:00000348       ??_C@_0BG@GDOENEFP@crash_in_static_lib_a@ 0000000140004348     main.obj
 0002:00000360       ??_C@_0BH@BFIEADL@crash_in_static_lib_a?6@ 0000000140004360     main.obj
 0002:00000378       ??_C@_0BG@EIMJIHJM@crash_in_static_lib_b@ 0000000140004378     main.obj
 0002:00000390       ??_C@_0BH@DBOPOGC@crash_in_static_lib_b?6@ 0000000140004390     main.obj
 0002:000003a8       ??_C@_0BH@LCLCGICA@crash_in_dynamic_lib_a@ 00000001400043a8     main.obj
 0002:000003c0       ??_C@_0BI@MBDDHKCK@crash_in_dynamic_lib_a?6@ 00000001400043c0     main.obj
 0002:000003d8       ??_C@_0BH@JJJPDLOD@crash_in_dynamic_lib_b@ 00000001400043d8     main.obj
 0002:000003f0       ??_C@_0BI@MDHFMEHD@crash_in_dynamic_lib_b?6@ 00000001400043f0     main.obj
 0002:00000408       ??_C@_0BL@NCMICPBB@Wrong?5command?5line?5option?6@ 0000000140004408     main.obj
 0002:00000430       __xmm@0000000900000008000000070000000a 0000000140004430     main.obj
 0002:00000450       ??_7exception@std@@6B@     0000000140004450     static_library:pattern_searcher.obj
 0002:00000460       ??_C@_0BC@EOODALEL@Unknown?5exception@ 0000000140004460     static_library:pattern_searcher.obj
 0002:00000480       ??_7bad_alloc@std@@6B@     0000000140004480     static_library:pattern_searcher.obj
 0002:00000498       ??_7bad_array_new_length@std@@6B@ 0000000140004498     static_library:pattern_searcher.obj
 0002:000004a8       ??_C@_0BF@KINCDENJ@bad?5array?5new?5length@ 00000001400044a8     static_library:pattern_searcher.obj
 0002:000004c0       ??_C@_04MKEOLIJC@?5to?5@   00000001400044c0     static_library:pattern_searcher.obj
 0002:000004c8       ??_C@_0P@OIGFIEEN@?5appears?5from?5@ 00000001400044c8     static_library:pattern_searcher.obj
 0002:000004d8       ??_C@_05FPLIKJMG@Word?5@   00000001400044d8     static_library:pattern_searcher.obj
 0002:000004e0       ??_C@_03PJHPCKOL@she@      00000001400044e0     static_library:pattern_searcher.obj
 0002:000004e4       ??_C@_03GDDNCFJF@his@      00000001400044e4     static_library:pattern_searcher.obj
 0002:000004e8       ??_C@_0BC@KBDMBKEH@deque?$DMT?$DO?5too?5long@ 00000001400044e8     static_library:pattern_searcher.obj
 0002:00000508       ??_7type_info@@6B@         0000000140004508     MSVCRT:std_type_info_static.obj
 0002:00000520       __xmm@ffffffffffffffffffffffffffffffff 0000000140004520     MSVCRT:utility.obj
 0002:00000530       ??_C@_0P@GHFPNOJB@bad?5allocation@ 0000000140004530     MSVCRT:throw_bad_alloc.obj
 0002:00000560       _load_config_used          0000000140004560     MSVCRT:loadcfg.obj
 0002:00000700       ??_R4exception@std@@6B@    0000000140004700     static_library:pattern_searcher.obj
 0002:00000728       ??_R3exception@std@@8      0000000140004728     static_library:pattern_searcher.obj
 0002:00000740       ??_R2exception@std@@8      0000000140004740     static_library:pattern_searcher.obj
 0002:00000750       ??_R1A@?0A@EA@exception@std@@8 0000000140004750     static_library:pattern_searcher.obj
 0002:00000778       ??_R4bad_alloc@std@@6B@    0000000140004778     static_library:pattern_searcher.obj
 0002:000007a0       ??_R3bad_alloc@std@@8      00000001400047a0     static_library:pattern_searcher.obj
 0002:000007b8       ??_R2bad_alloc@std@@8      00000001400047b8     static_library:pattern_searcher.obj
 0002:000007d0       ??_R1A@?0A@EA@bad_alloc@std@@8 00000001400047d0     static_library:pattern_searcher.obj
 0002:000007f8       ??_R4bad_array_new_length@std@@6B@ 00000001400047f8     static_library:pattern_searcher.obj
 0002:00000820       ??_R3bad_array_new_length@std@@8 0000000140004820     static_library:pattern_searcher.obj
 0002:00000838       ??_R2bad_array_new_length@std@@8 0000000140004838     static_library:pattern_searcher.obj
 0002:00000858       ??_R1A@?0A@EA@bad_array_new_length@std@@8 0000000140004858     static_library:pattern_searcher.obj
 0002:00000880       ??_R4type_info@@6B@        0000000140004880     MSVCRT:std_type_info_static.obj
 0002:000008a8       ??_R3type_info@@8          00000001400048a8     MSVCRT:std_type_info_static.obj
 0002:000008c0       ??_R2type_info@@8          00000001400048c0     MSVCRT:std_type_info_static.obj
 0002:000008d0       ??_R1A@?0A@EA@type_info@@8 00000001400048d0     MSVCRT:std_type_info_static.obj
 0002:000008f4       __volatile_metadata        00000001400048f4     <linker-defined>
 0002:00000c60       __rtc_iaa                  0000000140004c60     MSVCRT:initsect.obj
 0002:00000c68       __rtc_izz                  0000000140004c68     MSVCRT:initsect.obj
 0002:00000c70       __rtc_taa                  0000000140004c70     MSVCRT:initsect.obj
 0002:00000c78       __rtc_tzz                  0000000140004c78     MSVCRT:initsect.obj
 0002:000010b8       _TI3?AVbad_array_new_length@std@@ 00000001400050b8     static_library:pattern_searcher.obj
 0002:000010d8       _CTA3?AVbad_array_new_length@std@@ 00000001400050d8     static_library:pattern_searcher.obj
 0002:000010f8       _CT??_R0?AVbad_array_new_length@std@@@8??0bad_array_new_length@std@@QEAA@AEBV01@@Z24 00000001400050f8     static_library:pattern_searcher.obj
 0002:00001120       _CT??_R0?AVbad_alloc@std@@@8??0bad_alloc@std@@QEAA@AEBV01@@Z24 0000000140005120     static_library:pattern_searcher.obj
 0002:00001148       _CT??_R0?AVexception@std@@@8??0exception@std@@QEAA@AEBV01@@Z24 0000000140005148     static_library:pattern_searcher.obj
 0002:00001170       _TI2?AVbad_alloc@std@@     0000000140005170     MSVCRT:throw_bad_alloc.obj
 0002:00001190       _CTA2?AVbad_alloc@std@@    0000000140005190     MSVCRT:throw_bad_alloc.obj
 0002:0000126c       __IMPORT_DESCRIPTOR_dynamic_library 000000014000526c     dynamic_library:dynamic_library.dll
 0002:00001280       __IMPORT_DESCRIPTOR_MSVCP140 0000000140005280     msvcprt:MSVCP140.dll
 0002:00001294       __IMPORT_DESCRIPTOR_VCRUNTIME140 0000000140005294     vcruntime:VCRUNTIME140.dll
 0002:000012a8       __IMPORT_DESCRIPTOR_VCRUNTIME140_1 00000001400052a8     vcruntime:VCRUNTIME140_1.dll
 0002:000012bc       __IMPORT_DESCRIPTOR_api-ms-win-crt-stdio-l1-1-0 00000001400052bc     ucrt:api-ms-win-crt-stdio-l1-1-0.dll
 0002:000012d0       __IMPORT_DESCRIPTOR_api-ms-win-crt-string-l1-1-0 00000001400052d0     ucrt:api-ms-win-crt-string-l1-1-0.dll
 0002:000012e4       __IMPORT_DESCRIPTOR_api-ms-win-crt-runtime-l1-1-0 00000001400052e4     ucrt:api-ms-win-crt-runtime-l1-1-0.dll
 0002:000012f8       __IMPORT_DESCRIPTOR_api-ms-win-crt-math-l1-1-0 00000001400052f8     ucrt:api-ms-win-crt-math-l1-1-0.dll
 0002:0000130c       __IMPORT_DESCRIPTOR_api-ms-win-crt-locale-l1-1-0 000000014000530c     ucrt:api-ms-win-crt-locale-l1-1-0.dll
 0002:00001320       __IMPORT_DESCRIPTOR_api-ms-win-crt-heap-l1-1-0 0000000140005320     ucrt:api-ms-win-crt-heap-l1-1-0.dll
 0002:00001334       __IMPORT_DESCRIPTOR_KERNEL32 0000000140005334     kernel32:KERNEL32.dll
 0002:00001348       __NULL_IMPORT_DESCRIPTOR   0000000140005348     dynamic_library:dynamic_library.dll
 0003:00000000       __security_cookie_complement 0000000140006000     MSVCRT:gs_cookie.obj
 0003:00000008       __security_cookie          0000000140006008     MSVCRT:gs_cookie.obj
 0003:00000010       __scrt_native_dllmain_reason 0000000140006010     MSVCRT:utility.obj
 0003:00000014       __scrt_default_matherr     0000000140006014     MSVCRT:matherr.obj
 0003:00000018       __isa_available            0000000140006018     MSVCRT:cpu_disp.obj
 0003:0000001c       __isa_enabled              000000014000601c     MSVCRT:cpu_disp.obj
 0003:00000020       __memcpy_nt_iters          0000000140006020     MSVCRT:cpu_disp.obj
 0003:00000028       __memset_nt_iters          0000000140006028     MSVCRT:cpu_disp.obj
 0003:00000030       __scrt_ucrt_dll_is_in_use  0000000140006030     MSVCRT:ucrt_stubs.obj
 0003:00000038       ??_R0?AVbad_array_new_length@std@@@8 0000000140006038     static_library:pattern_searcher.obj
 0003:00000068       ??_R0?AVbad_alloc@std@@@8  0000000140006068     static_library:pattern_searcher.obj
 0003:00000090       ??_R0?AVexception@std@@@8  0000000140006090     static_library:pattern_searcher.obj
 0003:000000b8       ??_R0?AVtype_info@@@8      00000001400060b8     MSVCRT:std_type_info_static.obj
 0003:000000e0       ?_OptionsStorage@?1??__local_stdio_printf_options@@9@4_KA 00000001400060e0     main.obj
 0003:00000660       __scrt_current_native_startup_state 0000000140006660     MSVCRT:utility.obj
 0003:00000668       __scrt_native_startup_lock 0000000140006668     MSVCRT:utility.obj
 0003:000006b0       ?__type_info_root_node@@3U__type_info_node@@A 00000001400066b0     MSVCRT:tncleanup.obj
 0003:000006c0       ?_OptionsStorage@?1??__local_stdio_scanf_options@@9@4_KA 00000001400066c0     MSVCRT:default_local_stdio_options.obj
 0003:000006c8       __scrt_debugger_hook_flag  00000001400066c8     MSVCRT:utility_desktop.obj
 0003:000006d0       __castguard_check_failure_os_handled_fptr 00000001400066d0     MSVCRT:guard_support.obj
 0003:000006d8       __favor                    00000001400066d8     MSVCRT:cpu_disp.obj
 0003:000006e0       __dyn_tls_dtor_callback    00000001400066e0     <common>
 0003:000006e8       __dyn_tls_init_callback    00000001400066e8     <common>

 entry point at        0001:000018d0

 Static symbols

 0001:000015e0       $$000000                   00000001400025e0     MSVCRT:chkstk.obj
 0001:00001640       $$000000                   0000000140002640     MSVCRT:amdsecgs.obj
 0001:00001670       ?pre_c_initialization@@YAHXZ 0000000140002670 f   MSVCRT:exe_main.obj
 0001:00001728       ?post_pgo_initialization@@YAHXZ 0000000140002728 f   MSVCRT:exe_main.obj
 0001:00001738       ?pre_cpp_initialization@@YAXXZ 0000000140002738 f   MSVCRT:exe_main.obj
 0001:00001754       ?__scrt_common_main_seh@@YAHXZ 0000000140002754 f   MSVCRT:exe_main.obj
 0001:00001bac       capture_previous_context   0000000140002bac f   MSVCRT:gs_report.obj
 0001:00002500       $$000000                   0000000140003500     MSVCRT:guard_dispatch.obj
 0001:00002520       $$000000                   0000000140003520     MSVCRT:guard_xfg_dispatch.obj
 0001:00002540       ?dtor$0@?0???$?6U?$char_traits@D@std@@@std@@YAAEAV?$basic_ostream@DU?$char_traits@D@std@@@0@AEAV10@PEBD@Z@4HA 0000000140003540 f   main.obj
 0001:00002540       ?dtor$0@?0???$_Insert_string@DU?$char_traits@D@std@@_K@std@@YAAEAV?$basic_ostream@DU?$char_traits@D@std@@@0@AEAV10@QEBD_K@Z@4HA 0000000140003540 f   static_library:pattern_searcher.obj
 0001:00002550       ?dtor$1@?0???$?6U?$char_traits@D@std@@@std@@YAAEAV?$basic_ostream@DU?$char_traits@D@std@@@0@AEAV10@PEBD@Z@4HA 0000000140003550 f   main.obj
 0001:00002550       ?dtor$1@?0???$_Insert_string@DU?$char_traits@D@std@@_K@std@@YAAEAV?$basic_ostream@DU?$char_traits@D@std@@@0@AEAV10@QEBD_K@Z@4HA 0000000140003550 f   static_library:pattern_searcher.obj
 0001:00002560       ?catch$4@?0???$?6U?$char_traits@D@std@@@std@@YAAEAV?$basic_ostream@DU?$char_traits@D@std@@@0@AEAV10@PEBD@Z@4HA 0000000140003560 f   main.obj
 0001:00002560       ?catch$4@?0???$_Insert_string@DU?$char_traits@D@std@@_K@std@@YAAEAV?$basic_ostream@DU?$char_traits@D@std@@@0@AEAV10@QEBD_K@Z@4HA 0000000140003560 f   static_library:pattern_searcher.obj
 0001:0000256d       __catch$??$?6U?$char_traits@D@std@@@std@@YAAEAV?$basic_ostream@DU?$char_traits@D@std@@@0@AEAV10@PEBD@Z$0 000000014000356d f   main.obj
 0001:0000256d       __catch$??$_Insert_string@DU?$char_traits@D@std@@_K@std@@YAAEAV?$basic_ostream@DU?$char_traits@D@std@@@0@AEAV10@QEBD_K@Z$0 000000014000356d f   static_library:pattern_searcher.obj
 0001:000025a0       ?dtor$0@?0??buildMatchingMachine@pattern_searcher_t@@AEAAHQEAV?$basic_string@DU?$char_traits@D@std@@V?$allocator@D@2@@std@@H@Z@4HA 00000001400035a0 f   static_library:pattern_searcher.obj
 0001:000025b0       ?dtor$0@?0??search@pattern_searcher_t@@QEAAHXZ@4HA 00000001400035b0 f   static_library:pattern_searcher.obj
 0001:000025c0       ?dtor$1@?0??search@pattern_searcher_t@@QEAAHXZ@4HA 00000001400035c0 f   static_library:pattern_searcher.obj
 0001:000025d0       ?dtor$2@?0??search@pattern_searcher_t@@QEAAHXZ@4HA 00000001400035d0 f   static_library:pattern_searcher.obj
 0001:000025e0       ?dtor$4@?0??search@pattern_searcher_t@@QEAAHXZ@4HA 00000001400035e0 f   static_library:pattern_searcher.obj
 0001:00002610       ?dtor$5@?0??search@pattern_searcher_t@@QEAAHXZ@4HA 0000000140003610 f   static_library:pattern_searcher.obj
 0001:00002620       ?dtor$0@?0??searchWords@pattern_searcher_t@@AEAAXQEAV?$basic_string@DU?$char_traits@D@std@@V?$allocator@D@2@@std@@HV23@@Z@4HA 0000000140003620 f   static_library:pattern_searcher.obj
 0001:0000262c       ?filt$0@?0??__scrt_common_main_seh@@YAHXZ@4HA 000000014000362c f   MSVCRT:exe_main.obj
 0001:0000264a       ?fin$0@?0???_M@YAXPEAX_K1P6AX0@Z@Z@4HA 000000014000364a f   MSVCRT:ehvecdtr.obj
 0001:00002676       ?filt$0@?0??__ArrayUnwind@@YAXPEAX_K1P6AX0@Z@Z@4HA 0000000140003676 f   MSVCRT:ehvecdtr.obj
 0001:000026d5       __scrt_is_nonwritable_in_current_image$filt$0 00000001400036d5 f   MSVCRT:utility.obj
 0002:000002b8       ?pre_cpp_initializer@@3P6AXXZEA 00000001400042b8     MSVCRT:exe_main.obj
 0002:000002d0       ?pre_c_initializer@@3P6AHXZEA 00000001400042d0     MSVCRT:exe_main.obj
 0002:000002d8       ?post_pgo_initializer@@3P6AHXZEA 00000001400042d8     MSVCRT:exe_main.obj
 0002:00000310       ?_Fake_alloc@std@@3U_Fake_allocator@1@B 0000000140004310     main.obj
 0002:00000440       ?_Fake_alloc@std@@3U_Fake_allocator@1@B 0000000140004440     static_library:pattern_searcher.obj
 0002:00000510       GS_ExceptionPointers       0000000140004510     MSVCRT:gs_report.obj
 0002:00000c80       $unwind$printf             0000000140004c80     main.obj
 0002:00000c8c       $unwind$?quickSort@@YAXQEAHHH@Z 0000000140004c8c     main.obj
 0002:00000c98       $chain$4$?quickSort@@YAXQEAHHH@Z 0000000140004c98     main.obj
 0002:00000cbc       $chain$5$?quickSort@@YAXQEAHHH@Z 0000000140004cbc     main.obj
 0002:00000ccc       $unwind$??$?6U?$char_traits@D@std@@@std@@YAAEAV?$basic_ostream@DU?$char_traits@D@std@@@0@AEAV10@PEBD@Z 0000000140004ccc     main.obj
 0002:00000ce8       $cppxdata$??$?6U?$char_traits@D@std@@@std@@YAAEAV?$basic_ostream@DU?$char_traits@D@std@@@0@AEAV10@PEBD@Z 0000000140004ce8     main.obj
 0002:00000cf5       $stateUnwindMap$??$?6U?$char_traits@D@std@@@std@@YAAEAV?$basic_ostream@DU?$char_traits@D@std@@@0@AEAV10@PEBD@Z 0000000140004cf5     main.obj
 0002:00000cf5       $stateUnwindMap$??$_Insert_string@DU?$char_traits@D@std@@_K@std@@YAAEAV?$basic_ostream@DU?$char_traits@D@std@@@0@AEAV10@QEBD_K@Z 0000000140004cf5     static_library:pattern_searcher.obj
 0002:00000d0e       $tryMap$??$?6U?$char_traits@D@std@@@std@@YAAEAV?$basic_ostream@DU?$char_traits@D@std@@@0@AEAV10@PEBD@Z 0000000140004d0e     main.obj
 0002:00000d16       $handlerMap$??$?6U?$char_traits@D@std@@@std@@YAAEAV?$basic_ostream@DU?$char_traits@D@std@@@0@AEAV10@PEBD@Z 0000000140004d16     main.obj
 0002:00000d1f       $ip2state$??$?6U?$char_traits@D@std@@@std@@YAAEAV?$basic_ostream@DU?$char_traits@D@std@@@0@AEAV10@PEBD@Z 0000000140004d1f     main.obj
 0002:00000d30       $unwind$?catch$4@?0???$?6U?$char_traits@D@std@@@std@@YAAEAV?$basic_ostream@DU?$char_traits@D@std@@@0@AEAV10@PEBD@Z@4HA 0000000140004d30     main.obj
 0002:00000d30       $unwind$?catch$4@?0???$_Insert_string@DU?$char_traits@D@std@@_K@std@@YAAEAV?$basic_ostream@DU?$char_traits@D@std@@@0@AEAV10@QEBD_K@Z@4HA 0000000140004d30     static_library:pattern_searcher.obj
 0002:00000d38       $unwind$??$endl@DU?$char_traits@D@std@@@std@@YAAEAV?$basic_ostream@DU?$char_traits@D@std@@@0@AEAV10@@Z 0000000140004d38     main.obj
 0002:00000d38       $unwind$??0bad_alloc@std@@QEAA@AEBV01@@Z 0000000140004d38     static_library:pattern_searcher.obj
 0002:00000d38       $unwind$??0bad_array_new_length@std@@QEAA@AEBV01@@Z 0000000140004d38     static_library:pattern_searcher.obj
 0002:00000d38       $unwind$??0exception@std@@QEAA@AEBV01@@Z 0000000140004d38     static_library:pattern_searcher.obj
 0002:00000d38       $unwind$??1?$basic_string@DU?$char_traits@D@std@@V?$allocator@D@2@@std@@QEAA@XZ 0000000140004d38     static_library:pattern_searcher.obj
 0002:00000d38       $unwind$?pre_c_initialization@@YAHXZ 0000000140004d38     MSVCRT:exe_main.obj
 0002:00000d38       $unwind$__raise_securityfailure 0000000140004d38     MSVCRT:gs_report.obj
 0002:00000d38       $unwind$??2@YAPEAX_K@Z     0000000140004d38     MSVCRT:new_scalar.obj
 0002:00000d38       $unwind$??_Gtype_info@@UEAAPEAXI@Z 0000000140004d38     MSVCRT:std_type_info_static.obj
 0002:00000d38       $unwind$__scrt_initialize_crt 0000000140004d38     MSVCRT:utility.obj
 0002:00000d38       $unwind$__scrt_initialize_onexit_tables 0000000140004d38     MSVCRT:utility.obj
 0002:00000d38       $unwind$__scrt_release_startup_lock 0000000140004d38     MSVCRT:utility.obj
 0002:00000d38       $unwind$__scrt_uninitialize_crt 0000000140004d38     MSVCRT:utility.obj
 0002:00000d38       $unwind$_onexit            0000000140004d38     MSVCRT:utility.obj
 0002:00000d40       $unwind$?function_in_main@@YAXXZ 0000000140004d40     main.obj
 0002:00000d40       $unwind$?_Xlen@?$deque@HV?$allocator@H@std@@@std@@AEBAXXZ 0000000140004d40     static_library:pattern_searcher.obj
 0002:00000d40       $unwind$__scrt_initialize_default_local_stdio_options 0000000140004d40     MSVCRT:default_local_stdio_options.obj
 0002:00000d40       $unwind$?post_pgo_initialization@@YAHXZ 0000000140004d40     MSVCRT:exe_main.obj
 0002:00000d40       $unwind$?pre_cpp_initialization@@YAXXZ 0000000140004d40     MSVCRT:exe_main.obj
 0002:00000d40       $unwind$mainCRTStartup     0000000140004d40     MSVCRT:exe_main.obj
 0002:00000d40       $unwind$__GSHandlerCheck   0000000140004d40     MSVCRT:gshandler.obj
 0002:00000d40       $unwind$__scrt_acquire_startup_lock 0000000140004d40     MSVCRT:utility.obj
 0002:00000d40       $unwind$atexit             0000000140004d40     MSVCRT:utility.obj
 0002:00000d40       $unwind$__scrt_is_managed_app 0000000140004d40     MSVCRT:utility_desktop.obj
 0002:00000d48       $unwind$main               0000000140004d48     main.obj
 0002:00000d5c       $chain$0$main              0000000140004d5c     main.obj
 0002:00000d74       $chain$1$main              0000000140004d74     main.obj
 0002:00000d84       $unwind$??1_Sentry_base@?$basic_ostream@DU?$char_traits@D@std@@@std@@QEAA@XZ 0000000140004d84     main.obj
 0002:00000d94       $cppxdata$??1_Sentry_base@?$basic_ostream@DU?$char_traits@D@std@@@std@@QEAA@XZ 0000000140004d94     main.obj
 0002:00000d99       $ip2state$??1_Sentry_base@?$basic_ostream@DU?$char_traits@D@std@@@std@@QEAA@XZ 0000000140004d99     main.obj
 0002:00000d9c       $unwind$??1sentry@?$basic_ostream@DU?$char_traits@D@std@@@std@@QEAA@XZ 0000000140004d9c     main.obj
 0002:00000dac       $cppxdata$??1sentry@?$basic_ostream@DU?$char_traits@D@std@@@std@@QEAA@XZ 0000000140004dac     main.obj
 0002:00000db5       $stateUnwindMap$??1sentry@?$basic_ostream@DU?$char_traits@D@std@@@std@@QEAA@XZ 0000000140004db5     main.obj
 0002:00000dbb       $ip2state$??1sentry@?$basic_ostream@DU?$char_traits@D@std@@@std@@QEAA@XZ 0000000140004dbb     main.obj
 0002:00000dc0       $unwind$??_Gbad_alloc@std@@UEAAPEAXI@Z 0000000140004dc0     static_library:pattern_searcher.obj
 0002:00000dc0       $unwind$??_Gbad_array_new_length@std@@UEAAPEAXI@Z 0000000140004dc0     static_library:pattern_searcher.obj
 0002:00000dc0       $unwind$??_Gexception@std@@UEAAPEAXI@Z 0000000140004dc0     static_library:pattern_searcher.obj
 0002:00000dc0       $unwind$_RTC_Initialize    0000000140004dc0     MSVCRT:initsect.obj
 0002:00000dc0       $unwind$_RTC_Terminate     0000000140004dc0     MSVCRT:initsect.obj
 0002:00000dc0       $unwind$__scrt_unhandled_exception_filter 0000000140004dc0     MSVCRT:utility_desktop.obj
 0002:00000dcc       $unwind$?_Throw_bad_array_new_length@std@@YAXXZ 0000000140004dcc     static_library:pattern_searcher.obj
 0002:00000dcc       $unwind$?__scrt_throw_std_bad_alloc@@YAXXZ 0000000140004dcc     MSVCRT:throw_bad_alloc.obj
 0002:00000dcc       $unwind$?__scrt_throw_std_bad_array_new_length@@YAXXZ 0000000140004dcc     MSVCRT:throw_bad_alloc.obj
 0002:00000dd4       $unwind$?search@pattern_searcher_t@@QEAAHXZ 0000000140004dd4     static_library:pattern_searcher.obj
 0002:00000dec       $cppxdata$?search@pattern_searcher_t@@QEAAHXZ 0000000140004dec     static_library:pattern_searcher.obj
 0002:00000df5       $stateUnwindMap$?search@pattern_searcher_t@@QEAAHXZ 0000000140004df5     static_library:pattern_searcher.obj
 0002:00000e15       $ip2state$?search@pattern_searcher_t@@QEAAHXZ 0000000140004e15     static_library:pattern_searcher.obj
 0002:00000e1c       $unwind$?dtor$4@?0??search@pattern_searcher_t@@QEAAHXZ@4HA 0000000140004e1c     static_library:pattern_searcher.obj
 0002:00000e1c       $unwind$?fin$0@?0???_M@YAXPEAX_K1P6AX0@Z@Z@4HA 0000000140004e1c     MSVCRT:ehvecdtr.obj
 0002:00000e1c       $unwind$?filt$0@?0??__scrt_common_main_seh@@YAHXZ@4HA 0000000140004e1c     MSVCRT:exe_main.obj
 0002:00000e24       $unwind$?buildMatchingMachine@pattern_searcher_t@@AEAAHQEAV?$basic_string@DU?$char_traits@D@std@@V?$allocator@D@2@@std@@H@Z 0000000140004e24     static_library:pattern_searcher.obj
 0002:00000e48       $cppxdata$?buildMatchingMachine@pattern_searcher_t@@AEAAHQEAV?$basic_string@DU?$char_traits@D@std@@V?$allocator@D@2@@std@@H@Z 0000000140004e48     static_library:pattern_searcher.obj
 0002:00000e51       $stateUnwindMap$?buildMatchingMachine@pattern_searcher_t@@AEAAHQEAV?$basic_string@DU?$char_traits@D@std@@V?$allocator@D@2@@std@@H@Z 0000000140004e51     static_library:pattern_searcher.obj
 0002:00000e5d       $ip2state$?buildMatchingMachine@pattern_searcher_t@@AEAAHQEAV?$basic_string@DU?$char_traits@D@std@@V?$allocator@D@2@@std@@H@Z 0000000140004e5d     static_library:pattern_searcher.obj
 0002:00000e68       $unwind$?searchWords@pattern_searcher_t@@AEAAXQEAV?$basic_string@DU?$char_traits@D@std@@V?$allocator@D@2@@std@@HV23@@Z 0000000140004e68     static_library:pattern_searcher.obj
 0002:00000e8c       $cppxdata$?searchWords@pattern_searcher_t@@AEAAXQEAV?$basic_string@DU?$char_traits@D@std@@V?$allocator@D@2@@std@@HV23@@Z 0000000140004e8c     static_library:pattern_searcher.obj
 0002:00000e95       $stateUnwindMap$?searchWords@pattern_searcher_t@@AEAAXQEAV?$basic_string@DU?$char_traits@D@std@@V?$allocator@D@2@@std@@HV23@@Z 0000000140004e95     static_library:pattern_searcher.obj
 0002:00000e9c       $ip2state$?searchWords@pattern_searcher_t@@AEAAXQEAV?$basic_string@DU?$char_traits@D@std@@V?$allocator@D@2@@std@@HV23@@Z 0000000140004e9c     static_library:pattern_searcher.obj
 0002:00000ea4       $unwind$??1?$deque@HV?$allocator@H@std@@@std@@QEAA@XZ 0000000140004ea4     static_library:pattern_searcher.obj
 0002:00000eb4       $unwind$?_Growmap@?$deque@HV?$allocator@H@std@@@std@@AEAAX_K@Z 0000000140004eb4     static_library:pattern_searcher.obj
 0002:00000ec0       $chain$1$?_Growmap@?$deque@HV?$allocator@H@std@@@std@@AEAAX_K@Z 0000000140004ec0     static_library:pattern_searcher.obj
 0002:00000ed8       $chain$4$?_Growmap@?$deque@HV?$allocator@H@std@@@std@@AEAAX_K@Z 0000000140004ed8     static_library:pattern_searcher.obj
 0002:00000ef4       $chain$5$?_Growmap@?$deque@HV?$allocator@H@std@@@std@@AEAAX_K@Z 0000000140004ef4     static_library:pattern_searcher.obj
 0002:00000f04       $chain$7$?_Growmap@?$deque@HV?$allocator@H@std@@@std@@AEAAX_K@Z 0000000140004f04     static_library:pattern_searcher.obj
 0002:00000f1c       $chain$8$?_Growmap@?$deque@HV?$allocator@H@std@@@std@@AEAAX_K@Z 0000000140004f1c     static_library:pattern_searcher.obj
 0002:00000f2c       $unwind$??$_Insert_string@DU?$char_traits@D@std@@_K@std@@YAAEAV?$basic_ostream@DU?$char_traits@D@std@@@0@AEAV10@QEBD_K@Z 0000000140004f2c     static_library:pattern_searcher.obj
 0002:00000f48       $cppxdata$??$_Insert_string@DU?$char_traits@D@std@@_K@std@@YAAEAV?$basic_ostream@DU?$char_traits@D@std@@@0@AEAV10@QEBD_K@Z 0000000140004f48     static_library:pattern_searcher.obj
 0002:00000f55       $tryMap$??$_Insert_string@DU?$char_traits@D@std@@_K@std@@YAAEAV?$basic_ostream@DU?$char_traits@D@std@@@0@AEAV10@QEBD_K@Z 0000000140004f55     static_library:pattern_searcher.obj
 0002:00000f5d       $handlerMap$??$_Insert_string@DU?$char_traits@D@std@@_K@std@@YAAEAV?$basic_ostream@DU?$char_traits@D@std@@@0@AEAV10@QEBD_K@Z 0000000140004f5d     static_library:pattern_searcher.obj
 0002:00000f66       $ip2state$??$_Insert_string@DU?$char_traits@D@std@@_K@std@@YAAEAV?$basic_ostream@DU?$char_traits@D@std@@@0@AEAV10@QEBD_K@Z 0000000140004f66     static_library:pattern_searcher.obj
 0002:00000f78       $unwind$__GSHandlerCheckCommon 0000000140004f78     MSVCRT:gshandler.obj
 0002:00000f80       $xdatasym                  0000000140004f80     MSVCRT:chkstk.obj
 0002:00000f88       $xdatasym                  0000000140004f88     MSVCRT:amdsecgs.obj
 0002:00000f8c       $unwind$?__scrt_common_main_seh@@YAHXZ 0000000140004f8c     MSVCRT:exe_main.obj
 0002:00000fc4       $unwind$??_M@YAXPEAX_K1P6AX0@Z@Z 0000000140004fc4     MSVCRT:ehvecdtr.obj
 0002:00000fec       $unwind$?__ArrayUnwind@@YAXPEAX_K1P6AX0@Z@Z 0000000140004fec     MSVCRT:ehvecdtr.obj
 0002:00001018       $unwind$?filt$0@?0??__ArrayUnwind@@YAXPEAX_K1P6AX0@Z@Z@4HA 0000000140005018     MSVCRT:ehvecdtr.obj
 0002:00001024       $unwind$__GSHandlerCheck_EH4 0000000140005024     MSVCRT:gshandlereh4.obj
 0002:0000103c       $unwind$__report_gsfailure 000000014000503c     MSVCRT:gs_report.obj
 0002:00001044       $unwind$capture_previous_context 0000000140005044     MSVCRT:gs_report.obj
 0002:00001050       $unwind$__scrt_is_nonwritable_in_current_image 0000000140005050     MSVCRT:utility.obj
 0002:00001070       $unwind$__scrt_is_nonwritable_in_current_image$filt$0 0000000140005070     MSVCRT:utility.obj
 0002:00001078       $unwind$__security_init_cookie 0000000140005078     MSVCRT:gs_support.obj
 0002:00001084       $unwind$__scrt_fastfail    0000000140005084     MSVCRT:utility_desktop.obj
 0002:00001094       $unwind$__isa_available_init 0000000140005094     MSVCRT:cpu_disp.obj
 0002:000010a8       $xdatasym                  00000001400050a8     MSVCRT:guard_dispatch.obj
 0002:000010b0       $xdatasym                  00000001400050b0     MSVCRT:guard_xfg_dispatch.obj
 0002:000011b0       .edata                     00000001400051b0     test_project.exp
 0002:000011d8       rgpv                       00000001400051d8     test_project.exp
 0002:000011e4       rgszName                   00000001400051e4     test_project.exp
 0002:000011f0       rgwOrd                     00000001400051f0     test_project.exp
 0002:000011f6       szName                     00000001400051f6     test_project.exp
 0002:00001207       $N00001                    0000000140005207     test_project.exp
 0002:00001220       $N00002                    0000000140005220     test_project.exp
 0002:00001246       $N00003                    0000000140005246     test_project.exp
 0002:00001632       .idata$6                   0000000140005632     dynamic_library:dynamic_library.dll
 0002:0000196a       .idata$6                   000000014000596a     msvcprt:MSVCP140.dll
 0002:00001a48       .idata$6                   0000000140005a48     vcruntime:VCRUNTIME140.dll
 0002:00001a5a       .idata$6                   0000000140005a5a     vcruntime:VCRUNTIME140_1.dll
 0002:00001c9a       .idata$6                   0000000140005c9a     ucrt:api-ms-win-crt-stdio-l1-1-0.dll
 0002:00001cba       .idata$6                   0000000140005cba     ucrt:api-ms-win-crt-string-l1-1-0.dll
 0002:00001cdc       .idata$6                   0000000140005cdc     ucrt:api-ms-win-crt-runtime-l1-1-0.dll
 0002:00001cfe       .idata$6                   0000000140005cfe     ucrt:api-ms-win-crt-math-l1-1-0.dll
 0002:00001d1e       .idata$6                   0000000140005d1e     ucrt:api-ms-win-crt-locale-l1-1-0.dll
 0002:00001d40       .idata$6                   0000000140005d40     ucrt:api-ms-win-crt-heap-l1-1-0.dll
 0002:00001ebe       .idata$6                   0000000140005ebe     kernel32:KERNEL32.dll
 0003:000000f0       GS_ExceptionRecord         00000001400060f0     MSVCRT:gs_report.obj
 0003:00000190       GS_ContextRecord           0000000140006190     MSVCRT:gs_report.obj
 0003:00000670       ?is_initialized_as_dll@@3_NA 0000000140006670     MSVCRT:utility.obj
 0003:00000671       ?module_local_atexit_table_initialized@@3_NA 0000000140006671     MSVCRT:utility.obj
 0003:00000678       ?module_local_atexit_table@@3U_onexit_table_t@@A 0000000140006678     MSVCRT:utility.obj
 0003:00000690       ?module_local_at_quick_exit_table@@3U_onexit_table_t@@A 0000000140006690     MSVCRT:utility.obj
 0005:00000060       $R000000                   0000000140008060     * linker generated manifest res *
